Archive member included because of file (symbol)

C:/Users/Jimmy/Google Drive/School/Courses/Lab2/msp430_MSP-EXP430G2553LP_LiquidCrystal/Debug\libmsp430_MSP-EXP430G2553LP_LiquidCrystal.a(LiquidCrystal.o)
                              ./HelloWorld.o (LiquidCrystal::display())
C:/Users/Jimmy/Google Drive/School/Courses/Lab2/msp430_MSP-EXP430G2553LP_core/Debug\libmsp430_MSP-EXP430G2553LP_core.a(wiring.o)
                              C:/Users/Jimmy/Google Drive/School/Courses/Lab2/msp430_MSP-EXP430G2553LP_LiquidCrystal/Debug\libmsp430_MSP-EXP430G2553LP_LiquidCrystal.a(LiquidCrystal.o) (delayMicroseconds)
C:/Users/Jimmy/Google Drive/School/Courses/Lab2/msp430_MSP-EXP430G2553LP_core/Debug\libmsp430_MSP-EXP430G2553LP_core.a(wiring_digital.o)
                              C:/Users/Jimmy/Google Drive/School/Courses/Lab2/msp430_MSP-EXP430G2553LP_LiquidCrystal/Debug\libmsp430_MSP-EXP430G2553LP_LiquidCrystal.a(LiquidCrystal.o) (pinMode)
C:/Users/Jimmy/Google Drive/School/Courses/Lab2/msp430_MSP-EXP430G2553LP_core/Debug\libmsp430_MSP-EXP430G2553LP_core.a(main.o)
                              (main)
C:/Users/Jimmy/Google Drive/School/Courses/Lab2/msp430_MSP-EXP430G2553LP_core/Debug\libmsp430_MSP-EXP430G2553LP_core.a(Print.o)
                              C:/Users/Jimmy/Google Drive/School/Courses/Lab2/msp430_MSP-EXP430G2553LP_LiquidCrystal/Debug\libmsp430_MSP-EXP430G2553LP_LiquidCrystal.a(LiquidCrystal.o) (Print::write(unsigned char const*, unsigned int))
C:/Users/Jimmy/Google Drive/School/Courses/Lab2/msp430_MSP-EXP430G2553LP_core/Debug\libmsp430_MSP-EXP430G2553LP_core.a(WString.o)
                              C:/Users/Jimmy/Google Drive/School/Courses/Lab2/msp430_MSP-EXP430G2553LP_core/Debug\libmsp430_MSP-EXP430G2553LP_core.a(Print.o) (String::operator[](unsigned int) const)
C:/Users/Jimmy/Google Drive/School/Courses/Lab2/msp430_MSP-EXP430G2553LP_core/Debug\libmsp430_MSP-EXP430G2553LP_core.a(atof.o)
                              C:/Users/Jimmy/Google Drive/School/Courses/Lab2/msp430_MSP-EXP430G2553LP_core/Debug\libmsp430_MSP-EXP430G2553LP_core.a(WString.o) (atof)
C:/Users/Jimmy/Google Drive/School/Courses/Lab2/msp430_MSP-EXP430G2553LP_core/Debug\libmsp430_MSP-EXP430G2553LP_core.a(dtostrf.o)
                              C:/Users/Jimmy/Google Drive/School/Courses/Lab2/msp430_MSP-EXP430G2553LP_core/Debug\libmsp430_MSP-EXP430G2553LP_core.a(WString.o) (dtostrf)
C:/Users/Jimmy/Google Drive/School/Courses/Lab2/msp430_MSP-EXP430G2553LP_core/Debug\libmsp430_MSP-EXP430G2553LP_core.a(itoa.o)
                              C:/Users/Jimmy/Google Drive/School/Courses/Lab2/msp430_MSP-EXP430G2553LP_core/Debug\libmsp430_MSP-EXP430G2553LP_core.a(WString.o) (ltoa)
C:/Users/Jimmy/Google Drive/School/Courses/Lab2/msp430_MSP-EXP430G2553LP_core/Debug\libmsp430_MSP-EXP430G2553LP_core.a(new.o)
                              C:/Users/Jimmy/Google Drive/School/Courses/Lab2/msp430_MSP-EXP430G2553LP_core/Debug\libmsp430_MSP-EXP430G2553LP_core.a(Print.o) (__cxa_pure_virtual)
c:/energia-1.6.10e18/hardware/tools/msp430/bin/../lib/gcc/msp430/4.6.3/../../../../msp430/lib\libm.a(ef_pow.o)
                              C:/Users/Jimmy/Google Drive/School/Courses/Lab2/msp430_MSP-EXP430G2553LP_core/Debug\libmsp430_MSP-EXP430G2553LP_core.a(dtostrf.o) (powf)
c:/energia-1.6.10e18/hardware/tools/msp430/bin/../lib/gcc/msp430/4.6.3/../../../../msp430/lib\libm.a(sf_scalbn.o)
                              c:/energia-1.6.10e18/hardware/tools/msp430/bin/../lib/gcc/msp430/4.6.3/../../../../msp430/lib\libm.a(ef_pow.o) (scalbnf)
c:/energia-1.6.10e18/hardware/tools/msp430/bin/../lib/gcc/msp430/4.6.3/../../../../msp430/lib\libm.a(ef_sqrt.o)
                              c:/energia-1.6.10e18/hardware/tools/msp430/bin/../lib/gcc/msp430/4.6.3/../../../../msp430/lib\libm.a(ef_pow.o) (__ieee754_sqrtf)
c:/energia-1.6.10e18/hardware/tools/msp430/bin/../lib/gcc/msp430/4.6.3\libgcc.a(_mulqi3.o)
                              C:/Users/Jimmy/Google Drive/School/Courses/Lab2/msp430_MSP-EXP430G2553LP_core/Debug\libmsp430_MSP-EXP430G2553LP_core.a(Print.o) (__mulqi3)
c:/energia-1.6.10e18/hardware/tools/msp430/bin/../lib/gcc/msp430/4.6.3\libgcc.a(_mulhi3.o)
                              C:/Users/Jimmy/Google Drive/School/Courses/Lab2/msp430_MSP-EXP430G2553LP_core/Debug\libmsp430_MSP-EXP430G2553LP_core.a(wiring.o) (__mulhi3)
c:/energia-1.6.10e18/hardware/tools/msp430/bin/../lib/gcc/msp430/4.6.3\libgcc.a(_mulsi3.o)
                              C:/Users/Jimmy/Google Drive/School/Courses/Lab2/msp430_MSP-EXP430G2553LP_core/Debug\libmsp430_MSP-EXP430G2553LP_core.a(wiring.o) (__mulsi3)
c:/energia-1.6.10e18/hardware/tools/msp430/bin/../lib/gcc/msp430/4.6.3\libgcc.a(_udivmod16.o)
                              C:/Users/Jimmy/Google Drive/School/Courses/Lab2/msp430_MSP-EXP430G2553LP_core/Debug\libmsp430_MSP-EXP430G2553LP_core.a(wiring.o) (__udivhi3)
c:/energia-1.6.10e18/hardware/tools/msp430/bin/../lib/gcc/msp430/4.6.3\libgcc.a(_udivmod32.o)
[...]
Memory Configuration

Name             Origin             Length             Attributes
sfr              0x00000000         0x00000010
peripheral_8bit  0x00000010         0x000000f0
peripheral_16bit 0x00000100         0x00000100
ram              0x00000200         0x00000200         xw
infomem          0x00001000         0x00000100
infod            0x00001000         0x00000040
infoc            0x00001040         0x00000040
infob            0x00001080         0x00000040
infoa            0x000010c0         0x00000040
rom              0x0000c000         0x00003fe0         xr
vectors          0x0000ffe0         0x00000020
bsl              0x00000000         0x00000000
ram2             0x00000000         0x00000000         xw
ram_mirror       0x00000000         0x00000000         xw
signature        0x00000000         0x00000000
tinyram          0x00000000         0x00000000         xw
usbram           0x00000000         0x00000000         xw
far_rom          0x00000000         0x00000000
*default*        0x00000000         0xffffffff

Linker script and memory map

LOAD c:/energia-1.6.10e18/hardware/tools/msp430/bin/../lib/gcc/msp430/4.6.3/crt0ivtbl16.o
LOAD ./HelloWorld.o
START GROUP
LOAD C:/Users/Jimmy/Google Drive/School/Courses/Lab2/msp430_MSP-EXP430G2553LP_LiquidCrystal/Debug\libmsp430_MSP-EXP430G2553LP_LiquidCrystal.a
LOAD C:/Users/Jimmy/Google Drive/School/Courses/Lab2/msp430_MSP-EXP430G2553LP_core/Debug\libmsp430_MSP-EXP430G2553LP_core.a
LOAD c:/energia-1.6.10e18/hardware/tools/msp430/bin/../lib/gcc/msp430/4.6.3/../../../../msp430/lib\libm.a
END GROUP
LOAD c:/energia-1.6.10e18/hardware/tools/msp430/bin/../lib/gcc/msp430/4.6.3\libgcc.a
LOAD c:/energia-1.6.10e18/hardware/tools/msp430/bin/../lib/gcc/msp430/4.6.3/../../../../msp430/lib\libc.a
LOAD c:/energia-1.6.10e18/hardware/tools/msp430/bin/../lib/gcc/msp430/4.6.3\libgcc.a
LOAD c:/energia-1.6.10e18/hardware/tools/msp430/bin/../lib/gcc/msp430/4.6.3\libcrt0.a
                0x00000040                PROVIDE (__info_segment_size, 0x40)
                0x00001000                PROVIDE (__infod, 0x1000)
                0x00001040                PROVIDE (__infoc, 0x1040)
                0x00001080                PROVIDE (__infob, 0x1080)
                0x000010c0                PROVIDE (__infoa, 0x10c0)
                0x00000000                __IE1 = 0x0
                0x00000002                __IFG1 = 0x2
                0x00000001                __IE2 = 0x1
                0x00000003                __IFG2 = 0x3
                0x00000048                __ADC10DTC0 = 0x48
                0x00000049                __ADC10DTC1 = 0x49
                0x0000004a                __ADC10AE0 = 0x4a
                0x000001b0                __ADC10CTL0 = 0x1b0
                0x000001b2                __ADC10CTL1 = 0x1b2
                0x000001b4                __ADC10MEM = 0x1b4
                0x000001bc                __ADC10SA = 0x1bc
                0x00000056                __DCOCTL = 0x56
                0x00000057                __BCSCTL1 = 0x57
                0x00000058                __BCSCTL2 = 0x58
                0x00000053                __BCSCTL3 = 0x53
                0x00000059                __CACTL1 = 0x59
                0x0000005a                __CACTL2 = 0x5a
                0x0000005b                __CAPD = 0x5b
                0x00000128                __FCTL1 = 0x128
                0x0000012a                __FCTL2 = 0x12a
                0x0000012c                __FCTL3 = 0x12c
                0x00000020                __P1IN = 0x20
                0x00000021                __P1OUT = 0x21
                0x00000022                __P1DIR = 0x22
                0x00000023                __P1IFG = 0x23
                0x00000024                __P1IES = 0x24
                0x00000025                __P1IE = 0x25
                0x00000026                __P1SEL = 0x26
                0x00000041                __P1SEL2 = 0x41
                0x00000027                __P1REN = 0x27
                0x00000028                __P2IN = 0x28
                0x00000029                __P2OUT = 0x29
                0x0000002a                __P2DIR = 0x2a
                0x0000002b                __P2IFG = 0x2b
                0x0000002c                __P2IES = 0x2c
                0x0000002d                __P2IE = 0x2d
                0x0000002e                __P2SEL = 0x2e
                0x00000042                __P2SEL2 = 0x42
                0x0000002f                __P2REN = 0x2f
                0x00000018                __P3IN = 0x18
                0x00000019                __P3OUT = 0x19
                0x0000001a                __P3DIR = 0x1a
                0x0000001b                __P3SEL = 0x1b
                0x00000043                __P3SEL2 = 0x43
                0x00000010                __P3REN = 0x10
                0x0000012e                __TA0IV = 0x12e
                0x00000160                __TA0CTL = 0x160
                0x00000162                __TA0CCTL0 = 0x162
                0x00000164                __TA0CCTL1 = 0x164
                0x00000166                __TA0CCTL2 = 0x166
                0x00000170                __TA0R = 0x170
                0x00000172                __TA0CCR0 = 0x172
                0x00000174                __TA0CCR1 = 0x174
                0x00000176                __TA0CCR2 = 0x176
                0x0000011e                __TA1IV = 0x11e
                0x00000180                __TA1CTL = 0x180
                0x00000182                __TA1CCTL0 = 0x182
                0x00000184                __TA1CCTL1 = 0x184
                0x00000186                __TA1CCTL2 = 0x186
                0x00000190                __TA1R = 0x190
                0x00000192                __TA1CCR0 = 0x192
                0x00000194                __TA1CCR1 = 0x194
                0x00000196                __TA1CCR2 = 0x196
                0x00000060                __UCA0CTL0 = 0x60
                0x00000061                __UCA0CTL1 = 0x61
                0x00000062                __UCA0BR0 = 0x62
                0x00000063                __UCA0BR1 = 0x63
                0x00000064                __UCA0MCTL = 0x64
                0x00000065                __UCA0STAT = 0x65
                0x00000066                __UCA0RXBUF = 0x66
                0x00000067                __UCA0TXBUF = 0x67
                0x0000005d                __UCA0ABCTL = 0x5d
                0x0000005e                __UCA0IRTCTL = 0x5e
                0x0000005f                __UCA0IRRCTL = 0x5f
                0x00000068                __UCB0CTL0 = 0x68
                0x00000069                __UCB0CTL1 = 0x69
                0x0000006a                __UCB0BR0 = 0x6a
                0x0000006b                __UCB0BR1 = 0x6b
                0x0000006c                __UCB0I2CIE = 0x6c
                0x0000006d                __UCB0STAT = 0x6d
                0x0000006e                __UCB0RXBUF = 0x6e
                0x0000006f                __UCB0TXBUF = 0x6f
                0x00000118                __UCB0I2COA = 0x118
                0x0000011a                __UCB0I2CSA = 0x11a
                0x00000120                __WDTCTL = 0x120
                0x000010f8                __CALDCO_16MHZ = 0x10f8
                0x000010f9                __CALBC1_16MHZ = 0x10f9
                0x000010fa                __CALDCO_12MHZ = 0x10fa
                0x000010fb                __CALBC1_12MHZ = 0x10fb
                0x000010fc                __CALDCO_8MHZ = 0x10fc
                0x000010fd                __CALBC1_8MHZ = 0x10fd
                0x000010fe                __CALDCO_1MHZ = 0x10fe
                0x000010ff                __CALBC1_1MHZ = 0x10ff
                0x000010c0                __TLV_CHECKSUM = 0x10c0
                0x000010f6                __TLV_DCO_30_TAG = 0x10f6
                0x000010f7                __TLV_DCO_30_LEN = 0x10f7
                0x000010da                __TLV_ADC10_1_TAG = 0x10da
                0x000010db                __TLV_ADC10_1_LEN = 0x10db

.hash
 *(.hash)

.dynsym
 *(.dynsym)

.dynstr
 *(.dynstr)

.gnu.version
 *(.gnu.version)

.gnu.version_d
 *(.gnu.version_d)

.gnu.version_r
 *(.gnu.version_r)

.rel.init
 *(.rel.init)

.rela.init
 *(.rela.init)

.rel.fini
 *(.rel.fini)

.rela.fini
 *(.rela.fini)

.rel.text
 *(.rel.text .rel.text.* .rel.gnu.linkonce.t.*)

.rela.text
 *(.rela.text .rela.text.* .rela.gnu.linkonce.t.*)

.rel.rodata
 *(.rel.rodata .rel.rodata.* .rel.gnu.linkonce.r.*)

.rela.rodata
 *(.rela.rodata .rela.rodata.* .rela.gnu.linkonce.r.*)

.rel.data
 *(.rel.data .rel.data.* .rel.gnu.linkonce.d.*)

.rela.data
 *(.rela.data .rela.data.* .rela.gnu.linkonce.d.*)

.rel.bss
 *(.rel.bss .rel.bss.* .rel.gnu.linkonce.b.*)

.rela.bss
 *(.rela.bss .rela.bss.* .rela.gnu.linkonce.b.*)

.rel.ctors
 *(.rel.ctors)

.rela.ctors
 *(.rela.ctors)

.rel.dtors
 *(.rel.dtors)

.rela.dtors
 *(.rela.dtors)

.rel.got
 *(.rel.got)

.rela.got
 *(.rela.got)

.rel.plt
 *(.rel.plt)

.rela.plt
 *(.rela.plt)

.text           0x0000c000      0x68e
                0x0000c000                . = ALIGN (0x2)
 *(.init .init.*)
 *(.init0)
 .init0         0x0000c000        0x0 c:/energia-1.6.10e18/hardware/tools/msp430/bin/../lib/gcc/msp430/4.6.3\libcrt0.a(_reset_vector__.o)
                0x0000c000                _reset_vector__
 *(.init1)
 .init1         0x0000c000        0xc c:/energia-1.6.10e18/hardware/tools/msp430/bin/../lib/gcc/msp430/4.6.3\libcrt0.a(__watchdog_support.o)
                0x0000c000                __watchdog_support
 *(.init2)
 .init2         0x0000c00c        0x4 c:/energia-1.6.10e18/hardware/tools/msp430/bin/../lib/gcc/msp430/4.6.3\libcrt0.a(__init_stack.o)
                0x0000c00c                __init_stack
 *(.init3)
 .init3         0x0000c010        0x0 c:/energia-1.6.10e18/hardware/tools/msp430/bin/../lib/gcc/msp430/4.6.3\libcrt0.a(__low_level_init.o)
                0x0000c010                __low_level_init
 *(.init4)
 .init4         0x0000c010       0x18 c:/energia-1.6.10e18/hardware/tools/msp430/bin/../lib/gcc/msp430/4.6.3\libcrt0.a(_copy_data.o)
                0x0000c010                __do_copy_data
 .init4         0x0000c028       0x16 c:/energia-1.6.10e18/hardware/tools/msp430/bin/../lib/gcc/msp430/4.6.3\libcrt0.a(_clear_bss.o)
                0x0000c028                __do_clear_bss
 *(.init5)
 *(.init6)
 .init6         0x0000c03e       0x14 c:/energia-1.6.10e18/hardware/tools/msp430/bin/../lib/gcc/msp430/4.6.3\libcrt0.a(_ctors430.o)
                0x0000c03e                __do_global_ctors
 *(.init7)
 *(.init8)
 *(.init9)
 .init9         0x0000c052       0x1a C:/Users/Jimmy/Google Drive/School/Courses/Lab2/msp430_MSP-EXP430G2553LP_core/Debug\libmsp430_MSP-EXP430G2553LP_core.a(main.o)
                0x0000c052                main
 *(.fini9)
 .fini9         0x0000c06c        0x0 c:/energia-1.6.10e18/hardware/tools/msp430/bin/../lib/gcc/msp430/4.6.3\libcrt0.a(__stop_progExec__.o)
                0x0000c06c                __stop_progExec__
 *(.fini8)
 *(.fini7)
 *(.fini6)
 *(.fini5)
 *(.fini4)
 *(.fini3)
 *(.fini2)
 *(.fini1)
 *(.fini0)
 .fini0         0x0000c06c        0x6 c:/energia-1.6.10e18/hardware/tools/msp430/bin/../lib/gcc/msp430/4.6.3\libcrt0.a(_endless_loop__.o)
                0x0000c06c                _endless_loop__
 *(.fini .fini.*)
                0x0000c072                . = ALIGN (0x2)
                0x0000c072                __ctors_start = .
 *(.ctors)
 .ctors         0x0000c072        0x2 ./HelloWorld.o
                0x0000c074                __ctors_end = .
                0x0000c074                __dtors_start = .
 *(.dtors)
                0x0000c074                __dtors_end = .
                0x0000c074                . = ALIGN (0x2)
 *(.text .text.* .gnu.linkonce.t.*)
 .text          0x0000c074        0x4 c:/energia-1.6.10e18/hardware/tools/msp430/bin/../lib/gcc/msp430/4.6.3/crt0ivtbl16.o
                0x0000c074                __isr_14
                0x0000c074                __isr_4
                0x0000c074                __isr_11
                0x0000c074                __isr_5
                0x0000c074                __isr_2
                0x0000c074                __isr_7
                0x0000c074                __isr_0
                0x0000c074                __isr_8
                0x0000c074                __isr_3
                0x0000c074                __isr_12
                0x0000c074                __isr_13
                0x0000c074                __isr_9
                0x0000c074                __isr_6
                0x0000c074                __isr_1
 .text.setup    0x0000c078       0x1e ./HelloWorld.o
                0x0000c078                setup
 .text.loop     0x0000c096       0x26 ./HelloWorld.o
                0x0000c096                loop
 .text.startup._GLOBAL__sub_I_lcd
                0x0000c0bc       0x24 ./HelloWorld.o
 .text._ZN13LiquidCrystal4initEhhhhhhhhhhhh
                0x0000c0e0       0x80 C:/Users/Jimmy/Google Drive/School/Courses/Lab2/msp430_MSP-EXP430G2553LP_LiquidCrystal/Debug\libmsp430_MSP-EXP430G2553LP_LiquidCrystal.a(LiquidCrystal.o)
                0x0000c0e0                LiquidCrystal::init(unsigned char, unsigned char, unsigned char, unsigned char, unsigned char, unsigned char, unsigned char, unsigned char, unsigned char, unsigned char, unsigned char, unsigned char)
 .text._ZN13LiquidCrystalC2Ehhhhhh
                0x0000c160       0x36 C:/Users/Jimmy/Google Drive/School/Courses/Lab2/msp430_MSP-EXP430G2553LP_LiquidCrystal/Debug\libmsp430_MSP-EXP430G2553LP_LiquidCrystal.a(LiquidCrystal.o)
                0x0000c160                LiquidCrystal::LiquidCrystal(unsigned char, unsigned char, unsigned char, unsigned char, unsigned char, unsigned char)
                0x0000c160                LiquidCrystal::LiquidCrystal(unsigned char, unsigned char, unsigned char, unsigned char, unsigned char, unsigned char)
 .text._ZN13LiquidCrystal11pulseEnableEv
                0x0000c196       0x3a C:/Users/Jimmy/Google Drive/School/Courses/Lab2/msp430_MSP-EXP430G2553LP_LiquidCrystal/Debug\libmsp430_MSP-EXP430G2553LP_LiquidCrystal.a(LiquidCrystal.o)
                0x0000c196                LiquidCrystal::pulseEnable()
 .text._ZN13LiquidCrystal10write4bitsEh
                0x0000c1d0       0x4a C:/Users/Jimmy/Google Drive/School/Courses/Lab2/msp430_MSP-EXP430G2553LP_LiquidCrystal/Debug\libmsp430_MSP-EXP430G2553LP_LiquidCrystal.a(LiquidCrystal.o)
                0x0000c1d0                LiquidCrystal::write4bits(unsigned char)
 .text._ZN13LiquidCrystal10write8bitsEh
                0x0000c21a       0x4a C:/Users/Jimmy/Google Drive/School/Courses/Lab2/msp430_MSP-EXP430G2553LP_LiquidCrystal/Debug\libmsp430_MSP-EXP430G2553LP_LiquidCrystal.a(LiquidCrystal.o)
                0x0000c21a                LiquidCrystal::write8bits(unsigned char)
 .text._ZN13LiquidCrystal4sendEhh
                0x0000c264       0x58 C:/Users/Jimmy/Google Drive/School/Courses/Lab2/msp430_MSP-EXP430G2553LP_LiquidCrystal/Debug\libmsp430_MSP-EXP430G2553LP_LiquidCrystal.a(LiquidCrystal.o)
                0x0000c264                LiquidCrystal::send(unsigned char, unsigned char)
 .text._ZN13LiquidCrystal5writeEh
                0x0000c2bc        0xa C:/Users/Jimmy/Google Drive/School/Courses/Lab2/msp430_MSP-EXP430G2553LP_LiquidCrystal/Debug\libmsp430_MSP-EXP430G2553LP_LiquidCrystal.a(LiquidCrystal.o)
                0x0000c2bc                LiquidCrystal::write(unsigned char)
 .text._ZN13LiquidCrystal7displayEv
                0x0000c2c6       0x14 C:/Users/Jimmy/Google Drive/School/Courses/Lab2/msp430_MSP-EXP430G2553LP_LiquidCrystal/Debug\libmsp430_MSP-EXP430G2553LP_LiquidCrystal.a(LiquidCrystal.o)
                0x0000c2c6                LiquidCrystal::display()
 .text._ZN13LiquidCrystal9noDisplayEv
                0x0000c2da       0x16 C:/Users/Jimmy/Google Drive/School/Courses/Lab2/msp430_MSP-EXP430G2553LP_LiquidCrystal/Debug\libmsp430_MSP-EXP430G2553LP_LiquidCrystal.a(LiquidCrystal.o)
                0x0000c2da                LiquidCrystal::noDisplay()
 .text._ZN13LiquidCrystal5clearEv
                0x0000c2f0       0x12 C:/Users/Jimmy/Google Drive/School/Courses/Lab2/msp430_MSP-EXP430G2553LP_LiquidCrystal/Debug\libmsp430_MSP-EXP430G2553LP_LiquidCrystal.a(LiquidCrystal.o)
                0x0000c2f0                LiquidCrystal::clear()
 .text._ZN13LiquidCrystal5beginEhhh
                0x0000c302      0x106 C:/Users/Jimmy/Google Drive/School/Courses/Lab2/msp430_MSP-EXP430G2553LP_LiquidCrystal/Debug\libmsp430_MSP-EXP430G2553LP_LiquidCrystal.a(LiquidCrystal.o)
                0x0000c302                LiquidCrystal::begin(unsigned char, unsigned char, unsigned char)
 .text.enableXtal
                0x0000c408       0x42 C:/Users/Jimmy/Google Drive/School/Courses/Lab2/msp430_MSP-EXP430G2553LP_core/Debug\libmsp430_MSP-EXP430G2553LP_core.a(wiring.o)
                0x0000c408                enableXtal
 .text.enableWatchDogIntervalMode
                0x0000c44a        0xc C:/Users/Jimmy/Google Drive/School/Courses/Lab2/msp430_MSP-EXP430G2553LP_core/Debug\libmsp430_MSP-EXP430G2553LP_core.a(wiring.o)
                0x0000c44a                enableWatchDogIntervalMode
 .text.initClocks
                0x0000c456       0x1c C:/Users/Jimmy/Google Drive/School/Courses/Lab2/msp430_MSP-EXP430G2553LP_core/Debug\libmsp430_MSP-EXP430G2553LP_core.a(wiring.o)
                0x0000c456                initClocks
 .text.init     0x0000c472       0x12 C:/Users/Jimmy/Google Drive/School/Courses/Lab2/msp430_MSP-EXP430G2553LP_core/Debug\libmsp430_MSP-EXP430G2553LP_core.a(wiring.o)
                0x0000c472                init
 .text.micros   0x0000c484       0x24 C:/Users/Jimmy/Google Drive/School/Courses/Lab2/msp430_MSP-EXP430G2553LP_core/Debug\libmsp430_MSP-EXP430G2553LP_core.a(wiring.o)
                0x0000c484                micros
 .text.delayMicroseconds
                0x0000c4a8       0x12 C:/Users/Jimmy/Google Drive/School/Courses/Lab2/msp430_MSP-EXP430G2553LP_core/Debug\libmsp430_MSP-EXP430G2553LP_core.a(wiring.o)
                0x0000c4a8                delayMicroseconds
 .text.delay    0x0000c4ba       0x48 C:/Users/Jimmy/Google Drive/School/Courses/Lab2/msp430_MSP-EXP430G2553LP_core/Debug\libmsp430_MSP-EXP430G2553LP_core.a(wiring.o)
                0x0000c4ba                delay
 .text.watchdog_isr
                0x0000c502       0x82 C:/Users/Jimmy/Google Drive/School/Courses/Lab2/msp430_MSP-EXP430G2553LP_core/Debug\libmsp430_MSP-EXP430G2553LP_core.a(wiring.o)
                0x0000c502                __isr_10
                0x0000c502                watchdog_isr
 .text.pinMode  0x0000c584       0x7a C:/Users/Jimmy/Google Drive/School/Courses/Lab2/msp430_MSP-EXP430G2553LP_core/Debug\libmsp430_MSP-EXP430G2553LP_core.a(wiring_digital.o)
                0x0000c584                pinMode
 .text.digitalWrite
                0x0000c5fe       0x4a C:/Users/Jimmy/Google Drive/School/Courses/Lab2/msp430_MSP-EXP430G2553LP_core/Debug\libmsp430_MSP-EXP430G2553LP_core.a(wiring_digital.o)
                0x0000c5fe                digitalWrite
 .text._ZN5Print5writeEPKhj
                0x0000c648       0x2e C:/Users/Jimmy/Google Drive/School/Courses/Lab2/msp430_MSP-EXP430G2553LP_core/Debug\libmsp430_MSP-EXP430G2553LP_core.a(Print.o)
                0x0000c648                Print::write(unsigned char const*, unsigned int)
 .text._ZN5Print5printEPKc
                0x0000c676       0x16 C:/Users/Jimmy/Google Drive/School/Courses/Lab2/msp430_MSP-EXP430G2553LP_core/Debug\libmsp430_MSP-EXP430G2553LP_core.a(Print.o)
                0x0000c676                Print::print(char const*)
 .text.crt0     0x0000c68c        0x2 c:/energia-1.6.10e18/hardware/tools/msp430/bin/../lib/gcc/msp430/4.6.3\libcrt0.a(_unexpected_.o)
                0x0000c68c                _unexpected_
                0x0000c68e                . = ALIGN (0x2)

.rodata         0x0000c68e       0x68
                0x0000c68e                . = ALIGN (0x2)
 *(.rodata .rodata.* .gnu.linkonce.r.*)
 .rodata.setup  0x0000c68e        0xe ./HelloWorld.o
 .rodata._ZTV13LiquidCrystal
                0x0000c69c        0x8 C:/Users/Jimmy/Google Drive/School/Courses/Lab2/msp430_MSP-EXP430G2553LP_LiquidCrystal/Debug\libmsp430_MSP-EXP430G2553LP_LiquidCrystal.a(LiquidCrystal.o)
                0x0000c69c                vtable for LiquidCrystal
 .rodata.digital_pin_to_bit_mask
                0x0000c6a4       0x15 C:/Users/Jimmy/Google Drive/School/Courses/Lab2/msp430_MSP-EXP430G2553LP_core/Debug\libmsp430_MSP-EXP430G2553LP_core.a(wiring_digital.o)
                0x0000c6a4                digital_pin_to_bit_mask
 .rodata.digital_pin_to_port
                0x0000c6b9       0x15 C:/Users/Jimmy/Google Drive/School/Courses/Lab2/msp430_MSP-EXP430G2553LP_core/Debug\libmsp430_MSP-EXP430G2553LP_core.a(wiring_digital.o)
                0x0000c6b9                digital_pin_to_port
 .rodata.port_to_sel2
                0x0000c6ce        0x8 C:/Users/Jimmy/Google Drive/School/Courses/Lab2/msp430_MSP-EXP430G2553LP_core/Debug\libmsp430_MSP-EXP430G2553LP_core.a(wiring_digital.o)
                0x0000c6ce                port_to_sel2
 .rodata.port_to_sel0
                0x0000c6d6        0x8 C:/Users/Jimmy/Google Drive/School/Courses/Lab2/msp430_MSP-EXP430G2553LP_core/Debug\libmsp430_MSP-EXP430G2553LP_core.a(wiring_digital.o)
                0x0000c6d6                port_to_sel0
 .rodata.port_to_ren
                0x0000c6de        0x8 C:/Users/Jimmy/Google Drive/School/Courses/Lab2/msp430_MSP-EXP430G2553LP_core/Debug\libmsp430_MSP-EXP430G2553LP_core.a(wiring_digital.o)
                0x0000c6de                port_to_ren
 .rodata.port_to_dir
                0x0000c6e6        0x8 C:/Users/Jimmy/Google Drive/School/Courses/Lab2/msp430_MSP-EXP430G2553LP_core/Debug\libmsp430_MSP-EXP430G2553LP_core.a(wiring_digital.o)
                0x0000c6e6                port_to_dir
 .rodata.port_to_output
                0x0000c6ee        0x8 C:/Users/Jimmy/Google Drive/School/Courses/Lab2/msp430_MSP-EXP430G2553LP_core/Debug\libmsp430_MSP-EXP430G2553LP_core.a(wiring_digital.o)
                0x0000c6ee                port_to_output
                0x0000c6f6                . = ALIGN (0x2)
                0x0000c6f6                _etext = .

.data           0x00000200        0x0 load address 0x0000c6f6
                0x00000200                . = ALIGN (0x2)
                0x00000200                PROVIDE (__data_start, .)
 *(.data .data.* .gnu.linkonce.d.*)
                0x00000200                . = ALIGN (0x2)
                0x00000200                _edata = .
                0x0000c6f6                PROVIDE (__data_load_start, LOADADDR (.data))
                0x00000000                PROVIDE (__data_size, SIZEOF (.data))

.bss            0x00000200       0x28 load address 0x0000c6f6
                0x00000200                PROVIDE (__bss_start, .)
 *(.bss .bss.*)
 .bss.lcd       0x00000200       0x16 ./HelloWorld.o
                0x00000200                lcd
 .bss.vlo_freq  0x00000216        0x2 C:/Users/Jimmy/Google Drive/School/Courses/Lab2/msp430_MSP-EXP430G2553LP_core/Debug\libmsp430_MSP-EXP430G2553LP_core.a(wiring.o)
                0x00000216                vlo_freq
 .bss.sleeping  0x00000218        0x1 C:/Users/Jimmy/Google Drive/School/Courses/Lab2/msp430_MSP-EXP430G2553LP_core/Debug\libmsp430_MSP-EXP430G2553LP_core.a(wiring.o)
                0x00000218                sleeping
 *fill*         0x00000219        0x1 00
 .bss.wdt_fract
                0x0000021a        0x2 C:/Users/Jimmy/Google Drive/School/Courses/Lab2/msp430_MSP-EXP430G2553LP_core/Debug\libmsp430_MSP-EXP430G2553LP_core.a(wiring.o)
                0x0000021a                wdt_fract
 .bss.wdt_millis
                0x0000021c        0x4 C:/Users/Jimmy/Google Drive/School/Courses/Lab2/msp430_MSP-EXP430G2553LP_core/Debug\libmsp430_MSP-EXP430G2553LP_core.a(wiring.o)
                0x0000021c                wdt_millis
 .bss.wdt_overflow_count
                0x00000220        0x4 C:/Users/Jimmy/Google Drive/School/Courses/Lab2/msp430_MSP-EXP430G2553LP_core/Debug\libmsp430_MSP-EXP430G2553LP_core.a(wiring.o)
                0x00000220                wdt_overflow_count
 *(COMMON)
 COMMON         0x00000224        0x4 C:/Users/Jimmy/Google Drive/School/Courses/Lab2/msp430_MSP-EXP430G2553LP_core/Debug\libmsp430_MSP-EXP430G2553LP_core.a(wiring.o)
                0x00000224                SMILLIS_INC
                0x00000226                SFRACT_INC
                0x00000228                . = ALIGN (0x2)
                0x00000228                PROVIDE (__bss_end, .)
                0x00000028                PROVIDE (__bss_size, SIZEOF (.bss))

.noinit         0x00000228        0x2 load address 0x0000c6f6
                0x00000228                PROVIDE (__noinit_start, .)
 *(.noinit .noinit.*)
 .noinit.crt0   0x00000228        0x2 c:/energia-1.6.10e18/hardware/tools/msp430/bin/../lib/gcc/msp430/4.6.3\libcrt0.a(__watchdog_support.o)
                0x00000228                __wdt_clear_value
                0x0000022a                . = ALIGN (0x2)
                0x0000022a                PROVIDE (__noinit_end, .)
                0x0000022a                . = ALIGN (0x2)
                0x0000022a                _end = .

.infomem        0x00001000        0x0
 *(.infomem)
                0x00001000                . = ALIGN (0x2)
 *(.infomem.*)

.infomemnobits  0x00001000        0x0
 *(.infomemnobits)
                0x00001000                . = ALIGN (0x2)
 *(.infomemnobits.*)

.infoa
 *(.infoa .infoa.*)

.infob
 *(.infob .infob.*)

.infoc
 *(.infoc .infoc.*)

.infod
 *(.infod .infod.*)

.vectors        0x0000ffe0       0x20
                0x0000ffe0                PROVIDE (__vectors_start, .)
 *(.vectors*)
 .vectors       0x0000ffe0       0x20 c:/energia-1.6.10e18/hardware/tools/msp430/bin/../lib/gcc/msp430/4.6.3/crt0ivtbl16.o
                0x0000ffe0                __ivtbl_16
                0x00010000                _vectors_end = .

.fartext        0x00000000        0x0
                0x00000000                . = ALIGN (0x2)
 *(.fartext)
                0x00000000                . = ALIGN (0x2)
 *(.fartext.*)
                0x00000000                _efartext = .

.profiler
 *(.profiler)

.stab
 *(.stab)

.stabstr
 *(.stabstr)

.stab.excl
 *(.stab.excl)

.stab.exclstr
 *(.stab.exclstr)

.stab.index
 *(.stab.index)

.stab.indexstr
 *(.stab.indexstr)

.comment
 *(.comment)

.debug
 *(.debug)

.line
 *(.line)

.debug_srcinfo
 *(.debug_srcinfo)

.debug_sfnames
 *(.debug_sfnames)

.debug_aranges  0x00000000      0x6d0
 *(.debug_aranges)
 .debug_aranges
                0x00000000       0x1c ./HelloWorld.o
 .debug_aranges
                0x0000001c       0x7c C:/Users/Jimmy/Google Drive/School/Courses/Lab2/msp430_MSP-EXP430G2553LP_LiquidCrystal/Debug\libmsp430_MSP-EXP430G2553LP_LiquidCrystal.a(LiquidCrystal.o)
 .debug_aranges
                0x00000098       0x48 C:/Users/Jimmy/Google Drive/School/Courses/Lab2/msp430_MSP-EXP430G2553LP_core/Debug\libmsp430_MSP-EXP430G2553LP_core.a(wiring.o)
 .debug_aranges
                0x000000e0       0x20 C:/Users/Jimmy/Google Drive/School/Courses/Lab2/msp430_MSP-EXP430G2553LP_core/Debug\libmsp430_MSP-EXP430G2553LP_core.a(wiring_digital.o)
 .debug_aranges
                0x00000100       0x14 C:/Users/Jimmy/Google Drive/School/Courses/Lab2/msp430_MSP-EXP430G2553LP_core/Debug\libmsp430_MSP-EXP430G2553LP_core.a(main.o)
 .debug_aranges
                0x00000114       0x70 C:/Users/Jimmy/Google Drive/School/Courses/Lab2/msp430_MSP-EXP430G2553LP_core/Debug\libmsp430_MSP-EXP430G2553LP_core.a(Print.o)
 .debug_aranges
                0x00000184      0x144 C:/Users/Jimmy/Google Drive/School/Courses/Lab2/msp430_MSP-EXP430G2553LP_core/Debug\libmsp430_MSP-EXP430G2553LP_core.a(WString.o)
 .debug_aranges
                0x000002c8       0x14 C:/Users/Jimmy/Google Drive/School/Courses/Lab2/msp430_MSP-EXP430G2553LP_core/Debug\libmsp430_MSP-EXP430G2553LP_core.a(atof.o)
 .debug_aranges
                0x000002dc       0x14 C:/Users/Jimmy/Google Drive/School/Courses/Lab2/msp430_MSP-EXP430G2553LP_core/Debug\libmsp430_MSP-EXP430G2553LP_core.a(dtostrf.o)
 .debug_aranges
                0x000002f0       0x20 C:/Users/Jimmy/Google Drive/School/Courses/Lab2/msp430_MSP-EXP430G2553LP_core/Debug\libmsp430_MSP-EXP430G2553LP_core.a(itoa.o)
 .debug_aranges
                0x00000310       0x28 C:/Users/Jimmy/Google Drive/School/Courses/Lab2/msp430_MSP-EXP430G2553LP_core/Debug\libmsp430_MSP-EXP430G2553LP_core.a(new.o)
 .debug_aranges
                0x00000338       0x14 c:/energia-1.6.10e18/hardware/tools/msp430/bin/../lib/gcc/msp430/4.6.3/../../../../msp430/lib\libm.a(ef_pow.o)
 .debug_aranges
                0x0000034c       0x14 c:/energia-1.6.10e18/hardware/tools/msp430/bin/../lib/gcc/msp430/4.6.3/../../../../msp430/lib\libm.a(sf_scalbn.o)
 .debug_aranges
                0x00000360       0x14 c:/energia-1.6.10e18/hardware/tools/msp430/bin/../lib/gcc/msp430/4.6.3/../../../../msp430/lib\libm.a(ef_sqrt.o)
 .debug_aranges
                0x00000374       0x14 c:/energia-1.6.10e18/hardware/tools/msp430/bin/../lib/gcc/msp430/4.6.3\libgcc.a(_mulqi3.o)
 .debug_aranges
                0x00000388       0x14 c:/energia-1.6.10e18/hardware/tools/msp430/bin/../lib/gcc/msp430/4.6.3\libgcc.a(_mulhi3.o)
 .debug_aranges
                0x0000039c       0x14 c:/energia-1.6.10e18/hardware/tools/msp430/bin/../lib/gcc/msp430/4.6.3\libgcc.a(_mulsi3.o)
 .debug_aranges
                0x000003b0       0x14 c:/energia-1.6.10e18/hardware/tools/msp430/bin/../lib/gcc/msp430/4.6.3\libgcc.a(_udivmod16.o)
 .debug_aranges
                0x000003c4       0x14 c:/energia-1.6.10e18/hardware/tools/msp430/bin/../lib/gcc/msp430/4.6.3\libgcc.a(_udivmod32.o)
 .debug_aranges
                0x000003d8       0x14 c:/energia-1.6.10e18/hardware/tools/msp430/bin/../lib/gcc/msp430/4.6.3\libgcc.a(_fixunssfsi.o)
 .debug_aranges
                0x000003ec       0x14 c:/energia-1.6.10e18/hardware/tools/msp430/bin/../lib/gcc/msp430/4.6.3\libgcc.a(_addsub_sf.o)
 .debug_aranges
                0x00000400       0x14 c:/energia-1.6.10e18/hardware/tools/msp430/bin/../lib/gcc/msp430/4.6.3\libgcc.a(_mul_sf.o)
 .debug_aranges
                0x00000414       0x14 c:/energia-1.6.10e18/hardware/tools/msp430/bin/../lib/gcc/msp430/4.6.3\libgcc.a(_div_sf.o)
 .debug_aranges
                0x00000428       0x14 c:/energia-1.6.10e18/hardware/tools/msp430/bin/../lib/gcc/msp430/4.6.3\libgcc.a(_gt_sf.o)
 .debug_aranges
                0x0000043c       0x14 c:/energia-1.6.10e18/hardware/tools/msp430/bin/../lib/gcc/msp430/4.6.3\libgcc.a(_ge_sf.o)
 .debug_aranges
                0x00000450       0x14 c:/energia-1.6.10e18/hardware/tools/msp430/bin/../lib/gcc/msp430/4.6.3\libgcc.a(_lt_sf.o)
 .debug_aranges
                0x00000464       0x14 c:/energia-1.6.10e18/hardware/tools/msp430/bin/../lib/gcc/msp430/4.6.3\libgcc.a(_le_sf.o)
 .debug_aranges
                0x00000478       0x14 c:/energia-1.6.10e18/hardware/tools/msp430/bin/../lib/gcc/msp430/4.6.3\libgcc.a(_si_to_sf.o)
 .debug_aranges
                0x0000048c       0x14 c:/energia-1.6.10e18/hardware/tools/msp430/bin/../lib/gcc/msp430/4.6.3\libgcc.a(_sf_to_si.o)
 .debug_aranges
                0x000004a0       0x14 c:/energia-1.6.10e18/hardware/tools/msp430/bin/../lib/gcc/msp430/4.6.3\libgcc.a(_usi_to_sf.o)
 .debug_aranges
                0x000004b4       0x14 c:/energia-1.6.10e18/hardware/tools/msp430/bin/../lib/gcc/msp430/4.6.3\libgcc.a(_clzsi2.o)
 .debug_aranges
                0x000004c8       0x14 c:/energia-1.6.10e18/hardware/tools/msp430/bin/../lib/gcc/msp430/4.6.3\libgcc.a(_pack_sf.o)
 .debug_aranges
                0x000004dc       0x14 c:/energia-1.6.10e18/hardware/tools/msp430/bin/../lib/gcc/msp430/4.6.3\libgcc.a(_unpack_sf.o)
 .debug_aranges
                0x000004f0       0x14 c:/energia-1.6.10e18/hardware/tools/msp430/bin/../lib/gcc/msp430/4.6.3\libgcc.a(_fpcmp_parts_sf.o)
 .debug_aranges
                0x00000504       0x14 c:/energia-1.6.10e18/hardware/tools/msp430/bin/../lib/gcc/msp430/4.6.3/../../../../msp430/lib\libc.a(strchr.o)
 .debug_aranges
                0x00000518       0x14 c:/energia-1.6.10e18/hardware/tools/msp430/bin/../lib/gcc/msp430/4.6.3/../../../../msp430/lib\libc.a(strcmp.o)
 .debug_aranges
                0x0000052c       0x14 c:/energia-1.6.10e18/hardware/tools/msp430/bin/../lib/gcc/msp430/4.6.3/../../../../msp430/lib\libc.a(strncmp.o)
 .debug_aranges
                0x00000540       0x14 c:/energia-1.6.10e18/hardware/tools/msp430/bin/../lib/gcc/msp430/4.6.3/../../../../msp430/lib\libc.a(strcpy.o)
 .debug_aranges
                0x00000554       0x14 c:/energia-1.6.10e18/hardware/tools/msp430/bin/../lib/gcc/msp430/4.6.3/../../../../msp430/lib\libc.a(strncpy.o)
 .debug_aranges
                0x00000568       0x14 c:/energia-1.6.10e18/hardware/tools/msp430/bin/../lib/gcc/msp430/4.6.3/../../../../msp430/lib\libc.a(memcpy.o)
 .debug_aranges
                0x0000057c       0x14 c:/energia-1.6.10e18/hardware/tools/msp430/bin/../lib/gcc/msp430/4.6.3/../../../../msp430/lib\libc.a(memmove.o)
 .debug_aranges
                0x00000590       0x14 c:/energia-1.6.10e18/hardware/tools/msp430/bin/../lib/gcc/msp430/4.6.3/../../../../msp430/lib\libc.a(strrchr.o)
 .debug_aranges
                0x000005a4       0x14 c:/energia-1.6.10e18/hardware/tools/msp430/bin/../lib/gcc/msp430/4.6.3/../../../../msp430/lib\libc.a(strstr.o)
 .debug_aranges
                0x000005b8       0x14 c:/energia-1.6.10e18/hardware/tools/msp430/bin/../lib/gcc/msp430/4.6.3/../../../../msp430/lib\libc.a(atol.o)
 .debug_aranges
                0x000005cc       0x14 c:/energia-1.6.10e18/hardware/tools/msp430/bin/../lib/gcc/msp430/4.6.3/../../../../msp430/lib\libc.a(malloc.o)
 .debug_aranges
                0x000005e0       0x14 c:/energia-1.6.10e18/hardware/tools/msp430/bin/../lib/gcc/msp430/4.6.3/../../../../msp430/lib\libc.a(strtol.o)
 .debug_aranges
                0x000005f4       0x14 c:/energia-1.6.10e18/hardware/tools/msp430/bin/../lib/gcc/msp430/4.6.3/../../../../msp430/lib\libc.a(sprintf.o)
 .debug_aranges
                0x00000608       0x14 c:/energia-1.6.10e18/hardware/tools/msp430/bin/../lib/gcc/msp430/4.6.3/../../../../msp430/lib\libc.a(vuprintf.o)
 .debug_aranges
                0x0000061c       0x14 c:/energia-1.6.10e18/hardware/tools/msp430/bin/../lib/gcc/msp430/4.6.3\libgcc.a(_divmod32.o)
 .debug_aranges
                0x00000630       0x14 c:/energia-1.6.10e18/hardware/tools/msp430/bin/../lib/gcc/msp430/4.6.3\libgcc.a(_udivmod64.o)
 .debug_aranges
                0x00000644       0x14 c:/energia-1.6.10e18/hardware/tools/msp430/bin/../lib/gcc/msp430/4.6.3\libcrt0.a(__watchdog_support.o)
 .debug_aranges
                0x00000658       0x14 c:/energia-1.6.10e18/hardware/tools/msp430/bin/../lib/gcc/msp430/4.6.3\libcrt0.a(__init_stack.o)
 .debug_aranges
                0x0000066c       0x14 c:/energia-1.6.10e18/hardware/tools/msp430/bin/../lib/gcc/msp430/4.6.3\libcrt0.a(_copy_data.o)
 .debug_aranges
                0x00000680       0x14 c:/energia-1.6.10e18/hardware/tools/msp430/bin/../lib/gcc/msp430/4.6.3\libcrt0.a(_clear_bss.o)
 .debug_aranges
                0x00000694       0x14 c:/energia-1.6.10e18/hardware/tools/msp430/bin/../lib/gcc/msp430/4.6.3\libcrt0.a(_endless_loop__.o)
 .debug_aranges
                0x000006a8       0x14 c:/energia-1.6.10e18/hardware/tools/msp430/bin/../lib/gcc/msp430/4.6.3\libcrt0.a(_unexpected_.o)
 .debug_aranges
                0x000006bc       0x14 c:/energia-1.6.10e18/hardware/tools/msp430/bin/../lib/gcc/msp430/4.6.3\libcrt0.a(_ctors430.o)

.debug_pubnames
 *(.debug_pubnames)

.debug_info     0x00000000     0xbf37
 *(.debug_info)
 .debug_info    0x00000000      0x2e2 ./HelloWorld.o
 .debug_info    0x000002e2     0x131f C:/Users/Jimmy/Google Drive/School/Courses/Lab2/msp430_MSP-EXP430G2553LP_LiquidCrystal/Debug\libmsp430_MSP-EXP430G2553LP_LiquidCrystal.a(LiquidCrystal.o)
 .debug_info    0x00001601      0x5f7 C:/Users/Jimmy/Google Drive/School/Courses/Lab2/msp430_MSP-EXP430G2553LP_core/Debug\libmsp430_MSP-EXP430G2553LP_core.a(wiring.o)
 .debug_info    0x00001bf8      0x8b8 C:/Users/Jimmy/Google Drive/School/Courses/Lab2/msp430_MSP-EXP430G2553LP_core/Debug\libmsp430_MSP-EXP430G2553LP_core.a(wiring_digital.o)
 .debug_info    0x000024b0      0x277 C:/Users/Jimmy/Google Drive/School/Courses/Lab2/msp430_MSP-EXP430G2553LP_core/Debug\libmsp430_MSP-EXP430G2553LP_core.a(main.o)
 .debug_info    0x00002727     0x1e3a C:/Users/Jimmy/Google Drive/School/Courses/Lab2/msp430_MSP-EXP430G2553LP_core/Debug\libmsp430_MSP-EXP430G2553LP_core.a(Print.o)
 .debug_info    0x00004561     0x2a47 C:/Users/Jimmy/Google Drive/School/Courses/Lab2/msp430_MSP-EXP430G2553LP_core/Debug\libmsp430_MSP-EXP430G2553LP_core.a(WString.o)
 .debug_info    0x00006fa8       0xd8 C:/Users/Jimmy/Google Drive/School/Courses/Lab2/msp430_MSP-EXP430G2553LP_core/Debug\libmsp430_MSP-EXP430G2553LP_core.a(atof.o)
 .debug_info    0x00007080      0x14d C:/Users/Jimmy/Google Drive/School/Courses/Lab2/msp430_MSP-EXP430G2553LP_core/Debug\libmsp430_MSP-EXP430G2553LP_core.a(dtostrf.o)
 .debug_info    0x000071cd      0x221 C:/Users/Jimmy/Google Drive/School/Courses/Lab2/msp430_MSP-EXP430G2553LP_core/Debug\libmsp430_MSP-EXP430G2553LP_core.a(itoa.o)
 .debug_info    0x000073ee      0x140 C:/Users/Jimmy/Google Drive/School/Courses/Lab2/msp430_MSP-EXP430G2553LP_core/Debug\libmsp430_MSP-EXP430G2553LP_core.a(new.o)
 .debug_info    0x0000752e      0x5ea c:/energia-1.6.10e18/hardware/tools/msp430/bin/../lib/gcc/msp430/4.6.3/../../../../msp430/lib\libm.a(ef_pow.o)
 .debug_info    0x00007b18      0x1e4 c:/energia-1.6.10e18/hardware/tools/msp430/bin/../lib/gcc/msp430/4.6.3/../../../../msp430/lib\libm.a(sf_scalbn.o)
 .debug_info    0x00007cfc      0x208 c:/energia-1.6.10e18/hardware/tools/msp430/bin/../lib/gcc/msp430/4.6.3/../../../../msp430/lib\libm.a(ef_sqrt.o)
 .debug_info    0x00007f04       0x8d c:/energia-1.6.10e18/hardware/tools/msp430/bin/../lib/gcc/msp430/4.6.3\libgcc.a(_mulqi3.o)
 .debug_info    0x00007f91       0x8d c:/energia-1.6.10e18/hardware/tools/msp430/bin/../lib/gcc/msp430/4.6.3\libgcc.a(_mulhi3.o)
 .debug_info    0x0000801e       0x8d c:/energia-1.6.10e18/hardware/tools/msp430/bin/../lib/gcc/msp430/4.6.3\libgcc.a(_mulsi3.o)
 .debug_info    0x000080ab       0x8d c:/energia-1.6.10e18/hardware/tools/msp430/bin/../lib/gcc/msp430/4.6.3\libgcc.a(_udivmod16.o)
 .debug_info    0x00008138       0x8d c:/energia-1.6.10e18/hardware/tools/msp430/bin/../lib/gcc/msp430/4.6.3\libgcc.a(_udivmod32.o)
 .debug_info    0x000081c5       0xb5 c:/energia-1.6.10e18/hardware/tools/msp430/bin/../lib/gcc/msp430/4.6.3\libgcc.a(_fixunssfsi.o)
 .debug_info    0x0000827a      0x425 c:/energia-1.6.10e18/hardware/tools/msp430/bin/../lib/gcc/msp430/4.6.3\libgcc.a(_addsub_sf.o)
 .debug_info    0x0000869f      0x3c9 c:/energia-1.6.10e18/hardware/tools/msp430/bin/../lib/gcc/msp430/4.6.3\libgcc.a(_mul_sf.o)
 .debug_info    0x00008a68      0x35c c:/energia-1.6.10e18/hardware/tools/msp430/bin/../lib/gcc/msp430/4.6.3\libgcc.a(_div_sf.o)
 .debug_info    0x00008dc4      0x26e c:/energia-1.6.10e18/hardware/tools/msp430/bin/../lib/gcc/msp430/4.6.3\libgcc.a(_gt_sf.o)
 .debug_info    0x00009032      0x26e c:/energia-1.6.10e18/hardware/tools/msp430/bin/../lib/gcc/msp430/4.6.3\libgcc.a(_ge_sf.o)
 .debug_info    0x000092a0      0x26e c:/energia-1.6.10e18/hardware/tools/msp430/bin/../lib/gcc/msp430/4.6.3\libgcc.a(_lt_sf.o)
 .debug_info    0x0000950e      0x26e c:/energia-1.6.10e18/hardware/tools/msp430/bin/../lib/gcc/msp430/4.6.3\libgcc.a(_le_sf.o)
 .debug_info    0x0000977c      0x20b c:/energia-1.6.10e18/hardware/tools/msp430/bin/../lib/gcc/msp430/4.6.3\libgcc.a(_si_to_sf.o)
 .debug_info    0x00009987      0x289 c:/energia-1.6.10e18/hardware/tools/msp430/bin/../lib/gcc/msp430/4.6.3\libgcc.a(_sf_to_si.o)
 .debug_info    0x00009c10      0x144 c:/energia-1.6.10e18/hardware/tools/msp430/bin/../lib/gcc/msp430/4.6.3\libgcc.a(_thenan_sf.o)
 .debug_info    0x00009d54      0x204 c:/energia-1.6.10e18/hardware/tools/msp430/bin/../lib/gcc/msp430/4.6.3\libgcc.a(_usi_to_sf.o)
 .debug_info    0x00009f58      0x109 c:/energia-1.6.10e18/hardware/tools/msp430/bin/../lib/gcc/msp430/4.6.3\libgcc.a(_clzsi2.o)
 .debug_info    0x0000a061      0x2b1 c:/energia-1.6.10e18/hardware/tools/msp430/bin/../lib/gcc/msp430/4.6.3\libgcc.a(_pack_sf.o)
 .debug_info    0x0000a312      0x23e c:/energia-1.6.10e18/hardware/tools/msp430/bin/../lib/gcc/msp430/4.6.3\libgcc.a(_unpack_sf.o)
 .debug_info    0x0000a550      0x1d5 c:/energia-1.6.10e18/hardware/tools/msp430/bin/../lib/gcc/msp430/4.6.3\libgcc.a(_fpcmp_parts_sf.o)
 .debug_info    0x0000a725       0xa0 c:/energia-1.6.10e18/hardware/tools/msp430/bin/../lib/gcc/msp430/4.6.3\libgcc.a(_clz.o)
 .debug_info    0x0000a7c5       0xa7 c:/energia-1.6.10e18/hardware/tools/msp430/bin/../lib/gcc/msp430/4.6.3/../../../../msp430/lib\libc.a(strchr.o)
 .debug_info    0x0000a86c       0xa4 c:/energia-1.6.10e18/hardware/tools/msp430/bin/../lib/gcc/msp430/4.6.3/../../../../msp430/lib\libc.a(strcmp.o)
 .debug_info    0x0000a910       0xbb c:/energia-1.6.10e18/hardware/tools/msp430/bin/../lib/gcc/msp430/4.6.3/../../../../msp430/lib\libc.a(strncmp.o)
 .debug_info    0x0000a9cb       0xb6 c:/energia-1.6.10e18/hardware/tools/msp430/bin/../lib/gcc/msp430/4.6.3/../../../../msp430/lib\libc.a(strcpy.o)
 .debug_info    0x0000aa81       0xe1 c:/energia-1.6.10e18/hardware/tools/msp430/bin/../lib/gcc/msp430/4.6.3/../../../../msp430/lib\libc.a(strncpy.o)
 .debug_info    0x0000ab62      0x113 c:/energia-1.6.10e18/hardware/tools/msp430/bin/../lib/gcc/msp430/4.6.3/../../../../msp430/lib\libc.a(memcpy.o)
 .debug_info    0x0000ac75      0x113 c:/energia-1.6.10e18/hardware/tools/msp430/bin/../lib/gcc/msp430/4.6.3/../../../../msp430/lib\libc.a(memmove.o)
 .debug_info    0x0000ad88       0xb7 c:/energia-1.6.10e18/hardware/tools/msp430/bin/../lib/gcc/msp430/4.6.3/../../../../msp430/lib\libc.a(strrchr.o)
 .debug_info    0x0000ae3f       0xe0 c:/energia-1.6.10e18/hardware/tools/msp430/bin/../lib/gcc/msp430/4.6.3/../../../../msp430/lib\libc.a(strstr.o)
 .debug_info    0x0000af1f       0x95 c:/energia-1.6.10e18/hardware/tools/msp430/bin/../lib/gcc/msp430/4.6.3/../../../../msp430/lib\libc.a(atol.o)
 .debug_info    0x0000afb4      0x151 c:/energia-1.6.10e18/hardware/tools/msp430/bin/../lib/gcc/msp430/4.6.3/../../../../msp430/lib\libc.a(malloc.o)
 .debug_info    0x0000b105      0x1d7 c:/energia-1.6.10e18/hardware/tools/msp430/bin/../lib/gcc/msp430/4.6.3/../../../../msp430/lib\libc.a(strtol.o)
 .debug_info    0x0000b2dc      0x277 c:/energia-1.6.10e18/hardware/tools/msp430/bin/../lib/gcc/msp430/4.6.3/../../../../msp430/lib\libc.a(sprintf.o)
 .debug_info    0x0000b553      0x565 c:/energia-1.6.10e18/hardware/tools/msp430/bin/../lib/gcc/msp430/4.6.3/../../../../msp430/lib\libc.a(vuprintf.o)
 .debug_info    0x0000bab8       0x39 c:/energia-1.6.10e18/hardware/tools/msp430/bin/../lib/gcc/msp430/4.6.3/../../../../msp430/lib\libc.a(errno.o)
 .debug_info    0x0000baf1       0x8d c:/energia-1.6.10e18/hardware/tools/msp430/bin/../lib/gcc/msp430/4.6.3\libgcc.a(_divmod32.o)
 .debug_info    0x0000bb7e       0x8d c:/energia-1.6.10e18/hardware/tools/msp430/bin/../lib/gcc/msp430/4.6.3\libgcc.a(_udivmod64.o)
 .debug_info    0x0000bc0b       0x74 c:/energia-1.6.10e18/hardware/tools/msp430/bin/../lib/gcc/msp430/4.6.3\libcrt0.a(__watchdog_support.o)
 .debug_info    0x0000bc7f       0x74 c:/energia-1.6.10e18/hardware/tools/msp430/bin/../lib/gcc/msp430/4.6.3\libcrt0.a(__init_stack.o)
 .debug_info    0x0000bcf3       0x74 c:/energia-1.6.10e18/hardware/tools/msp430/bin/../lib/gcc/msp430/4.6.3\libcrt0.a(_copy_data.o)
 .debug_info    0x0000bd67       0x74 c:/energia-1.6.10e18/hardware/tools/msp430/bin/../lib/gcc/msp430/4.6.3\libcrt0.a(_clear_bss.o)
 .debug_info    0x0000bddb       0x74 c:/energia-1.6.10e18/hardware/tools/msp430/bin/../lib/gcc/msp430/4.6.3\libcrt0.a(_endless_loop__.o)
 .debug_info    0x0000be4f       0x74 c:/energia-1.6.10e18/hardware/tools/msp430/bin/../lib/gcc/msp430/4.6.3\libcrt0.a(_unexpected_.o)
 .debug_info    0x0000bec3       0x74 c:/energia-1.6.10e18/hardware/tools/msp430/bin/../lib/gcc/msp430/4.6.3\libcrt0.a(_ctors430.o)
 *(.gnu.linkonce.wi.*)

.debug_abbrev   0x00000000     0x35c4
 *(.debug_abbrev)
 .debug_abbrev  0x00000000       0xf5 ./HelloWorld.o
 .debug_abbrev  0x000000f5      0x306 C:/Users/Jimmy/Google Drive/School/Courses/Lab2/msp430_MSP-EXP430G2553LP_LiquidCrystal/Debug\libmsp430_MSP-EXP430G2553LP_LiquidCrystal.a(LiquidCrystal.o)
 .debug_abbrev  0x000003fb      0x221 C:/Users/Jimmy/Google Drive/School/Courses/Lab2/msp430_MSP-EXP430G2553LP_core/Debug\libmsp430_MSP-EXP430G2553LP_core.a(wiring.o)
 .debug_abbrev  0x0000061c      0x15d C:/Users/Jimmy/Google Drive/School/Courses/Lab2/msp430_MSP-EXP430G2553LP_core/Debug\libmsp430_MSP-EXP430G2553LP_core.a(wiring_digital.o)
 .debug_abbrev  0x00000779       0x91 C:/Users/Jimmy/Google Drive/School/Courses/Lab2/msp430_MSP-EXP430G2553LP_core/Debug\libmsp430_MSP-EXP430G2553LP_core.a(main.o)
 .debug_abbrev  0x0000080a      0x37c C:/Users/Jimmy/Google Drive/School/Courses/Lab2/msp430_MSP-EXP430G2553LP_core/Debug\libmsp430_MSP-EXP430G2553LP_core.a(Print.o)
 .debug_abbrev  0x00000b86      0x38f C:/Users/Jimmy/Google Drive/School/Courses/Lab2/msp430_MSP-EXP430G2553LP_core/Debug\libmsp430_MSP-EXP430G2553LP_core.a(WString.o)
 .debug_abbrev  0x00000f15       0x85 C:/Users/Jimmy/Google Drive/School/Courses/Lab2/msp430_MSP-EXP430G2553LP_core/Debug\libmsp430_MSP-EXP430G2553LP_core.a(atof.o)
 .debug_abbrev  0x00000f9a       0xeb C:/Users/Jimmy/Google Drive/School/Courses/Lab2/msp430_MSP-EXP430G2553LP_core/Debug\libmsp430_MSP-EXP430G2553LP_core.a(dtostrf.o)
 .debug_abbrev  0x00001085       0xaf C:/Users/Jimmy/Google Drive/School/Courses/Lab2/msp430_MSP-EXP430G2553LP_core/Debug\libmsp430_MSP-EXP430G2553LP_core.a(itoa.o)
 .debug_abbrev  0x00001134       0xee C:/Users/Jimmy/Google Drive/School/Courses/Lab2/msp430_MSP-EXP430G2553LP_core/Debug\libmsp430_MSP-EXP430G2553LP_core.a(new.o)
 .debug_abbrev  0x00001222      0x140 c:/energia-1.6.10e18/hardware/tools/msp430/bin/../lib/gcc/msp430/4.6.3/../../../../msp430/lib\libm.a(ef_pow.o)
 .debug_abbrev  0x00001362       0xf4 c:/energia-1.6.10e18/hardware/tools/msp430/bin/../lib/gcc/msp430/4.6.3/../../../../msp430/lib\libm.a(sf_scalbn.o)
 .debug_abbrev  0x00001456      0x14a c:/energia-1.6.10e18/hardware/tools/msp430/bin/../lib/gcc/msp430/4.6.3/../../../../msp430/lib\libm.a(ef_sqrt.o)
 .debug_abbrev  0x000015a0       0x14 c:/energia-1.6.10e18/hardware/tools/msp430/bin/../lib/gcc/msp430/4.6.3\libgcc.a(_mulqi3.o)
 .debug_abbrev  0x000015b4       0x14 c:/energia-1.6.10e18/hardware/tools/msp430/bin/../lib/gcc/msp430/4.6.3\libgcc.a(_mulhi3.o)
 .debug_abbrev  0x000015c8       0x14 c:/energia-1.6.10e18/hardware/tools/msp430/bin/../lib/gcc/msp430/4.6.3\libgcc.a(_mulsi3.o)
 .debug_abbrev  0x000015dc       0x14 c:/energia-1.6.10e18/hardware/tools/msp430/bin/../lib/gcc/msp430/4.6.3\libgcc.a(_udivmod16.o)
 .debug_abbrev  0x000015f0       0x14 c:/energia-1.6.10e18/hardware/tools/msp430/bin/../lib/gcc/msp430/4.6.3\libgcc.a(_udivmod32.o)
 .debug_abbrev  0x00001604       0x5d c:/energia-1.6.10e18/hardware/tools/msp430/bin/../lib/gcc/msp430/4.6.3\libgcc.a(_fixunssfsi.o)
 .debug_abbrev  0x00001661      0x1ab c:/energia-1.6.10e18/hardware/tools/msp430/bin/../lib/gcc/msp430/4.6.3\libgcc.a(_addsub_sf.o)
 .debug_abbrev  0x0000180c      0x1d9 c:/energia-1.6.10e18/hardware/tools/msp430/bin/../lib/gcc/msp430/4.6.3\libgcc.a(_mul_sf.o)
 .debug_abbrev  0x000019e5      0x1c4 c:/energia-1.6.10e18/hardware/tools/msp430/bin/../lib/gcc/msp430/4.6.3\libgcc.a(_div_sf.o)
 .debug_abbrev  0x00001ba9      0x151 c:/energia-1.6.10e18/hardware/tools/msp430/bin/../lib/gcc/msp430/4.6.3\libgcc.a(_gt_sf.o)
 .debug_abbrev  0x00001cfa      0x151 c:/energia-1.6.10e18/hardware/tools/msp430/bin/../lib/gcc/msp430/4.6.3\libgcc.a(_ge_sf.o)
 .debug_abbrev  0x00001e4b      0x151 c:/energia-1.6.10e18/hardware/tools/msp430/bin/../lib/gcc/msp430/4.6.3\libgcc.a(_lt_sf.o)
 .debug_abbrev  0x00001f9c      0x151 c:/energia-1.6.10e18/hardware/tools/msp430/bin/../lib/gcc/msp430/4.6.3\libgcc.a(_le_sf.o)
 .debug_abbrev  0x000020ed      0x164 c:/energia-1.6.10e18/hardware/tools/msp430/bin/../lib/gcc/msp430/4.6.3\libgcc.a(_si_to_sf.o)
 .debug_abbrev  0x00002251      0x160 c:/energia-1.6.10e18/hardware/tools/msp430/bin/../lib/gcc/msp430/4.6.3\libgcc.a(_sf_to_si.o)
 .debug_abbrev  0x000023b1       0xba c:/energia-1.6.10e18/hardware/tools/msp430/bin/../lib/gcc/msp430/4.6.3\libgcc.a(_thenan_sf.o)
 .debug_abbrev  0x0000246b      0x173 c:/energia-1.6.10e18/hardware/tools/msp430/bin/../lib/gcc/msp430/4.6.3\libgcc.a(_usi_to_sf.o)
 .debug_abbrev  0x000025de       0xac c:/energia-1.6.10e18/hardware/tools/msp430/bin/../lib/gcc/msp430/4.6.3\libgcc.a(_clzsi2.o)
 .debug_abbrev  0x0000268a      0x192 c:/energia-1.6.10e18/hardware/tools/msp430/bin/../lib/gcc/msp430/4.6.3\libgcc.a(_pack_sf.o)
 .debug_abbrev  0x0000281c      0x15a c:/energia-1.6.10e18/hardware/tools/msp430/bin/../lib/gcc/msp430/4.6.3\libgcc.a(_unpack_sf.o)
 .debug_abbrev  0x00002976      0x10b c:/energia-1.6.10e18/hardware/tools/msp430/bin/../lib/gcc/msp430/4.6.3\libgcc.a(_fpcmp_parts_sf.o)
 .debug_abbrev  0x00002a81       0x61 c:/energia-1.6.10e18/hardware/tools/msp430/bin/../lib/gcc/msp430/4.6.3\libgcc.a(_clz.o)
 .debug_abbrev  0x00002ae2       0x6f c:/energia-1.6.10e18/hardware/tools/msp430/bin/../lib/gcc/msp430/4.6.3/../../../../msp430/lib\libc.a(strchr.o)
 .debug_abbrev  0x00002b51       0x60 c:/energia-1.6.10e18/hardware/tools/msp430/bin/../lib/gcc/msp430/4.6.3/../../../../msp430/lib\libc.a(strcmp.o)
 .debug_abbrev  0x00002bb1       0x7c c:/energia-1.6.10e18/hardware/tools/msp430/bin/../lib/gcc/msp430/4.6.3/../../../../msp430/lib\libc.a(strncmp.o)
 .debug_abbrev  0x00002c2d       0x7e c:/energia-1.6.10e18/hardware/tools/msp430/bin/../lib/gcc/msp430/4.6.3/../../../../msp430/lib\libc.a(strcpy.o)
 .debug_abbrev  0x00002cab       0x94 c:/energia-1.6.10e18/hardware/tools/msp430/bin/../lib/gcc/msp430/4.6.3/../../../../msp430/lib\libc.a(strncpy.o)
 .debug_abbrev  0x00002d3f       0x97 c:/energia-1.6.10e18/hardware/tools/msp430/bin/../lib/gcc/msp430/4.6.3/../../../../msp430/lib\libc.a(memcpy.o)
 .debug_abbrev  0x00002dd6       0x97 c:/energia-1.6.10e18/hardware/tools/msp430/bin/../lib/gcc/msp430/4.6.3/../../../../msp430/lib\libc.a(memmove.o)
 .debug_abbrev  0x00002e6d       0x7e c:/energia-1.6.10e18/hardware/tools/msp430/bin/../lib/gcc/msp430/4.6.3/../../../../msp430/lib\libc.a(strrchr.o)
 .debug_abbrev  0x00002eeb       0x8b c:/energia-1.6.10e18/hardware/tools/msp430/bin/../lib/gcc/msp430/4.6.3/../../../../msp430/lib\libc.a(strstr.o)
 .debug_abbrev  0x00002f76       0x60 c:/energia-1.6.10e18/hardware/tools/msp430/bin/../lib/gcc/msp430/4.6.3/../../../../msp430/lib\libc.a(atol.o)
 .debug_abbrev  0x00002fd6      0x104 c:/energia-1.6.10e18/hardware/tools/msp430/bin/../lib/gcc/msp430/4.6.3/../../../../msp430/lib\libc.a(malloc.o)
 .debug_abbrev  0x000030da      0x112 c:/energia-1.6.10e18/hardware/tools/msp430/bin/../lib/gcc/msp430/4.6.3/../../../../msp430/lib\libc.a(strtol.o)
 .debug_abbrev  0x000031ec      0x105 c:/energia-1.6.10e18/hardware/tools/msp430/bin/../lib/gcc/msp430/4.6.3/../../../../msp430/lib\libc.a(sprintf.o)
 .debug_abbrev  0x000032f1      0x1ef c:/energia-1.6.10e18/hardware/tools/msp430/bin/../lib/gcc/msp430/4.6.3/../../../../msp430/lib\libc.a(vuprintf.o)
 .debug_abbrev  0x000034e0       0x30 c:/energia-1.6.10e18/hardware/tools/msp430/bin/../lib/gcc/msp430/4.6.3/../../../../msp430/lib\libc.a(errno.o)
 .debug_abbrev  0x00003510       0x14 c:/energia-1.6.10e18/hardware/tools/msp430/bin/../lib/gcc/msp430/4.6.3\libgcc.a(_divmod32.o)
 .debug_abbrev  0x00003524       0x14 c:/energia-1.6.10e18/hardware/tools/msp430/bin/../lib/gcc/msp430/4.6.3\libgcc.a(_udivmod64.o)
 .debug_abbrev  0x00003538       0x14 c:/energia-1.6.10e18/hardware/tools/msp430/bin/../lib/gcc/msp430/4.6.3\libcrt0.a(__watchdog_support.o)
 .debug_abbrev  0x0000354c       0x14 c:/energia-1.6.10e18/hardware/tools/msp430/bin/../lib/gcc/msp430/4.6.3\libcrt0.a(__init_stack.o)
 .debug_abbrev  0x00003560       0x14 c:/energia-1.6.10e18/hardware/tools/msp430/bin/../lib/gcc/msp430/4.6.3\libcrt0.a(_copy_data.o)
 .debug_abbrev  0x00003574       0x14 c:/energia-1.6.10e18/hardware/tools/msp430/bin/../lib/gcc/msp430/4.6.3\libcrt0.a(_clear_bss.o)
 .debug_abbrev  0x00003588       0x14 c:/energia-1.6.10e18/hardware/tools/msp430/bin/../lib/gcc/msp430/4.6.3\libcrt0.a(_endless_loop__.o)
 .debug_abbrev  0x0000359c       0x14 c:/energia-1.6.10e18/hardware/tools/msp430/bin/../lib/gcc/msp430/4.6.3\libcrt0.a(_unexpected_.o)
 .debug_abbrev  0x000035b0       0x14 c:/energia-1.6.10e18/hardware/tools/msp430/bin/../lib/gcc/msp430/4.6.3\libcrt0.a(_ctors430.o)

.debug_line     0x00000000     0x39c4
 *(.debug_line)
 .debug_line    0x00000000      0x169 ./HelloWorld.o
 .debug_line    0x00000169      0x4a7 C:/Users/Jimmy/Google Drive/School/Courses/Lab2/msp430_MSP-EXP430G2553LP_LiquidCrystal/Debug\libmsp430_MSP-EXP430G2553LP_LiquidCrystal.a(LiquidCrystal.o)
 .debug_line    0x00000610      0x2a5 C:/Users/Jimmy/Google Drive/School/Courses/Lab2/msp430_MSP-EXP430G2553LP_core/Debug\libmsp430_MSP-EXP430G2553LP_core.a(wiring.o)
 .debug_line    0x000008b5      0x1d8 C:/Users/Jimmy/Google Drive/School/Courses/Lab2/msp430_MSP-EXP430G2553LP_core/Debug\libmsp430_MSP-EXP430G2553LP_core.a(wiring_digital.o)
 .debug_line    0x00000a8d      0x13d C:/Users/Jimmy/Google Drive/School/Courses/Lab2/msp430_MSP-EXP430G2553LP_core/Debug\libmsp430_MSP-EXP430G2553LP_core.a(main.o)
 .debug_line    0x00000bca      0x3a2 C:/Users/Jimmy/Google Drive/School/Courses/Lab2/msp430_MSP-EXP430G2553LP_core/Debug\libmsp430_MSP-EXP430G2553LP_core.a(Print.o)
 .debug_line    0x00000f6c      0x7c1 C:/Users/Jimmy/Google Drive/School/Courses/Lab2/msp430_MSP-EXP430G2553LP_core/Debug\libmsp430_MSP-EXP430G2553LP_core.a(WString.o)
 .debug_line    0x0000172d       0xcb C:/Users/Jimmy/Google Drive/School/Courses/Lab2/msp430_MSP-EXP430G2553LP_core/Debug\libmsp430_MSP-EXP430G2553LP_core.a(atof.o)
 .debug_line    0x000017f8       0xff C:/Users/Jimmy/Google Drive/School/Courses/Lab2/msp430_MSP-EXP430G2553LP_core/Debug\libmsp430_MSP-EXP430G2553LP_core.a(dtostrf.o)
 .debug_line    0x000018f7       0xe6 C:/Users/Jimmy/Google Drive/School/Courses/Lab2/msp430_MSP-EXP430G2553LP_core/Debug\libmsp430_MSP-EXP430G2553LP_core.a(itoa.o)
 .debug_line    0x000019dd      0x118 C:/Users/Jimmy/Google Drive/School/Courses/Lab2/msp430_MSP-EXP430G2553LP_core/Debug\libmsp430_MSP-EXP430G2553LP_core.a(new.o)
 .debug_line    0x00001af5      0x1c6 c:/energia-1.6.10e18/hardware/tools/msp430/bin/../lib/gcc/msp430/4.6.3/../../../../msp430/lib\libm.a(ef_pow.o)
 .debug_line    0x00001cbb       0x97 c:/energia-1.6.10e18/hardware/tools/msp430/bin/../lib/gcc/msp430/4.6.3/../../../../msp430/lib\libm.a(sf_scalbn.o)
 .debug_line    0x00001d52       0xb7 c:/energia-1.6.10e18/hardware/tools/msp430/bin/../lib/gcc/msp430/4.6.3/../../../../msp430/lib\libm.a(ef_sqrt.o)
 .debug_line    0x00001e09       0x73 c:/energia-1.6.10e18/hardware/tools/msp430/bin/../lib/gcc/msp430/4.6.3\libgcc.a(_mulqi3.o)
 .debug_line    0x00001e7c       0x74 c:/energia-1.6.10e18/hardware/tools/msp430/bin/../lib/gcc/msp430/4.6.3\libgcc.a(_mulhi3.o)
 .debug_line    0x00001ef0       0x7e c:/energia-1.6.10e18/hardware/tools/msp430/bin/../lib/gcc/msp430/4.6.3\libgcc.a(_mulsi3.o)
 .debug_line    0x00001f6e       0x77 c:/energia-1.6.10e18/hardware/tools/msp430/bin/../lib/gcc/msp430/4.6.3\libgcc.a(_udivmod16.o)
 .debug_line    0x00001fe5       0x86 c:/energia-1.6.10e18/hardware/tools/msp430/bin/../lib/gcc/msp430/4.6.3\libgcc.a(_udivmod32.o)
 .debug_line    0x0000206b       0x6f c:/energia-1.6.10e18/hardware/tools/msp430/bin/../lib/gcc/msp430/4.6.3\libgcc.a(_fixunssfsi.o)
 .debug_line    0x000020da      0x117 c:/energia-1.6.10e18/hardware/tools/msp430/bin/../lib/gcc/msp430/4.6.3\libgcc.a(_addsub_sf.o)
 .debug_line    0x000021f1      0x10f c:/energia-1.6.10e18/hardware/tools/msp430/bin/../lib/gcc/msp430/4.6.3\libgcc.a(_mul_sf.o)
 .debug_line    0x00002300       0xd1 c:/energia-1.6.10e18/hardware/tools/msp430/bin/../lib/gcc/msp430/4.6.3\libgcc.a(_div_sf.o)
 .debug_line    0x000023d1       0x89 c:/energia-1.6.10e18/hardware/tools/msp430/bin/../lib/gcc/msp430/4.6.3\libgcc.a(_gt_sf.o)
 .debug_line    0x0000245a       0x89 c:/energia-1.6.10e18/hardware/tools/msp430/bin/../lib/gcc/msp430/4.6.3\libgcc.a(_ge_sf.o)
 .debug_line    0x000024e3       0x89 c:/energia-1.6.10e18/hardware/tools/msp430/bin/../lib/gcc/msp430/4.6.3\libgcc.a(_lt_sf.o)
 .debug_line    0x0000256c       0x89 c:/energia-1.6.10e18/hardware/tools/msp430/bin/../lib/gcc/msp430/4.6.3\libgcc.a(_le_sf.o)
 .debug_line    0x000025f5       0xa1 c:/energia-1.6.10e18/hardware/tools/msp430/bin/../lib/gcc/msp430/4.6.3\libgcc.a(_si_to_sf.o)
 .debug_line    0x00002696       0x97 c:/energia-1.6.10e18/hardware/tools/msp430/bin/../lib/gcc/msp430/4.6.3\libgcc.a(_sf_to_si.o)
 .debug_line    0x0000272d       0x6c c:/energia-1.6.10e18/hardware/tools/msp430/bin/../lib/gcc/msp430/4.6.3\libgcc.a(_thenan_sf.o)
 .debug_line    0x00002799       0x9e c:/energia-1.6.10e18/hardware/tools/msp430/bin/../lib/gcc/msp430/4.6.3\libgcc.a(_usi_to_sf.o)
 .debug_line    0x00002837       0x99 c:/energia-1.6.10e18/hardware/tools/msp430/bin/../lib/gcc/msp430/4.6.3\libgcc.a(_clzsi2.o)
 .debug_line    0x000028d0       0xda c:/energia-1.6.10e18/hardware/tools/msp430/bin/../lib/gcc/msp430/4.6.3\libgcc.a(_pack_sf.o)
 .debug_line    0x000029aa       0xb5 c:/energia-1.6.10e18/hardware/tools/msp430/bin/../lib/gcc/msp430/4.6.3\libgcc.a(_unpack_sf.o)
 .debug_line    0x00002a5f       0xc0 c:/energia-1.6.10e18/hardware/tools/msp430/bin/../lib/gcc/msp430/4.6.3\libgcc.a(_fpcmp_parts_sf.o)
 .debug_line    0x00002b1f       0x5b c:/energia-1.6.10e18/hardware/tools/msp430/bin/../lib/gcc/msp430/4.6.3\libgcc.a(_clz.o)
 .debug_line    0x00002b7a       0x44 c:/energia-1.6.10e18/hardware/tools/msp430/bin/../lib/gcc/msp430/4.6.3/../../../../msp430/lib\libc.a(strchr.o)
 .debug_line    0x00002bbe       0x49 c:/energia-1.6.10e18/hardware/tools/msp430/bin/../lib/gcc/msp430/4.6.3/../../../../msp430/lib\libc.a(strcmp.o)
 .debug_line    0x00002c07       0x82 c:/energia-1.6.10e18/hardware/tools/msp430/bin/../lib/gcc/msp430/4.6.3/../../../../msp430/lib\libc.a(strncmp.o)
 .debug_line    0x00002c89       0x4d c:/energia-1.6.10e18/hardware/tools/msp430/bin/../lib/gcc/msp430/4.6.3/../../../../msp430/lib\libc.a(strcpy.o)
 .debug_line    0x00002cd6       0x85 c:/energia-1.6.10e18/hardware/tools/msp430/bin/../lib/gcc/msp430/4.6.3/../../../../msp430/lib\libc.a(strncpy.o)
 .debug_line    0x00002d5b       0xf6 c:/energia-1.6.10e18/hardware/tools/msp430/bin/../lib/gcc/msp430/4.6.3/../../../../msp430/lib\libc.a(memcpy.o)
 .debug_line    0x00002e51       0xf6 c:/energia-1.6.10e18/hardware/tools/msp430/bin/../lib/gcc/msp430/4.6.3/../../../../msp430/lib\libc.a(memmove.o)
 .debug_line    0x00002f47       0x47 c:/energia-1.6.10e18/hardware/tools/msp430/bin/../lib/gcc/msp430/4.6.3/../../../../msp430/lib\libc.a(strrchr.o)
 .debug_line    0x00002f8e       0x86 c:/energia-1.6.10e18/hardware/tools/msp430/bin/../lib/gcc/msp430/4.6.3/../../../../msp430/lib\libc.a(strstr.o)
 .debug_line    0x00003014       0x3d c:/energia-1.6.10e18/hardware/tools/msp430/bin/../lib/gcc/msp430/4.6.3/../../../../msp430/lib\libc.a(atol.o)
 .debug_line    0x00003051       0xce c:/energia-1.6.10e18/hardware/tools/msp430/bin/../lib/gcc/msp430/4.6.3/../../../../msp430/lib\libc.a(malloc.o)
 .debug_line    0x0000311f      0x10b c:/energia-1.6.10e18/hardware/tools/msp430/bin/../lib/gcc/msp430/4.6.3/../../../../msp430/lib\libc.a(strtol.o)
 .debug_line    0x0000322a       0xa9 c:/energia-1.6.10e18/hardware/tools/msp430/bin/../lib/gcc/msp430/4.6.3/../../../../msp430/lib\libc.a(sprintf.o)
 .debug_line    0x000032d3      0x2df c:/energia-1.6.10e18/hardware/tools/msp430/bin/../lib/gcc/msp430/4.6.3/../../../../msp430/lib\libc.a(vuprintf.o)
 .debug_line    0x000035b2       0x31 c:/energia-1.6.10e18/hardware/tools/msp430/bin/../lib/gcc/msp430/4.6.3/../../../../msp430/lib\libc.a(errno.o)
 .debug_line    0x000035e3       0x8b c:/energia-1.6.10e18/hardware/tools/msp430/bin/../lib/gcc/msp430/4.6.3\libgcc.a(_divmod32.o)
 .debug_line    0x0000366e       0xcc c:/energia-1.6.10e18/hardware/tools/msp430/bin/../lib/gcc/msp430/4.6.3\libgcc.a(_udivmod64.o)
 .debug_line    0x0000373a       0x5c c:/energia-1.6.10e18/hardware/tools/msp430/bin/../lib/gcc/msp430/4.6.3\libcrt0.a(__watchdog_support.o)
 .debug_line    0x00003796       0x5a c:/energia-1.6.10e18/hardware/tools/msp430/bin/../lib/gcc/msp430/4.6.3\libcrt0.a(__init_stack.o)
 .debug_line    0x000037f0       0x60 c:/energia-1.6.10e18/hardware/tools/msp430/bin/../lib/gcc/msp430/4.6.3\libcrt0.a(_copy_data.o)
 .debug_line    0x00003850       0x60 c:/energia-1.6.10e18/hardware/tools/msp430/bin/../lib/gcc/msp430/4.6.3\libcrt0.a(_clear_bss.o)
 .debug_line    0x000038b0       0x5b c:/energia-1.6.10e18/hardware/tools/msp430/bin/../lib/gcc/msp430/4.6.3\libcrt0.a(_endless_loop__.o)
 .debug_line    0x0000390b       0x5a c:/energia-1.6.10e18/hardware/tools/msp430/bin/../lib/gcc/msp430/4.6.3\libcrt0.a(_unexpected_.o)
 .debug_line    0x00003965       0x5f c:/energia-1.6.10e18/hardware/tools/msp430/bin/../lib/gcc/msp430/4.6.3\libcrt0.a(_ctors430.o)

.debug_frame    0x00000000     0x19fe
 *(.debug_frame)
 .debug_frame   0x00000000       0x5a ./HelloWorld.o
 .debug_frame   0x0000005a      0x352 C:/Users/Jimmy/Google Drive/School/Courses/Lab2/msp430_MSP-EXP430G2553LP_LiquidCrystal/Debug\libmsp430_MSP-EXP430G2553LP_LiquidCrystal.a(LiquidCrystal.o)
 .debug_frame   0x000003ac      0x154 C:/Users/Jimmy/Google Drive/School/Courses/Lab2/msp430_MSP-EXP430G2553LP_core/Debug\libmsp430_MSP-EXP430G2553LP_core.a(wiring.o)
 .debug_frame   0x00000500       0x94 C:/Users/Jimmy/Google Drive/School/Courses/Lab2/msp430_MSP-EXP430G2553LP_core/Debug\libmsp430_MSP-EXP430G2553LP_core.a(wiring_digital.o)
 .debug_frame   0x00000594       0x1e C:/Users/Jimmy/Google Drive/School/Courses/Lab2/msp430_MSP-EXP430G2553LP_core/Debug\libmsp430_MSP-EXP430G2553LP_core.a(main.o)
 .debug_frame   0x000005b2      0x32a C:/Users/Jimmy/Google Drive/School/Courses/Lab2/msp430_MSP-EXP430G2553LP_core/Debug\libmsp430_MSP-EXP430G2553LP_core.a(Print.o)
 .debug_frame   0x000008dc      0x7dc C:/Users/Jimmy/Google Drive/School/Courses/Lab2/msp430_MSP-EXP430G2553LP_core/Debug\libmsp430_MSP-EXP430G2553LP_core.a(WString.o)
 .debug_frame   0x000010b8       0x6e C:/Users/Jimmy/Google Drive/School/Courses/Lab2/msp430_MSP-EXP430G2553LP_core/Debug\libmsp430_MSP-EXP430G2553LP_core.a(atof.o)
 .debug_frame   0x00001126       0x82 C:/Users/Jimmy/Google Drive/School/Courses/Lab2/msp430_MSP-EXP430G2553LP_core/Debug\libmsp430_MSP-EXP430G2553LP_core.a(dtostrf.o)
 .debug_frame   0x000011a8       0xec C:/Users/Jimmy/Google Drive/School/Courses/Lab2/msp430_MSP-EXP430G2553LP_core/Debug\libmsp430_MSP-EXP430G2553LP_core.a(itoa.o)
 .debug_frame   0x00001294       0x5a C:/Users/Jimmy/Google Drive/School/Courses/Lab2/msp430_MSP-EXP430G2553LP_core/Debug\libmsp430_MSP-EXP430G2553LP_core.a(new.o)
 .debug_frame   0x000012ee       0x56 c:/energia-1.6.10e18/hardware/tools/msp430/bin/../lib/gcc/msp430/4.6.3/../../../../msp430/lib\libm.a(ef_pow.o)
 .debug_frame   0x00001344       0x44 c:/energia-1.6.10e18/hardware/tools/msp430/bin/../lib/gcc/msp430/4.6.3/../../../../msp430/lib\libm.a(sf_scalbn.o)
 .debug_frame   0x00001388       0x62 c:/energia-1.6.10e18/hardware/tools/msp430/bin/../lib/gcc/msp430/4.6.3/../../../../msp430/lib\libm.a(ef_sqrt.o)
 .debug_frame   0x000013ea       0x28 c:/energia-1.6.10e18/hardware/tools/msp430/bin/../lib/gcc/msp430/4.6.3\libgcc.a(_fixunssfsi.o)
 .debug_frame   0x00001412       0x6a c:/energia-1.6.10e18/hardware/tools/msp430/bin/../lib/gcc/msp430/4.6.3\libgcc.a(_addsub_sf.o)
 .debug_frame   0x0000147c       0x4a c:/energia-1.6.10e18/hardware/tools/msp430/bin/../lib/gcc/msp430/4.6.3\libgcc.a(_mul_sf.o)
 .debug_frame   0x000014c6       0x3a c:/energia-1.6.10e18/hardware/tools/msp430/bin/../lib/gcc/msp430/4.6.3\libgcc.a(_div_sf.o)
 .debug_frame   0x00001500       0x22 c:/energia-1.6.10e18/hardware/tools/msp430/bin/../lib/gcc/msp430/4.6.3\libgcc.a(_gt_sf.o)
 .debug_frame   0x00001522       0x22 c:/energia-1.6.10e18/hardware/tools/msp430/bin/../lib/gcc/msp430/4.6.3\libgcc.a(_ge_sf.o)
 .debug_frame   0x00001544       0x22 c:/energia-1.6.10e18/hardware/tools/msp430/bin/../lib/gcc/msp430/4.6.3\libgcc.a(_lt_sf.o)
 .debug_frame   0x00001566       0x22 c:/energia-1.6.10e18/hardware/tools/msp430/bin/../lib/gcc/msp430/4.6.3\libgcc.a(_le_sf.o)
 .debug_frame   0x00001588       0x2c c:/energia-1.6.10e18/hardware/tools/msp430/bin/../lib/gcc/msp430/4.6.3\libgcc.a(_si_to_sf.o)
 .debug_frame   0x000015b4       0x22 c:/energia-1.6.10e18/hardware/tools/msp430/bin/../lib/gcc/msp430/4.6.3\libgcc.a(_sf_to_si.o)
 .debug_frame   0x000015d6       0x36 c:/energia-1.6.10e18/hardware/tools/msp430/bin/../lib/gcc/msp430/4.6.3\libgcc.a(_usi_to_sf.o)
 .debug_frame   0x0000160c       0x2e c:/energia-1.6.10e18/hardware/tools/msp430/bin/../lib/gcc/msp430/4.6.3\libgcc.a(_clzsi2.o)
 .debug_frame   0x0000163a       0x38 c:/energia-1.6.10e18/hardware/tools/msp430/bin/../lib/gcc/msp430/4.6.3\libgcc.a(_pack_sf.o)
 .debug_frame   0x00001672       0x28 c:/energia-1.6.10e18/hardware/tools/msp430/bin/../lib/gcc/msp430/4.6.3\libgcc.a(_unpack_sf.o)
 .debug_frame   0x0000169a       0x24 c:/energia-1.6.10e18/hardware/tools/msp430/bin/../lib/gcc/msp430/4.6.3\libgcc.a(_fpcmp_parts_sf.o)
 .debug_frame   0x000016be       0x1e c:/energia-1.6.10e18/hardware/tools/msp430/bin/../lib/gcc/msp430/4.6.3/../../../../msp430/lib\libc.a(strchr.o)
 .debug_frame   0x000016dc       0x1e c:/energia-1.6.10e18/hardware/tools/msp430/bin/../lib/gcc/msp430/4.6.3/../../../../msp430/lib\libc.a(strcmp.o)
 .debug_frame   0x000016fa       0x24 c:/energia-1.6.10e18/hardware/tools/msp430/bin/../lib/gcc/msp430/4.6.3/../../../../msp430/lib\libc.a(strncmp.o)
 .debug_frame   0x0000171e       0x1e c:/energia-1.6.10e18/hardware/tools/msp430/bin/../lib/gcc/msp430/4.6.3/../../../../msp430/lib\libc.a(strcpy.o)
 .debug_frame   0x0000173c       0x24 c:/energia-1.6.10e18/hardware/tools/msp430/bin/../lib/gcc/msp430/4.6.3/../../../../msp430/lib\libc.a(strncpy.o)
 .debug_frame   0x00001760       0x38 c:/energia-1.6.10e18/hardware/tools/msp430/bin/../lib/gcc/msp430/4.6.3/../../../../msp430/lib\libc.a(memcpy.o)
 .debug_frame   0x00001798       0x38 c:/energia-1.6.10e18/hardware/tools/msp430/bin/../lib/gcc/msp430/4.6.3/../../../../msp430/lib\libc.a(memmove.o)
 .debug_frame   0x000017d0       0x24 c:/energia-1.6.10e18/hardware/tools/msp430/bin/../lib/gcc/msp430/4.6.3/../../../../msp430/lib\libc.a(strrchr.o)
 .debug_frame   0x000017f4       0x38 c:/energia-1.6.10e18/hardware/tools/msp430/bin/../lib/gcc/msp430/4.6.3/../../../../msp430/lib\libc.a(strstr.o)
 .debug_frame   0x0000182c       0x1e c:/energia-1.6.10e18/hardware/tools/msp430/bin/../lib/gcc/msp430/4.6.3/../../../../msp430/lib\libc.a(atol.o)
 .debug_frame   0x0000184a       0x52 c:/energia-1.6.10e18/hardware/tools/msp430/bin/../lib/gcc/msp430/4.6.3/../../../../msp430/lib\libc.a(malloc.o)
 .debug_frame   0x0000189c       0x4a c:/energia-1.6.10e18/hardware/tools/msp430/bin/../lib/gcc/msp430/4.6.3/../../../../msp430/lib\libc.a(strtol.o)
 .debug_frame   0x000018e6       0x68 c:/energia-1.6.10e18/hardware/tools/msp430/bin/../lib/gcc/msp430/4.6.3/../../../../msp430/lib\libc.a(sprintf.o)
 .debug_frame   0x0000194e       0xb0 c:/energia-1.6.10e18/hardware/tools/msp430/bin/../lib/gcc/msp430/4.6.3/../../../../msp430/lib\libc.a(vuprintf.o)

.debug_str      0x00000000     0x2701
 *(.debug_str)
 .debug_str     0x00000000      0x21e ./HelloWorld.o
                                0x25d (size before relaxing)
 .debug_str     0x0000021e      0x565 C:/Users/Jimmy/Google Drive/School/Courses/Lab2/msp430_MSP-EXP430G2553LP_LiquidCrystal/Debug\libmsp430_MSP-EXP430G2553LP_LiquidCrystal.a(LiquidCrystal.o)
                                0x727 (size before relaxing)
 .debug_str     0x00000783      0x207 C:/Users/Jimmy/Google Drive/School/Courses/Lab2/msp430_MSP-EXP430G2553LP_core/Debug\libmsp430_MSP-EXP430G2553LP_core.a(wiring.o)
                                0x3c6 (size before relaxing)
 .debug_str     0x0000098a      0x467 C:/Users/Jimmy/Google Drive/School/Courses/Lab2/msp430_MSP-EXP430G2553LP_core/Debug\libmsp430_MSP-EXP430G2553LP_core.a(wiring_digital.o)
                                0x687 (size before relaxing)
 .debug_str     0x00000df1       0x9c C:/Users/Jimmy/Google Drive/School/Courses/Lab2/msp430_MSP-EXP430G2553LP_core/Debug\libmsp430_MSP-EXP430G2553LP_core.a(main.o)
                                0x239 (size before relaxing)
 .debug_str     0x00000e8d      0xc31 C:/Users/Jimmy/Google Drive/School/Courses/Lab2/msp430_MSP-EXP430G2553LP_core/Debug\libmsp430_MSP-EXP430G2553LP_core.a(Print.o)
                                0xea8 (size before relaxing)
 .debug_str     0x00001abe      0x260 C:/Users/Jimmy/Google Drive/School/Courses/Lab2/msp430_MSP-EXP430G2553LP_core/Debug\libmsp430_MSP-EXP430G2553LP_core.a(WString.o)
                                0xc40 (size before relaxing)
 .debug_str     0x00001d1e       0x5d C:/Users/Jimmy/Google Drive/School/Courses/Lab2/msp430_MSP-EXP430G2553LP_core/Debug\libmsp430_MSP-EXP430G2553LP_core.a(atof.o)
                                 0xc0 (size before relaxing)
 .debug_str     0x00001d7b       0x69 C:/Users/Jimmy/Google Drive/School/Courses/Lab2/msp430_MSP-EXP430G2553LP_core/Debug\libmsp430_MSP-EXP430G2553LP_core.a(dtostrf.o)
                                0x1ad (size before relaxing)
 .debug_str     0x00001de4       0x57 C:/Users/Jimmy/Google Drive/School/Courses/Lab2/msp430_MSP-EXP430G2553LP_core/Debug\libmsp430_MSP-EXP430G2553LP_core.a(itoa.o)
                                0x12c (size before relaxing)
 .debug_str     0x00001e3b       0xa4 C:/Users/Jimmy/Google Drive/School/Courses/Lab2/msp430_MSP-EXP430G2553LP_core/Debug\libmsp430_MSP-EXP430G2553LP_core.a(new.o)
                                0x18d (size before relaxing)
 .debug_str     0x00001edf       0xcc c:/energia-1.6.10e18/hardware/tools/msp430/bin/../lib/gcc/msp430/4.6.3/../../../../msp430/lib\libm.a(ef_pow.o)
                                0x197 (size before relaxing)
 .debug_str     0x00001fab       0x2f c:/energia-1.6.10e18/hardware/tools/msp430/bin/../lib/gcc/msp430/4.6.3/../../../../msp430/lib\libm.a(sf_scalbn.o)
                                0x15a (size before relaxing)
 .debug_str     0x00001fda       0x26 c:/energia-1.6.10e18/hardware/tools/msp430/bin/../lib/gcc/msp430/4.6.3/../../../../msp430/lib\libm.a(ef_sqrt.o)
                                0x152 (size before relaxing)
 .debug_str     0x00002000       0x86 c:/energia-1.6.10e18/hardware/tools/msp430/bin/../lib/gcc/msp430/4.6.3\libgcc.a(_fixunssfsi.o)
                                0x13e (size before relaxing)
 .debug_str     0x00002086      0x138 c:/energia-1.6.10e18/hardware/tools/msp430/bin/../lib/gcc/msp430/4.6.3\libgcc.a(_addsub_sf.o)
                                0x238 (size before relaxing)
 .debug_str     0x000021be       0x27 c:/energia-1.6.10e18/hardware/tools/msp430/bin/../lib/gcc/msp430/4.6.3\libgcc.a(_mul_sf.o)
                                0x1f1 (size before relaxing)
 .debug_str     0x000021e5       0x35 c:/energia-1.6.10e18/hardware/tools/msp430/bin/../lib/gcc/msp430/4.6.3\libgcc.a(_div_sf.o)
                                0x1fa (size before relaxing)
 .debug_str     0x0000221a        0x8 c:/energia-1.6.10e18/hardware/tools/msp430/bin/../lib/gcc/msp430/4.6.3\libgcc.a(_gt_sf.o)
                                0x1bf (size before relaxing)
 .debug_str     0x00002222        0x8 c:/energia-1.6.10e18/hardware/tools/msp430/bin/../lib/gcc/msp430/4.6.3\libgcc.a(_ge_sf.o)
                                0x1bf (size before relaxing)
 .debug_str     0x0000222a        0x8 c:/energia-1.6.10e18/hardware/tools/msp430/bin/../lib/gcc/msp430/4.6.3\libgcc.a(_lt_sf.o)
                                0x1bf (size before relaxing)
 .debug_str     0x00002232        0x8 c:/energia-1.6.10e18/hardware/tools/msp430/bin/../lib/gcc/msp430/4.6.3\libgcc.a(_le_sf.o)
                                0x1bf (size before relaxing)
 .debug_str     0x0000223a       0x27 c:/energia-1.6.10e18/hardware/tools/msp430/bin/../lib/gcc/msp430/4.6.3\libgcc.a(_si_to_sf.o)
                                0x1ae (size before relaxing)
 .debug_str     0x00002261        0xa c:/energia-1.6.10e18/hardware/tools/msp430/bin/../lib/gcc/msp430/4.6.3\libgcc.a(_sf_to_si.o)
                                0x1c8 (size before relaxing)
 .debug_str     0x00000000      0x16a c:/energia-1.6.10e18/hardware/tools/msp430/bin/../lib/gcc/msp430/4.6.3\libgcc.a(_thenan_sf.o)
 .debug_str     0x0000226b        0xe c:/energia-1.6.10e18/hardware/tools/msp430/bin/../lib/gcc/msp430/4.6.3\libgcc.a(_usi_to_sf.o)
                                0x1aa (size before relaxing)
 .debug_str     0x00002279       0x17 c:/energia-1.6.10e18/hardware/tools/msp430/bin/../lib/gcc/msp430/4.6.3\libgcc.a(_clzsi2.o)
                                0x14a (size before relaxing)
 .debug_str     0x00002290       0x10 c:/energia-1.6.10e18/hardware/tools/msp430/bin/../lib/gcc/msp430/4.6.3\libgcc.a(_pack_sf.o)
                                0x1c7 (size before relaxing)
 .debug_str     0x000022a0        0xb c:/energia-1.6.10e18/hardware/tools/msp430/bin/../lib/gcc/msp430/4.6.3\libgcc.a(_unpack_sf.o)
                                0x1a9 (size before relaxing)
 .debug_str     0x000022ab       0x10 c:/energia-1.6.10e18/hardware/tools/msp430/bin/../lib/gcc/msp430/4.6.3\libgcc.a(_fpcmp_parts_sf.o)
                                0x18d (size before relaxing)
 .debug_str     0x00000000      0x12d c:/energia-1.6.10e18/hardware/tools/msp430/bin/../lib/gcc/msp430/4.6.3\libgcc.a(_clz.o)
 .debug_str     0x000022bb       0x19 c:/energia-1.6.10e18/hardware/tools/msp430/bin/../lib/gcc/msp430/4.6.3/../../../../msp430/lib\libc.a(strchr.o)
                                 0xfd (size before relaxing)
 .debug_str     0x000022d4       0x19 c:/energia-1.6.10e18/hardware/tools/msp430/bin/../lib/gcc/msp430/4.6.3/../../../../msp430/lib\libc.a(strcmp.o)
                                 0xfd (size before relaxing)
 .debug_str     0x000022ed       0x1b c:/energia-1.6.10e18/hardware/tools/msp430/bin/../lib/gcc/msp430/4.6.3/../../../../msp430/lib\libc.a(strncmp.o)
                                0x106 (size before relaxing)
 .debug_str     0x00002308       0x23 c:/energia-1.6.10e18/hardware/tools/msp430/bin/../lib/gcc/msp430/4.6.3/../../../../msp430/lib\libc.a(strcpy.o)
                                0x107 (size before relaxing)
 .debug_str     0x0000232b       0x1b c:/energia-1.6.10e18/hardware/tools/msp430/bin/../lib/gcc/msp430/4.6.3/../../../../msp430/lib\libc.a(strncpy.o)
                                0x106 (size before relaxing)
 .debug_str     0x00002346       0x28 c:/energia-1.6.10e18/hardware/tools/msp430/bin/../lib/gcc/msp430/4.6.3/../../../../msp430/lib\libc.a(memcpy.o)
                                0x11f (size before relaxing)
 .debug_str     0x0000236e       0x1b c:/energia-1.6.10e18/hardware/tools/msp430/bin/../lib/gcc/msp430/4.6.3/../../../../msp430/lib\libc.a(memmove.o)
                                0x121 (size before relaxing)
 .debug_str     0x00002389       0x1b c:/energia-1.6.10e18/hardware/tools/msp430/bin/../lib/gcc/msp430/4.6.3/../../../../msp430/lib\libc.a(strrchr.o)
                                0x104 (size before relaxing)
 .debug_str     0x000023a4       0x19 c:/energia-1.6.10e18/hardware/tools/msp430/bin/../lib/gcc/msp430/4.6.3/../../../../msp430/lib\libc.a(strstr.o)
                                0x109 (size before relaxing)
 .debug_str     0x000023bd       0x15 c:/energia-1.6.10e18/hardware/tools/msp430/bin/../lib/gcc/msp430/4.6.3/../../../../msp430/lib\libc.a(atol.o)
                                 0xf9 (size before relaxing)
 .debug_str     0x000023d2       0x55 c:/energia-1.6.10e18/hardware/tools/msp430/bin/../lib/gcc/msp430/4.6.3/../../../../msp430/lib\libc.a(malloc.o)
                                0x145 (size before relaxing)
 .debug_str     0x00002427       0x47 c:/energia-1.6.10e18/hardware/tools/msp430/bin/../lib/gcc/msp430/4.6.3/../../../../msp430/lib\libc.a(strtol.o)
                                0x138 (size before relaxing)
 .debug_str     0x0000246e       0x8f c:/energia-1.6.10e18/hardware/tools/msp430/bin/../lib/gcc/msp430/4.6.3/../../../../msp430/lib\libc.a(sprintf.o)
                                0x198 (size before relaxing)
 .debug_str     0x000024fd      0x1f3 c:/energia-1.6.10e18/hardware/tools/msp430/bin/../lib/gcc/msp430/4.6.3/../../../../msp430/lib\libc.a(vuprintf.o)
                                0x37e (size before relaxing)
 .debug_str     0x000026f0       0x11 c:/energia-1.6.10e18/hardware/tools/msp430/bin/../lib/gcc/msp430/4.6.3/../../../../msp430/lib\libc.a(errno.o)
                                 0x7c (size before relaxing)

.debug_loc      0x00000000     0x46d6
 *(.debug_loc)
 .debug_loc     0x00000000      0x464 C:/Users/Jimmy/Google Drive/School/Courses/Lab2/msp430_MSP-EXP430G2553LP_LiquidCrystal/Debug\libmsp430_MSP-EXP430G2553LP_LiquidCrystal.a(LiquidCrystal.o)
 .debug_loc     0x00000464      0x10b C:/Users/Jimmy/Google Drive/School/Courses/Lab2/msp430_MSP-EXP430G2553LP_core/Debug\libmsp430_MSP-EXP430G2553LP_core.a(wiring.o)
 .debug_loc     0x0000056f      0x211 C:/Users/Jimmy/Google Drive/School/Courses/Lab2/msp430_MSP-EXP430G2553LP_core/Debug\libmsp430_MSP-EXP430G2553LP_core.a(wiring_digital.o)
 .debug_loc     0x00000780      0x6dd C:/Users/Jimmy/Google Drive/School/Courses/Lab2/msp430_MSP-EXP430G2553LP_core/Debug\libmsp430_MSP-EXP430G2553LP_core.a(Print.o)
 .debug_loc     0x00000e5d      0xeb0 C:/Users/Jimmy/Google Drive/School/Courses/Lab2/msp430_MSP-EXP430G2553LP_core/Debug\libmsp430_MSP-EXP430G2553LP_core.a(WString.o)
 .debug_loc     0x00001d0d      0x129 C:/Users/Jimmy/Google Drive/School/Courses/Lab2/msp430_MSP-EXP430G2553LP_core/Debug\libmsp430_MSP-EXP430G2553LP_core.a(atof.o)
 .debug_loc     0x00001e36       0x52 C:/Users/Jimmy/Google Drive/School/Courses/Lab2/msp430_MSP-EXP430G2553LP_core/Debug\libmsp430_MSP-EXP430G2553LP_core.a(dtostrf.o)
 .debug_loc     0x00001e88      0x22a C:/Users/Jimmy/Google Drive/School/Courses/Lab2/msp430_MSP-EXP430G2553LP_core/Debug\libmsp430_MSP-EXP430G2553LP_core.a(itoa.o)
 .debug_loc     0x000020b2       0x21 C:/Users/Jimmy/Google Drive/School/Courses/Lab2/msp430_MSP-EXP430G2553LP_core/Debug\libmsp430_MSP-EXP430G2553LP_core.a(new.o)
 .debug_loc     0x000020d3      0x6d7 c:/energia-1.6.10e18/hardware/tools/msp430/bin/../lib/gcc/msp430/4.6.3/../../../../msp430/lib\libm.a(ef_pow.o)
 .debug_loc     0x000027aa      0x16d c:/energia-1.6.10e18/hardware/tools/msp430/bin/../lib/gcc/msp430/4.6.3/../../../../msp430/lib\libm.a(sf_scalbn.o)
 .debug_loc     0x00002917      0x1b4 c:/energia-1.6.10e18/hardware/tools/msp430/bin/../lib/gcc/msp430/4.6.3/../../../../msp430/lib\libm.a(ef_sqrt.o)
 .debug_loc     0x00002acb       0x44 c:/energia-1.6.10e18/hardware/tools/msp430/bin/../lib/gcc/msp430/4.6.3\libgcc.a(_fixunssfsi.o)
 .debug_loc     0x00002b0f      0x2ca c:/energia-1.6.10e18/hardware/tools/msp430/bin/../lib/gcc/msp430/4.6.3\libgcc.a(_addsub_sf.o)
 .debug_loc     0x00002dd9      0x23c c:/energia-1.6.10e18/hardware/tools/msp430/bin/../lib/gcc/msp430/4.6.3\libgcc.a(_mul_sf.o)
 .debug_loc     0x00003015      0x110 c:/energia-1.6.10e18/hardware/tools/msp430/bin/../lib/gcc/msp430/4.6.3\libgcc.a(_div_sf.o)
 .debug_loc     0x00003125       0x3c c:/energia-1.6.10e18/hardware/tools/msp430/bin/../lib/gcc/msp430/4.6.3\libgcc.a(_gt_sf.o)
 .debug_loc     0x00003161       0x3c c:/energia-1.6.10e18/hardware/tools/msp430/bin/../lib/gcc/msp430/4.6.3\libgcc.a(_ge_sf.o)
 .debug_loc     0x0000319d       0x3c c:/energia-1.6.10e18/hardware/tools/msp430/bin/../lib/gcc/msp430/4.6.3\libgcc.a(_lt_sf.o)
 .debug_loc     0x000031d9       0x3c c:/energia-1.6.10e18/hardware/tools/msp430/bin/../lib/gcc/msp430/4.6.3\libgcc.a(_le_sf.o)
 .debug_loc     0x00003215       0xa2 c:/energia-1.6.10e18/hardware/tools/msp430/bin/../lib/gcc/msp430/4.6.3\libgcc.a(_si_to_sf.o)
 .debug_loc     0x000032b7       0x3c c:/energia-1.6.10e18/hardware/tools/msp430/bin/../lib/gcc/msp430/4.6.3\libgcc.a(_sf_to_si.o)
 .debug_loc     0x000032f3       0x6c c:/energia-1.6.10e18/hardware/tools/msp430/bin/../lib/gcc/msp430/4.6.3\libgcc.a(_usi_to_sf.o)
 .debug_loc     0x0000335f       0x80 c:/energia-1.6.10e18/hardware/tools/msp430/bin/../lib/gcc/msp430/4.6.3\libgcc.a(_clzsi2.o)
 .debug_loc     0x000033df      0x181 c:/energia-1.6.10e18/hardware/tools/msp430/bin/../lib/gcc/msp430/4.6.3\libgcc.a(_pack_sf.o)
 .debug_loc     0x00003560       0x83 c:/energia-1.6.10e18/hardware/tools/msp430/bin/../lib/gcc/msp430/4.6.3\libgcc.a(_unpack_sf.o)
 .debug_loc     0x000035e3       0x5b c:/energia-1.6.10e18/hardware/tools/msp430/bin/../lib/gcc/msp430/4.6.3\libgcc.a(_fpcmp_parts_sf.o)
 .debug_loc     0x0000363e        0xb c:/energia-1.6.10e18/hardware/tools/msp430/bin/../lib/gcc/msp430/4.6.3/../../../../msp430/lib\libc.a(strchr.o)
 .debug_loc     0x00003649       0x24 c:/energia-1.6.10e18/hardware/tools/msp430/bin/../lib/gcc/msp430/4.6.3/../../../../msp430/lib\libc.a(strcmp.o)
 .debug_loc     0x0000366d       0x38 c:/energia-1.6.10e18/hardware/tools/msp430/bin/../lib/gcc/msp430/4.6.3/../../../../msp430/lib\libc.a(strncmp.o)
 .debug_loc     0x000036a5       0x12 c:/energia-1.6.10e18/hardware/tools/msp430/bin/../lib/gcc/msp430/4.6.3/../../../../msp430/lib\libc.a(strcpy.o)
 .debug_loc     0x000036b7       0x45 c:/energia-1.6.10e18/hardware/tools/msp430/bin/../lib/gcc/msp430/4.6.3/../../../../msp430/lib\libc.a(strncpy.o)
 .debug_loc     0x000036fc      0x1e9 c:/energia-1.6.10e18/hardware/tools/msp430/bin/../lib/gcc/msp430/4.6.3/../../../../msp430/lib\libc.a(memcpy.o)
 .debug_loc     0x000038e5      0x1e9 c:/energia-1.6.10e18/hardware/tools/msp430/bin/../lib/gcc/msp430/4.6.3/../../../../msp430/lib\libc.a(memmove.o)
 .debug_loc     0x00003ace       0x39 c:/energia-1.6.10e18/hardware/tools/msp430/bin/../lib/gcc/msp430/4.6.3/../../../../msp430/lib\libc.a(strrchr.o)
 .debug_loc     0x00003b07       0xa9 c:/energia-1.6.10e18/hardware/tools/msp430/bin/../lib/gcc/msp430/4.6.3/../../../../msp430/lib\libc.a(strstr.o)
 .debug_loc     0x00003bb0        0xb c:/energia-1.6.10e18/hardware/tools/msp430/bin/../lib/gcc/msp430/4.6.3/../../../../msp430/lib\libc.a(atol.o)
 .debug_loc     0x00003bbb      0x12e c:/energia-1.6.10e18/hardware/tools/msp430/bin/../lib/gcc/msp430/4.6.3/../../../../msp430/lib\libc.a(malloc.o)
 .debug_loc     0x00003ce9      0x1f6 c:/energia-1.6.10e18/hardware/tools/msp430/bin/../lib/gcc/msp430/4.6.3/../../../../msp430/lib\libc.a(strtol.o)
 .debug_loc     0x00003edf       0xeb c:/energia-1.6.10e18/hardware/tools/msp430/bin/../lib/gcc/msp430/4.6.3/../../../../msp430/lib\libc.a(sprintf.o)
 .debug_loc     0x00003fca      0x70c c:/energia-1.6.10e18/hardware/tools/msp430/bin/../lib/gcc/msp430/4.6.3/../../../../msp430/lib\libc.a(vuprintf.o)

.debug_macinfo
 *(.debug_macinfo)

.debug_pubtypes
 *(.debug_pubtypes)

.debug_ranges   0x00000000      0x368
 *(.debug_ranges)
 .debug_ranges  0x00000000       0x10 ./HelloWorld.o
 .debug_ranges  0x00000010       0x70 C:/Users/Jimmy/Google Drive/School/Courses/Lab2/msp430_MSP-EXP430G2553LP_LiquidCrystal/Debug\libmsp430_MSP-EXP430G2553LP_LiquidCrystal.a(LiquidCrystal.o)
 .debug_ranges  0x00000080       0x3c C:/Users/Jimmy/Google Drive/School/Courses/Lab2/msp430_MSP-EXP430G2553LP_core/Debug\libmsp430_MSP-EXP430G2553LP_core.a(wiring.o)
 .debug_ranges  0x000000bc       0x14 C:/Users/Jimmy/Google Drive/School/Courses/Lab2/msp430_MSP-EXP430G2553LP_core/Debug\libmsp430_MSP-EXP430G2553LP_core.a(wiring_digital.o)
 .debug_ranges  0x000000d0        0x8 C:/Users/Jimmy/Google Drive/School/Courses/Lab2/msp430_MSP-EXP430G2553LP_core/Debug\libmsp430_MSP-EXP430G2553LP_core.a(main.o)
 .debug_ranges  0x000000d8       0x70 C:/Users/Jimmy/Google Drive/School/Courses/Lab2/msp430_MSP-EXP430G2553LP_core/Debug\libmsp430_MSP-EXP430G2553LP_core.a(Print.o)
 .debug_ranges  0x00000148      0x150 C:/Users/Jimmy/Google Drive/School/Courses/Lab2/msp430_MSP-EXP430G2553LP_core/Debug\libmsp430_MSP-EXP430G2553LP_core.a(WString.o)
 .debug_ranges  0x00000298        0x8 C:/Users/Jimmy/Google Drive/School/Courses/Lab2/msp430_MSP-EXP430G2553LP_core/Debug\libmsp430_MSP-EXP430G2553LP_core.a(atof.o)
 .debug_ranges  0x000002a0        0x8 C:/Users/Jimmy/Google Drive/School/Courses/Lab2/msp430_MSP-EXP430G2553LP_core/Debug\libmsp430_MSP-EXP430G2553LP_core.a(dtostrf.o)
 .debug_ranges  0x000002a8       0x14 C:/Users/Jimmy/Google Drive/School/Courses/Lab2/msp430_MSP-EXP430G2553LP_core/Debug\libmsp430_MSP-EXP430G2553LP_core.a(itoa.o)
 .debug_ranges  0x000002bc       0x1c C:/Users/Jimmy/Google Drive/School/Courses/Lab2/msp430_MSP-EXP430G2553LP_core/Debug\libmsp430_MSP-EXP430G2553LP_core.a(new.o)
 .debug_ranges  0x000002d8       0x14 c:/energia-1.6.10e18/hardware/tools/msp430/bin/../lib/gcc/msp430/4.6.3\libgcc.a(_addsub_sf.o)
 .debug_ranges  0x000002ec       0x28 c:/energia-1.6.10e18/hardware/tools/msp430/bin/../lib/gcc/msp430/4.6.3\libgcc.a(_mul_sf.o)
 .debug_ranges  0x00000314       0x24 c:/energia-1.6.10e18/hardware/tools/msp430/bin/../lib/gcc/msp430/4.6.3\libgcc.a(_div_sf.o)
 .debug_ranges  0x00000338        0xc c:/energia-1.6.10e18/hardware/tools/msp430/bin/../lib/gcc/msp430/4.6.3\libgcc.a(_clzsi2.o)
 .debug_ranges  0x00000344        0xc c:/energia-1.6.10e18/hardware/tools/msp430/bin/../lib/gcc/msp430/4.6.3/../../../../msp430/lib\libc.a(malloc.o)
 .debug_ranges  0x00000350       0x18 c:/energia-1.6.10e18/hardware/tools/msp430/bin/../lib/gcc/msp430/4.6.3/../../../../msp430/lib\libc.a(vuprintf.o)
                0x00000400                PROVIDE (__stack, (ORIGIN (ram) + 0x200))
                0x0000c6f6                PROVIDE (__data_start_rom, _etext)
                0x0000c6f6                PROVIDE (__data_end_rom, (_etext + SIZEOF (.data)))
OUTPUT(HelloWorld.out elf32-msp430)
