Archive member included because of file (symbol)

C:/Users/Jimmy/Google Drive/School/Courses/Lab2/msp430_MSP-EXP430G2553LP_IRremote/Debug\libmsp430_MSP-EXP430G2553LP_IRremote.a(IRremote.o)
                              ./IRrecord.o (IRsend::sendRC6(unsigned long, int))
C:/Users/Jimmy/Google Drive/School/Courses/Lab2/msp430_MSP-EXP430G2553LP_core/Debug\libmsp430_MSP-EXP430G2553LP_core.a(wiring.o)
                              C:/Users/Jimmy/Google Drive/School/Courses/Lab2/msp430_MSP-EXP430G2553LP_IRremote/Debug\libmsp430_MSP-EXP430G2553LP_IRremote.a(IRremote.o) (delayMicroseconds)
C:/Users/Jimmy/Google Drive/School/Courses/Lab2/msp430_MSP-EXP430G2553LP_core/Debug\libmsp430_MSP-EXP430G2553LP_core.a(wiring_digital.o)
                              ./IRrecord.o (pinMode)
C:/Users/Jimmy/Google Drive/School/Courses/Lab2/msp430_MSP-EXP430G2553LP_core/Debug\libmsp430_MSP-EXP430G2553LP_core.a(HardwareSerial.o)
                              ./IRrecord.o (Serial)
C:/Users/Jimmy/Google Drive/School/Courses/Lab2/msp430_MSP-EXP430G2553LP_core/Debug\libmsp430_MSP-EXP430G2553LP_core.a(main.o)
                              (main)
C:/Users/Jimmy/Google Drive/School/Courses/Lab2/msp430_MSP-EXP430G2553LP_core/Debug\libmsp430_MSP-EXP430G2553LP_core.a(Print.o)
                              C:/Users/Jimmy/Google Drive/School/Courses/Lab2/msp430_MSP-EXP430G2553LP_core/Debug\libmsp430_MSP-EXP430G2553LP_core.a(HardwareSerial.o) (Print::write(unsigned char const*, unsigned int))
C:/Users/Jimmy/Google Drive/School/Courses/Lab2/msp430_MSP-EXP430G2553LP_core/Debug\libmsp430_MSP-EXP430G2553LP_core.a(WString.o)
                              C:/Users/Jimmy/Google Drive/School/Courses/Lab2/msp430_MSP-EXP430G2553LP_core/Debug\libmsp430_MSP-EXP430G2553LP_core.a(Print.o) (String::operator[](unsigned int) const)
C:/Users/Jimmy/Google Drive/School/Courses/Lab2/msp430_MSP-EXP430G2553LP_core/Debug\libmsp430_MSP-EXP430G2553LP_core.a(atof.o)
                              C:/Users/Jimmy/Google Drive/School/Courses/Lab2/msp430_MSP-EXP430G2553LP_core/Debug\libmsp430_MSP-EXP430G2553LP_core.a(WString.o) (atof)
C:/Users/Jimmy/Google Drive/School/Courses/Lab2/msp430_MSP-EXP430G2553LP_core/Debug\libmsp430_MSP-EXP430G2553LP_core.a(dtostrf.o)
                              C:/Users/Jimmy/Google Drive/School/Courses/Lab2/msp430_MSP-EXP430G2553LP_core/Debug\libmsp430_MSP-EXP430G2553LP_core.a(WString.o) (dtostrf)
C:/Users/Jimmy/Google Drive/School/Courses/Lab2/msp430_MSP-EXP430G2553LP_core/Debug\libmsp430_MSP-EXP430G2553LP_core.a(itoa.o)
                              C:/Users/Jimmy/Google Drive/School/Courses/Lab2/msp430_MSP-EXP430G2553LP_core/Debug\libmsp430_MSP-EXP430G2553LP_core.a(WString.o) (ltoa)
C:/Users/Jimmy/Google Drive/School/Courses/Lab2/msp430_MSP-EXP430G2553LP_core/Debug\libmsp430_MSP-EXP430G2553LP_core.a(usci_isr_handler.o)
                              C:/Users/Jimmy/Google Drive/School/Courses/Lab2/msp430_MSP-EXP430G2553LP_core/Debug\libmsp430_MSP-EXP430G2553LP_core.a(HardwareSerial.o) (usci_isr_install)
C:/Users/Jimmy/Google Drive/School/Courses/Lab2/msp430_MSP-EXP430G2553LP_core/Debug\libmsp430_MSP-EXP430G2553LP_core.a(new.o)
                              C:/Users/Jimmy/Google Drive/School/Courses/Lab2/msp430_MSP-EXP430G2553LP_core/Debug\libmsp430_MSP-EXP430G2553LP_core.a(Print.o) (__cxa_pure_virtual)
C:/Users/Jimmy/Google Drive/School/Courses/Lab2/msp430_MSP-EXP430G2553LP_core/Debug\libmsp430_MSP-EXP430G2553LP_core.a(twi.o)
                              C:/Users/Jimmy/Google Drive/School/Courses/Lab2/msp430_MSP-EXP430G2553LP_core/Debug\libmsp430_MSP-EXP430G2553LP_core.a(usci_isr_handler.o) (i2c_txrx_isr)
C:/Users/Jimmy/Google Drive/School/Courses/Lab2/msp430_MSP-EXP430G2553LP_core/Debug\libmsp430_MSP-EXP430G2553LP_core.a(twi_sw.o)
                              C:/Users/Jimmy/Google Drive/School/Courses/Lab2/msp430_MSP-EXP430G2553LP_core/Debug\libmsp430_MSP-EXP430G2553LP_core.a(twi.o) (i2c_sw_init)
c:/energia-1.6.10e18/hardware/tools/msp430/bin/../lib/gcc/msp430/4.6.3/../../../../msp430/lib\libm.a(ef_pow.o)
                              C:/Users/Jimmy/Google Drive/School/Courses/Lab2/msp430_MSP-EXP430G2553LP_core/Debug\libmsp430_MSP-EXP430G2553LP_core.a(dtostrf.o) (powf)
c:/energia-1.6.10e18/hardware/tools/msp430/bin/../lib/gcc/msp430/4.6.3/../../../../msp430/lib\libm.a(sf_scalbn.o)
                              c:/energia-1.6.10e18/hardware/tools/msp430/bin/../lib/gcc/msp430/4.6.3/../../../../msp430/lib\libm.a(ef_pow.o) (scalbnf)
c:/energia-1.6.10e18/hardware/tools/msp430/bin/../lib/gcc/msp430/4.6.3/../../../../msp430/lib\libm.a(ef_sqrt.o)
                              c:/energia-1.6.10e18/hardware/tools/msp430/bin/../lib/gcc/msp430/4.6.3/../../../../msp430/lib\libm.a(ef_pow.o) (__ieee754_sqrtf)
c:/energia-1.6.10e18/hardware/tools/msp430/bin/../lib/gcc/msp430/4.6.3\libgcc.a(_mulqi3.o)
[...]
Memory Configuration

Name             Origin             Length             Attributes
sfr              0x00000000         0x00000010
peripheral_8bit  0x00000010         0x000000f0
peripheral_16bit 0x00000100         0x00000100
ram              0x00000200         0x00000200         xw
infomem          0x00001000         0x00000100
infod            0x00001000         0x00000040
infoc            0x00001040         0x00000040
infob            0x00001080         0x00000040
infoa            0x000010c0         0x00000040
rom              0x0000c000         0x00003fe0         xr
vectors          0x0000ffe0         0x00000020
bsl              0x00000000         0x00000000
ram2             0x00000000         0x00000000         xw
ram_mirror       0x00000000         0x00000000         xw
signature        0x00000000         0x00000000
tinyram          0x00000000         0x00000000         xw
usbram           0x00000000         0x00000000         xw
far_rom          0x00000000         0x00000000
*default*        0x00000000         0xffffffff

Linker script and memory map

LOAD c:/energia-1.6.10e18/hardware/tools/msp430/bin/../lib/gcc/msp430/4.6.3/crt0ivtbl16.o
LOAD ./IRrecord.o
START GROUP
LOAD C:/Users/Jimmy/Google Drive/School/Courses/Lab2/msp430_MSP-EXP430G2553LP_IRremote/Debug\libmsp430_MSP-EXP430G2553LP_IRremote.a
LOAD C:/Users/Jimmy/Google Drive/School/Courses/Lab2/msp430_MSP-EXP430G2553LP_core/Debug\libmsp430_MSP-EXP430G2553LP_core.a
LOAD c:/energia-1.6.10e18/hardware/tools/msp430/bin/../lib/gcc/msp430/4.6.3/../../../../msp430/lib\libm.a
END GROUP
LOAD c:/energia-1.6.10e18/hardware/tools/msp430/bin/../lib/gcc/msp430/4.6.3\libgcc.a
LOAD c:/energia-1.6.10e18/hardware/tools/msp430/bin/../lib/gcc/msp430/4.6.3/../../../../msp430/lib\libc.a
LOAD c:/energia-1.6.10e18/hardware/tools/msp430/bin/../lib/gcc/msp430/4.6.3\libgcc.a
LOAD c:/energia-1.6.10e18/hardware/tools/msp430/bin/../lib/gcc/msp430/4.6.3\libcrt0.a
                0x00000040                PROVIDE (__info_segment_size, 0x40)
                0x00001000                PROVIDE (__infod, 0x1000)
                0x00001040                PROVIDE (__infoc, 0x1040)
                0x00001080                PROVIDE (__infob, 0x1080)
                0x000010c0                PROVIDE (__infoa, 0x10c0)
                0x00000000                __IE1 = 0x0
                0x00000002                __IFG1 = 0x2
                0x00000001                __IE2 = 0x1
                0x00000003                __IFG2 = 0x3
                0x00000048                __ADC10DTC0 = 0x48
                0x00000049                __ADC10DTC1 = 0x49
                0x0000004a                __ADC10AE0 = 0x4a
                0x000001b0                __ADC10CTL0 = 0x1b0
                0x000001b2                __ADC10CTL1 = 0x1b2
                0x000001b4                __ADC10MEM = 0x1b4
                0x000001bc                __ADC10SA = 0x1bc
                0x00000056                __DCOCTL = 0x56
                0x00000057                __BCSCTL1 = 0x57
                0x00000058                __BCSCTL2 = 0x58
                0x00000053                __BCSCTL3 = 0x53
                0x00000059                __CACTL1 = 0x59
                0x0000005a                __CACTL2 = 0x5a
                0x0000005b                __CAPD = 0x5b
                0x00000128                __FCTL1 = 0x128
                0x0000012a                __FCTL2 = 0x12a
                0x0000012c                __FCTL3 = 0x12c
                0x00000020                __P1IN = 0x20
                0x00000021                __P1OUT = 0x21
                0x00000022                __P1DIR = 0x22
                0x00000023                __P1IFG = 0x23
                0x00000024                __P1IES = 0x24
                0x00000025                __P1IE = 0x25
                0x00000026                __P1SEL = 0x26
                0x00000041                __P1SEL2 = 0x41
                0x00000027                __P1REN = 0x27
                0x00000028                __P2IN = 0x28
                0x00000029                __P2OUT = 0x29
                0x0000002a                __P2DIR = 0x2a
                0x0000002b                __P2IFG = 0x2b
                0x0000002c                __P2IES = 0x2c
                0x0000002d                __P2IE = 0x2d
                0x0000002e                __P2SEL = 0x2e
                0x00000042                __P2SEL2 = 0x42
                0x0000002f                __P2REN = 0x2f
                0x00000018                __P3IN = 0x18
                0x00000019                __P3OUT = 0x19
                0x0000001a                __P3DIR = 0x1a
                0x0000001b                __P3SEL = 0x1b
                0x00000043                __P3SEL2 = 0x43
                0x00000010                __P3REN = 0x10
                0x0000012e                __TA0IV = 0x12e
                0x00000160                __TA0CTL = 0x160
                0x00000162                __TA0CCTL0 = 0x162
                0x00000164                __TA0CCTL1 = 0x164
                0x00000166                __TA0CCTL2 = 0x166
                0x00000170                __TA0R = 0x170
                0x00000172                __TA0CCR0 = 0x172
                0x00000174                __TA0CCR1 = 0x174
                0x00000176                __TA0CCR2 = 0x176
                0x0000011e                __TA1IV = 0x11e
                0x00000180                __TA1CTL = 0x180
                0x00000182                __TA1CCTL0 = 0x182
                0x00000184                __TA1CCTL1 = 0x184
                0x00000186                __TA1CCTL2 = 0x186
                0x00000190                __TA1R = 0x190
                0x00000192                __TA1CCR0 = 0x192
                0x00000194                __TA1CCR1 = 0x194
                0x00000196                __TA1CCR2 = 0x196
                0x00000060                __UCA0CTL0 = 0x60
                0x00000061                __UCA0CTL1 = 0x61
                0x00000062                __UCA0BR0 = 0x62
                0x00000063                __UCA0BR1 = 0x63
                0x00000064                __UCA0MCTL = 0x64
                0x00000065                __UCA0STAT = 0x65
                0x00000066                __UCA0RXBUF = 0x66
                0x00000067                __UCA0TXBUF = 0x67
                0x0000005d                __UCA0ABCTL = 0x5d
                0x0000005e                __UCA0IRTCTL = 0x5e
                0x0000005f                __UCA0IRRCTL = 0x5f
                0x00000068                __UCB0CTL0 = 0x68
                0x00000069                __UCB0CTL1 = 0x69
                0x0000006a                __UCB0BR0 = 0x6a
                0x0000006b                __UCB0BR1 = 0x6b
                0x0000006c                __UCB0I2CIE = 0x6c
                0x0000006d                __UCB0STAT = 0x6d
                0x0000006e                __UCB0RXBUF = 0x6e
                0x0000006f                __UCB0TXBUF = 0x6f
                0x00000118                __UCB0I2COA = 0x118
                0x0000011a                __UCB0I2CSA = 0x11a
                0x00000120                __WDTCTL = 0x120
                0x000010f8                __CALDCO_16MHZ = 0x10f8
                0x000010f9                __CALBC1_16MHZ = 0x10f9
                0x000010fa                __CALDCO_12MHZ = 0x10fa
                0x000010fb                __CALBC1_12MHZ = 0x10fb
                0x000010fc                __CALDCO_8MHZ = 0x10fc
                0x000010fd                __CALBC1_8MHZ = 0x10fd
                0x000010fe                __CALDCO_1MHZ = 0x10fe
                0x000010ff                __CALBC1_1MHZ = 0x10ff
                0x000010c0                __TLV_CHECKSUM = 0x10c0
                0x000010f6                __TLV_DCO_30_TAG = 0x10f6
                0x000010f7                __TLV_DCO_30_LEN = 0x10f7
                0x000010da                __TLV_ADC10_1_TAG = 0x10da
                0x000010db                __TLV_ADC10_1_LEN = 0x10db

.hash
 *(.hash)

.dynsym
 *(.dynsym)

.dynstr
 *(.dynstr)

.gnu.version
 *(.gnu.version)

.gnu.version_d
 *(.gnu.version_d)

.gnu.version_r
 *(.gnu.version_r)

.rel.init
 *(.rel.init)

.rela.init
 *(.rela.init)

.rel.fini
 *(.rel.fini)

.rela.fini
 *(.rela.fini)

.rel.text
 *(.rel.text .rel.text.* .rel.gnu.linkonce.t.*)

.rela.text
 *(.rela.text .rela.text.* .rela.gnu.linkonce.t.*)

.rel.rodata
 *(.rel.rodata .rel.rodata.* .rel.gnu.linkonce.r.*)

.rela.rodata
 *(.rela.rodata .rela.rodata.* .rela.gnu.linkonce.r.*)

.rel.data
 *(.rel.data .rel.data.* .rel.gnu.linkonce.d.*)

.rela.data
 *(.rela.data .rela.data.* .rela.gnu.linkonce.d.*)

.rel.bss
 *(.rel.bss .rel.bss.* .rel.gnu.linkonce.b.*)

.rela.bss
 *(.rela.bss .rela.bss.* .rela.gnu.linkonce.b.*)

.rel.ctors
 *(.rel.ctors)

.rela.ctors
 *(.rela.ctors)

.rel.dtors
 *(.rel.dtors)

.rela.dtors
 *(.rela.dtors)

.rel.got
 *(.rel.got)

.rela.got
 *(.rela.got)

.rel.plt
 *(.rel.plt)

.rela.plt
 *(.rela.plt)

.text           0x0000c000     0x2b90
                0x0000c000                . = ALIGN (0x2)
 *(.init .init.*)
 *(.init0)
 .init0         0x0000c000        0x0 c:/energia-1.6.10e18/hardware/tools/msp430/bin/../lib/gcc/msp430/4.6.3\libcrt0.a(_reset_vector__.o)
                0x0000c000                _reset_vector__
 *(.init1)
 .init1         0x0000c000        0xc c:/energia-1.6.10e18/hardware/tools/msp430/bin/../lib/gcc/msp430/4.6.3\libcrt0.a(__watchdog_support.o)
                0x0000c000                __watchdog_support
 *(.init2)
 .init2         0x0000c00c        0x4 c:/energia-1.6.10e18/hardware/tools/msp430/bin/../lib/gcc/msp430/4.6.3\libcrt0.a(__init_stack.o)
                0x0000c00c                __init_stack
 *(.init3)
 .init3         0x0000c010        0x0 c:/energia-1.6.10e18/hardware/tools/msp430/bin/../lib/gcc/msp430/4.6.3\libcrt0.a(__low_level_init.o)
                0x0000c010                __low_level_init
 *(.init4)
 .init4         0x0000c010       0x18 c:/energia-1.6.10e18/hardware/tools/msp430/bin/../lib/gcc/msp430/4.6.3\libcrt0.a(_copy_data.o)
                0x0000c010                __do_copy_data
 .init4         0x0000c028       0x16 c:/energia-1.6.10e18/hardware/tools/msp430/bin/../lib/gcc/msp430/4.6.3\libcrt0.a(_clear_bss.o)
                0x0000c028                __do_clear_bss
 *(.init5)
 *(.init6)
 .init6         0x0000c03e       0x14 c:/energia-1.6.10e18/hardware/tools/msp430/bin/../lib/gcc/msp430/4.6.3\libcrt0.a(_ctors430.o)
                0x0000c03e                __do_global_ctors
 *(.init7)
 *(.init8)
 *(.init9)
 .init9         0x0000c052       0x24 C:/Users/Jimmy/Google Drive/School/Courses/Lab2/msp430_MSP-EXP430G2553LP_core/Debug\libmsp430_MSP-EXP430G2553LP_core.a(main.o)
                0x0000c052                main
 *(.fini9)
 .fini9         0x0000c076        0x0 c:/energia-1.6.10e18/hardware/tools/msp430/bin/../lib/gcc/msp430/4.6.3\libcrt0.a(__stop_progExec__.o)
                0x0000c076                __stop_progExec__
 *(.fini8)
 *(.fini7)
 *(.fini6)
 *(.fini5)
 *(.fini4)
 *(.fini3)
 *(.fini2)
 *(.fini1)
 *(.fini0)
 .fini0         0x0000c076        0x6 c:/energia-1.6.10e18/hardware/tools/msp430/bin/../lib/gcc/msp430/4.6.3\libcrt0.a(_endless_loop__.o)
                0x0000c076                _endless_loop__
 *(.fini .fini.*)
                0x0000c07c                . = ALIGN (0x2)
                0x0000c07c                __ctors_start = .
 *(.ctors)
 .ctors         0x0000c07c        0x2 ./IRrecord.o
 .ctors         0x0000c07e        0x2 C:/Users/Jimmy/Google Drive/School/Courses/Lab2/msp430_MSP-EXP430G2553LP_core/Debug\libmsp430_MSP-EXP430G2553LP_core.a(HardwareSerial.o)
                0x0000c080                __ctors_end = .
                0x0000c080                __dtors_start = .
 *(.dtors)
                0x0000c080                __dtors_end = .
                0x0000c080                . = ALIGN (0x2)
 *(.text .text.* .gnu.linkonce.t.*)
 .text          0x0000c080        0x4 c:/energia-1.6.10e18/hardware/tools/msp430/bin/../lib/gcc/msp430/4.6.3/crt0ivtbl16.o
                0x0000c080                __isr_14
                0x0000c080                __isr_4
                0x0000c080                __isr_11
                0x0000c080                __isr_5
                0x0000c080                __isr_2
                0x0000c080                __isr_0
                0x0000c080                __isr_8
                0x0000c080                __isr_3
                0x0000c080                __isr_12
                0x0000c080                __isr_9
                0x0000c080                __isr_1
 .text.setup    0x0000c084       0x2c ./IRrecord.o
                0x0000c084                setup
 .text._Z9storeCodePv
                0x0000c0b0      0x1b0 ./IRrecord.o
                0x0000c0b0                storeCode(void*)
 .text._Z8sendCodei
                0x0000c260      0x182 ./IRrecord.o
                0x0000c260                sendCode(int)
 .text.loop     0x0000c3e2       0xb6 ./IRrecord.o
                0x0000c3e2                loop
 .text.startup._GLOBAL__sub_I_RECV_PIN
                0x0000c498        0xe ./IRrecord.o
 .text._Z10MATCH_MARKii
                0x0000c4a6       0x86 C:/Users/Jimmy/Google Drive/School/Courses/Lab2/msp430_MSP-EXP430G2553LP_IRremote/Debug\libmsp430_MSP-EXP430G2553LP_IRremote.a(IRremote.o)
                0x0000c4a6                MATCH_MARK(int, int)
 .text._Z11MATCH_SPACEii
                0x0000c52c       0x86 C:/Users/Jimmy/Google Drive/School/Courses/Lab2/msp430_MSP-EXP430G2553LP_IRremote/Debug\libmsp430_MSP-EXP430G2553LP_IRremote.a(IRremote.o)
                0x0000c52c                MATCH_SPACE(int, int)
 .text._ZN6IRsend11enableIROutEi
                0x0000c5b2       0x44 C:/Users/Jimmy/Google Drive/School/Courses/Lab2/msp430_MSP-EXP430G2553LP_IRremote/Debug\libmsp430_MSP-EXP430G2553LP_IRremote.a(IRremote.o)
                0x0000c5b2                IRsend::enableIROut(int)
 .text._ZN6IRsend7sendRC6Emi
                0x0000c5f6       0xec C:/Users/Jimmy/Google Drive/School/Courses/Lab2/msp430_MSP-EXP430G2553LP_IRremote/Debug\libmsp430_MSP-EXP430G2553LP_IRremote.a(IRremote.o)
                0x0000c5f6                IRsend::sendRC6(unsigned long, int)
 .text._ZN6IRsend7sendRC5Emi
                0x0000c6e2       0xcc C:/Users/Jimmy/Google Drive/School/Courses/Lab2/msp430_MSP-EXP430G2553LP_IRremote/Debug\libmsp430_MSP-EXP430G2553LP_IRremote.a(IRremote.o)
                0x0000c6e2                IRsend::sendRC5(unsigned long, int)
 .text._ZN6IRsend7sendRawEPjii
                0x0000c7ae       0x58 C:/Users/Jimmy/Google Drive/School/Courses/Lab2/msp430_MSP-EXP430G2553LP_IRremote/Debug\libmsp430_MSP-EXP430G2553LP_IRremote.a(IRremote.o)
                0x0000c7ae                IRsend::sendRaw(unsigned int*, int, int)
 .text._ZN6IRsend8sendSonyEmi
                0x0000c806       0xac C:/Users/Jimmy/Google Drive/School/Courses/Lab2/msp430_MSP-EXP430G2553LP_IRremote/Debug\libmsp430_MSP-EXP430G2553LP_IRremote.a(IRremote.o)
                0x0000c806                IRsend::sendSony(unsigned long, int)
 .text._ZN6IRsend7sendNECEmi
                0x0000c8b2       0xa4 C:/Users/Jimmy/Google Drive/School/Courses/Lab2/msp430_MSP-EXP430G2553LP_IRremote/Debug\libmsp430_MSP-EXP430G2553LP_IRremote.a(IRremote.o)
                0x0000c8b2                IRsend::sendNEC(unsigned long, int)
 .text._ZN6IRrecvC2Ei
                0x0000c956       0x10 C:/Users/Jimmy/Google Drive/School/Courses/Lab2/msp430_MSP-EXP430G2553LP_IRremote/Debug\libmsp430_MSP-EXP430G2553LP_IRremote.a(IRremote.o)
                0x0000c956                IRrecv::IRrecv(int)
                0x0000c956                IRrecv::IRrecv(int)
 .text._ZN6IRrecv10enableIRInEv
                0x0000c966       0x3e C:/Users/Jimmy/Google Drive/School/Courses/Lab2/msp430_MSP-EXP430G2553LP_IRremote/Debug\libmsp430_MSP-EXP430G2553LP_IRremote.a(IRremote.o)
                0x0000c966                IRrecv::enableIRIn()
 .text._ZN6IRrecv7RecvIsrEv
                0x0000c9a4       0xfc C:/Users/Jimmy/Google Drive/School/Courses/Lab2/msp430_MSP-EXP430G2553LP_IRremote/Debug\libmsp430_MSP-EXP430G2553LP_IRremote.a(IRremote.o)
                0x0000c9a4                IRrecv::RecvIsr()
                0x0000c9a4                __isr_13
 .text._ZN6IRrecv6resumeEv
                0x0000caa0       0x12 C:/Users/Jimmy/Google Drive/School/Courses/Lab2/msp430_MSP-EXP430G2553LP_IRremote/Debug\libmsp430_MSP-EXP430G2553LP_IRremote.a(IRremote.o)
                0x0000caa0                IRrecv::resume()
 .text._ZN6IRrecv9decodeNECEP14decode_results
                0x0000cab2      0x102 C:/Users/Jimmy/Google Drive/School/Courses/Lab2/msp430_MSP-EXP430G2553LP_IRremote/Debug\libmsp430_MSP-EXP430G2553LP_IRremote.a(IRremote.o)
                0x0000cab2                IRrecv::decodeNEC(decode_results*)
 .text._ZN6IRrecv10decodeSonyEP14decode_results
                0x0000cbb4       0xf4 C:/Users/Jimmy/Google Drive/School/Courses/Lab2/msp430_MSP-EXP430G2553LP_IRremote/Debug\libmsp430_MSP-EXP430G2553LP_IRremote.a(IRremote.o)
                0x0000cbb4                IRrecv::decodeSony(decode_results*)
 .text._ZN6IRrecv10getRClevelEP14decode_resultsPiS2_i
                0x0000cca8      0x19e C:/Users/Jimmy/Google Drive/School/Courses/Lab2/msp430_MSP-EXP430G2553LP_IRremote/Debug\libmsp430_MSP-EXP430G2553LP_IRremote.a(IRremote.o)
                0x0000cca8                IRrecv::getRClevel(decode_results*, int*, int*, int)
 .text._ZN6IRrecv9decodeRC5EP14decode_results
                0x0000ce46      0x108 C:/Users/Jimmy/Google Drive/School/Courses/Lab2/msp430_MSP-EXP430G2553LP_IRremote/Debug\libmsp430_MSP-EXP430G2553LP_IRremote.a(IRremote.o)
                0x0000ce46                IRrecv::decodeRC5(decode_results*)
 .text._ZN6IRrecv9decodeRC6EP14decode_results
                0x0000cf4e      0x16c C:/Users/Jimmy/Google Drive/School/Courses/Lab2/msp430_MSP-EXP430G2553LP_IRremote/Debug\libmsp430_MSP-EXP430G2553LP_IRremote.a(IRremote.o)
                0x0000cf4e                IRrecv::decodeRC6(decode_results*)
 .text._ZN6IRrecv10decodeHashEP14decode_results
                0x0000d0ba      0x17e C:/Users/Jimmy/Google Drive/School/Courses/Lab2/msp430_MSP-EXP430G2553LP_IRremote/Debug\libmsp430_MSP-EXP430G2553LP_IRremote.a(IRremote.o)
                0x0000d0ba                IRrecv::decodeHash(decode_results*)
 .text._ZN6IRrecv6decodeEP14decode_results
                0x0000d238       0x88 C:/Users/Jimmy/Google Drive/School/Courses/Lab2/msp430_MSP-EXP430G2553LP_IRremote/Debug\libmsp430_MSP-EXP430G2553LP_IRremote.a(IRremote.o)
                0x0000d238                IRrecv::decode(decode_results*)
 .text.enableXtal
                0x0000d2c0       0x62 C:/Users/Jimmy/Google Drive/School/Courses/Lab2/msp430_MSP-EXP430G2553LP_core/Debug\libmsp430_MSP-EXP430G2553LP_core.a(wiring.o)
                0x0000d2c0                enableXtal
 .text.initClocks
                0x0000d322       0x1c C:/Users/Jimmy/Google Drive/School/Courses/Lab2/msp430_MSP-EXP430G2553LP_core/Debug\libmsp430_MSP-EXP430G2553LP_core.a(wiring.o)
                0x0000d322                initClocks
 .text.init     0x0000d33e       0x18 C:/Users/Jimmy/Google Drive/School/Courses/Lab2/msp430_MSP-EXP430G2553LP_core/Debug\libmsp430_MSP-EXP430G2553LP_core.a(wiring.o)
                0x0000d33e                init
 .text.delayMicroseconds
                0x0000d356       0x12 C:/Users/Jimmy/Google Drive/School/Courses/Lab2/msp430_MSP-EXP430G2553LP_core/Debug\libmsp430_MSP-EXP430G2553LP_core.a(wiring.o)
                0x0000d356                delayMicroseconds
 .text.delay    0x0000d368       0x7e C:/Users/Jimmy/Google Drive/School/Courses/Lab2/msp430_MSP-EXP430G2553LP_core/Debug\libmsp430_MSP-EXP430G2553LP_core.a(wiring.o)
                0x0000d368                delay
 .text.watchdog_isr
                0x0000d3e6       0x82 C:/Users/Jimmy/Google Drive/School/Courses/Lab2/msp430_MSP-EXP430G2553LP_core/Debug\libmsp430_MSP-EXP430G2553LP_core.a(wiring.o)
                0x0000d3e6                __isr_10
                0x0000d3e6                watchdog_isr
 .text.pinMode  0x0000d468       0x7a C:/Users/Jimmy/Google Drive/School/Courses/Lab2/msp430_MSP-EXP430G2553LP_core/Debug\libmsp430_MSP-EXP430G2553LP_core.a(wiring_digital.o)
                0x0000d468                pinMode
 .text.pinMode_int
                0x0000d4e2       0xa0 C:/Users/Jimmy/Google Drive/School/Courses/Lab2/msp430_MSP-EXP430G2553LP_core/Debug\libmsp430_MSP-EXP430G2553LP_core.a(wiring_digital.o)
                0x0000d4e2                pinMode_int
 .text.digitalRead
                0x0000d582       0x42 C:/Users/Jimmy/Google Drive/School/Courses/Lab2/msp430_MSP-EXP430G2553LP_core/Debug\libmsp430_MSP-EXP430G2553LP_core.a(wiring_digital.o)
                0x0000d582                digitalRead
 .text.digitalWrite
                0x0000d5c4       0x4a C:/Users/Jimmy/Google Drive/School/Courses/Lab2/msp430_MSP-EXP430G2553LP_core/Debug\libmsp430_MSP-EXP430G2553LP_core.a(wiring_digital.o)
                0x0000d5c4                digitalWrite
 .text._ZN14HardwareSerial9availableEv
                0x0000d60e       0x12 C:/Users/Jimmy/Google Drive/School/Courses/Lab2/msp430_MSP-EXP430G2553LP_core/Debug\libmsp430_MSP-EXP430G2553LP_core.a(HardwareSerial.o)
                0x0000d60e                HardwareSerial::available()
 .text._ZN14HardwareSerial4peekEv
                0x0000d620       0x1e C:/Users/Jimmy/Google Drive/School/Courses/Lab2/msp430_MSP-EXP430G2553LP_core/Debug\libmsp430_MSP-EXP430G2553LP_core.a(HardwareSerial.o)
                0x0000d620                HardwareSerial::peek()
 .text._ZN14HardwareSerial4readEv
                0x0000d63e       0x2c C:/Users/Jimmy/Google Drive/School/Courses/Lab2/msp430_MSP-EXP430G2553LP_core/Debug\libmsp430_MSP-EXP430G2553LP_core.a(HardwareSerial.o)
                0x0000d63e                HardwareSerial::read()
 .text._ZN14HardwareSerial5flushEv
                0x0000d66a       0x12 C:/Users/Jimmy/Google Drive/School/Courses/Lab2/msp430_MSP-EXP430G2553LP_core/Debug\libmsp430_MSP-EXP430G2553LP_core.a(HardwareSerial.o)
                0x0000d66a                HardwareSerial::flush()
 .text._ZN14HardwareSerial5writeEh
                0x0000d67c       0x3c C:/Users/Jimmy/Google Drive/School/Courses/Lab2/msp430_MSP-EXP430G2553LP_core/Debug\libmsp430_MSP-EXP430G2553LP_core.a(HardwareSerial.o)
                0x0000d67c                HardwareSerial::write(unsigned char)
 .text._Z11serialEventv
                0x0000d6b8        0x2 C:/Users/Jimmy/Google Drive/School/Courses/Lab2/msp430_MSP-EXP430G2553LP_core/Debug\libmsp430_MSP-EXP430G2553LP_core.a(HardwareSerial.o)
                0x0000d6b8                serialEvent()
 .text._Z14serialEventRunv
                0x0000d6ba       0x1a C:/Users/Jimmy/Google Drive/School/Courses/Lab2/msp430_MSP-EXP430G2553LP_core/Debug\libmsp430_MSP-EXP430G2553LP_core.a(HardwareSerial.o)
                0x0000d6ba                serialEventRun()
 .text._ZN14HardwareSerial5beginEm
                0x0000d6d4      0x136 C:/Users/Jimmy/Google Drive/School/Courses/Lab2/msp430_MSP-EXP430G2553LP_core/Debug\libmsp430_MSP-EXP430G2553LP_core.a(HardwareSerial.o)
                0x0000d6d4                HardwareSerial::begin(unsigned long)
 .text.uart_rx_isr
                0x0000d80a       0x28 C:/Users/Jimmy/Google Drive/School/Courses/Lab2/msp430_MSP-EXP430G2553LP_core/Debug\libmsp430_MSP-EXP430G2553LP_core.a(HardwareSerial.o)
                0x0000d80a                uart_rx_isr
 .text.uart_tx_isr
                0x0000d832       0x3c C:/Users/Jimmy/Google Drive/School/Courses/Lab2/msp430_MSP-EXP430G2553LP_core/Debug\libmsp430_MSP-EXP430G2553LP_core.a(HardwareSerial.o)
                0x0000d832                uart_tx_isr
 .text.startup._GLOBAL__sub_I_rx_buffer
                0x0000d86e       0x44 C:/Users/Jimmy/Google Drive/School/Courses/Lab2/msp430_MSP-EXP430G2553LP_core/Debug\libmsp430_MSP-EXP430G2553LP_core.a(HardwareSerial.o)
 .text._ZN5Print5writeEPKhj
                0x0000d8b2       0x2e C:/Users/Jimmy/Google Drive/School/Courses/Lab2/msp430_MSP-EXP430G2553LP_core/Debug\libmsp430_MSP-EXP430G2553LP_core.a(Print.o)
                0x0000d8b2                Print::write(unsigned char const*, unsigned int)
 .text._ZN5Print5printEPKc
                0x0000d8e0       0x16 C:/Users/Jimmy/Google Drive/School/Courses/Lab2/msp430_MSP-EXP430G2553LP_core/Debug\libmsp430_MSP-EXP430G2553LP_core.a(Print.o)
                0x0000d8e0                Print::print(char const*)
 .text._ZN5Print7printlnEPKc
                0x0000d8f6       0x32 C:/Users/Jimmy/Google Drive/School/Courses/Lab2/msp430_MSP-EXP430G2553LP_core/Debug\libmsp430_MSP-EXP430G2553LP_core.a(Print.o)
                0x0000d8f6                Print::println(char const*)
 .text._ZN5Print11printNumberEmh
                0x0000d928       0xa4 C:/Users/Jimmy/Google Drive/School/Courses/Lab2/msp430_MSP-EXP430G2553LP_core/Debug\libmsp430_MSP-EXP430G2553LP_core.a(Print.o)
                0x0000d928                Print::printNumber(unsigned long, unsigned char)
 .text._ZN5Print5printEmi
                0x0000d9cc       0x22 C:/Users/Jimmy/Google Drive/School/Courses/Lab2/msp430_MSP-EXP430G2553LP_core/Debug\libmsp430_MSP-EXP430G2553LP_core.a(Print.o)
                0x0000d9cc                Print::print(unsigned long, int)
 .text._ZN5Print7printlnEmi
                0x0000d9ee       0x32 C:/Users/Jimmy/Google Drive/School/Courses/Lab2/msp430_MSP-EXP430G2553LP_core/Debug\libmsp430_MSP-EXP430G2553LP_core.a(Print.o)
                0x0000d9ee                Print::println(unsigned long, int)
 .text._ZN5Print5printEji
                0x0000da20        0xc C:/Users/Jimmy/Google Drive/School/Courses/Lab2/msp430_MSP-EXP430G2553LP_core/Debug\libmsp430_MSP-EXP430G2553LP_core.a(Print.o)
                0x0000da20                Print::print(unsigned int, int)
 .text._ZN5Print5printEli
                0x0000da2c       0x7c C:/Users/Jimmy/Google Drive/School/Courses/Lab2/msp430_MSP-EXP430G2553LP_core/Debug\libmsp430_MSP-EXP430G2553LP_core.a(Print.o)
                0x0000da2c                Print::print(long, int)
 .text._ZN5Print5printEii
                0x0000daa8       0x18 C:/Users/Jimmy/Google Drive/School/Courses/Lab2/msp430_MSP-EXP430G2553LP_core/Debug\libmsp430_MSP-EXP430G2553LP_core.a(Print.o)
                0x0000daa8                Print::print(int, int)
 .text.usci_isr_install
                0x0000dac0        0x2 C:/Users/Jimmy/Google Drive/School/Courses/Lab2/msp430_MSP-EXP430G2553LP_core/Debug\libmsp430_MSP-EXP430G2553LP_core.a(usci_isr_handler.o)
                0x0000dac0                usci_isr_install
 .text.USCIAB0TX_ISR
                0x0000dac2       0x66 C:/Users/Jimmy/Google Drive/School/Courses/Lab2/msp430_MSP-EXP430G2553LP_core/Debug\libmsp430_MSP-EXP430G2553LP_core.a(usci_isr_handler.o)
                0x0000dac2                USCIAB0TX_ISR
                0x0000dac2                __isr_6
 .text.USCIAB0RX_ISR
                0x0000db28       0x58 C:/Users/Jimmy/Google Drive/School/Courses/Lab2/msp430_MSP-EXP430G2553LP_core/Debug\libmsp430_MSP-EXP430G2553LP_core.a(usci_isr_handler.o)
                0x0000db28                USCIAB0RX_ISR
                0x0000db28                __isr_7
 .text.i2c_txrx_isr
                0x0000db80      0x156 C:/Users/Jimmy/Google Drive/School/Courses/Lab2/msp430_MSP-EXP430G2553LP_core/Debug\libmsp430_MSP-EXP430G2553LP_core.a(twi.o)
                0x0000db80                i2c_txrx_isr
 .text.i2c_state_isr
                0x0000dcd6       0xe4 C:/Users/Jimmy/Google Drive/School/Courses/Lab2/msp430_MSP-EXP430G2553LP_core/Debug\libmsp430_MSP-EXP430G2553LP_core.a(twi.o)
                0x0000dcd6                i2c_state_isr
 .text.libgcc   0x0000ddba       0x16 c:/energia-1.6.10e18/hardware/tools/msp430/bin/../lib/gcc/msp430/4.6.3\libgcc.a(_mulqi3.o)
                0x0000ddba                __mulqi3
 .text.libgcc   0x0000ddd0       0x22 c:/energia-1.6.10e18/hardware/tools/msp430/bin/../lib/gcc/msp430/4.6.3\libgcc.a(_udivmod16.o)
                0x0000ddd0                __ext_udivmod16
                0x0000ddd0                __udivhi3
                0x0000ddea                __umodhi3
 .text.libgcc   0x0000ddf2       0x3a c:/energia-1.6.10e18/hardware/tools/msp430/bin/../lib/gcc/msp430/4.6.3\libgcc.a(_divmod16.o)
                0x0000ddf2                __divhi3
                0x0000ddf2                __ext_divmod16
                0x0000de24                __modhi3
 .text.libgcc   0x0000de2c       0x40 c:/energia-1.6.10e18/hardware/tools/msp430/bin/../lib/gcc/msp430/4.6.3\libgcc.a(_udivmod32.o)
                0x0000de2c                __ext_udivmod32
                0x0000de2c                __udivsi3
                0x0000de62                __umodsi3
 .text          0x0000de6c      0x32e c:/energia-1.6.10e18/hardware/tools/msp430/bin/../lib/gcc/msp430/4.6.3\libgcc.a(_addsub_sf.o)
                0x0000e0fe                __addsf3
                0x0000e14a                __subsf3
 .text          0x0000e19a      0x224 c:/energia-1.6.10e18/hardware/tools/msp430/bin/../lib/gcc/msp430/4.6.3\libgcc.a(_mul_sf.o)
                0x0000e19a                __mulsf3
 .text          0x0000e3be      0x150 c:/energia-1.6.10e18/hardware/tools/msp430/bin/../lib/gcc/msp430/4.6.3\libgcc.a(_div_sf.o)
                0x0000e3be                __divsf3
 .text          0x0000e50e       0x50 c:/energia-1.6.10e18/hardware/tools/msp430/bin/../lib/gcc/msp430/4.6.3\libgcc.a(_lt_sf.o)
                0x0000e50e                __ltsf2
 .text          0x0000e55e       0xa6 c:/energia-1.6.10e18/hardware/tools/msp430/bin/../lib/gcc/msp430/4.6.3\libgcc.a(_si_to_sf.o)
                0x0000e55e                __floatsisf
 .text          0x0000e604       0x90 c:/energia-1.6.10e18/hardware/tools/msp430/bin/../lib/gcc/msp430/4.6.3\libgcc.a(_sf_to_si.o)
                0x0000e604                __fixsfsi
 .text          0x0000e694       0xe2 c:/energia-1.6.10e18/hardware/tools/msp430/bin/../lib/gcc/msp430/4.6.3\libgcc.a(_usi_to_sf.o)
                0x0000e694                __floatunsisf
 .text          0x0000e776       0x72 c:/energia-1.6.10e18/hardware/tools/msp430/bin/../lib/gcc/msp430/4.6.3\libgcc.a(_clzsi2.o)
                0x0000e776                __clzsi2
 .text          0x0000e7e8      0x1de c:/energia-1.6.10e18/hardware/tools/msp430/bin/../lib/gcc/msp430/4.6.3\libgcc.a(_pack_sf.o)
                0x0000e7e8                __pack_f
 .text          0x0000e9c6      0x124 c:/energia-1.6.10e18/hardware/tools/msp430/bin/../lib/gcc/msp430/4.6.3\libgcc.a(_unpack_sf.o)
                0x0000e9c6                __unpack_f
 .text          0x0000eaea       0xa4 c:/energia-1.6.10e18/hardware/tools/msp430/bin/../lib/gcc/msp430/4.6.3\libgcc.a(_fpcmp_parts_sf.o)
                0x0000eaea                __fpcmp_parts_f
 .text.crt0     0x0000eb8e        0x2 c:/energia-1.6.10e18/hardware/tools/msp430/bin/../lib/gcc/msp430/4.6.3\libcrt0.a(_unexpected_.o)
                0x0000eb8e                _unexpected_
                0x0000eb90                . = ALIGN (0x2)

.rodata         0x0000eb90      0x25e
                0x0000eb90                . = ALIGN (0x2)
 *(.rodata .rodata.* .gnu.linkonce.r.*)
 .rodata._Z9storeCodePv
                0x0000eb90       0x90 ./IRrecord.o
 .rodata._Z8sendCodei
                0x0000ec20       0x42 ./IRrecord.o
 .rodata.loop   0x0000ec62       0x1a ./IRrecord.o
 .rodata.digital_pin_to_bit_mask
                0x0000ec7c       0x15 C:/Users/Jimmy/Google Drive/School/Courses/Lab2/msp430_MSP-EXP430G2553LP_core/Debug\libmsp430_MSP-EXP430G2553LP_core.a(wiring_digital.o)
                0x0000ec7c                digital_pin_to_bit_mask
 .rodata.digital_pin_to_port
                0x0000ec91       0x15 C:/Users/Jimmy/Google Drive/School/Courses/Lab2/msp430_MSP-EXP430G2553LP_core/Debug\libmsp430_MSP-EXP430G2553LP_core.a(wiring_digital.o)
                0x0000ec91                digital_pin_to_port
 .rodata.port_to_sel2
                0x0000eca6        0x8 C:/Users/Jimmy/Google Drive/School/Courses/Lab2/msp430_MSP-EXP430G2553LP_core/Debug\libmsp430_MSP-EXP430G2553LP_core.a(wiring_digital.o)
                0x0000eca6                port_to_sel2
 .rodata.port_to_sel0
                0x0000ecae        0x8 C:/Users/Jimmy/Google Drive/School/Courses/Lab2/msp430_MSP-EXP430G2553LP_core/Debug\libmsp430_MSP-EXP430G2553LP_core.a(wiring_digital.o)
                0x0000ecae                port_to_sel0
 .rodata.port_to_ren
                0x0000ecb6        0x8 C:/Users/Jimmy/Google Drive/School/Courses/Lab2/msp430_MSP-EXP430G2553LP_core/Debug\libmsp430_MSP-EXP430G2553LP_core.a(wiring_digital.o)
                0x0000ecb6                port_to_ren
 .rodata.port_to_dir
                0x0000ecbe        0x8 C:/Users/Jimmy/Google Drive/School/Courses/Lab2/msp430_MSP-EXP430G2553LP_core/Debug\libmsp430_MSP-EXP430G2553LP_core.a(wiring_digital.o)
                0x0000ecbe                port_to_dir
 .rodata.port_to_output
                0x0000ecc6        0x8 C:/Users/Jimmy/Google Drive/School/Courses/Lab2/msp430_MSP-EXP430G2553LP_core/Debug\libmsp430_MSP-EXP430G2553LP_core.a(wiring_digital.o)
                0x0000ecc6                port_to_output
 .rodata.port_to_input
                0x0000ecce        0x8 C:/Users/Jimmy/Google Drive/School/Courses/Lab2/msp430_MSP-EXP430G2553LP_core/Debug\libmsp430_MSP-EXP430G2553LP_core.a(wiring_digital.o)
                0x0000ecce                port_to_input
 .rodata._ZTV14HardwareSerial
                0x0000ecd6       0x10 C:/Users/Jimmy/Google Drive/School/Courses/Lab2/msp430_MSP-EXP430G2553LP_core/Debug\libmsp430_MSP-EXP430G2553LP_core.a(HardwareSerial.o)
                0x0000ecd6                vtable for HardwareSerial
 .rodata        0x0000ece6        0x8 c:/energia-1.6.10e18/hardware/tools/msp430/bin/../lib/gcc/msp430/4.6.3\libgcc.a(_thenan_sf.o)
                0x0000ece6                __thenan_sf
 .rodata        0x0000ecee      0x100 c:/energia-1.6.10e18/hardware/tools/msp430/bin/../lib/gcc/msp430/4.6.3\libgcc.a(_clz.o)
                0x0000ecee                __clz_tab
                0x0000edee                . = ALIGN (0x2)
                0x0000edee                _etext = .

.data           0x00000200        0xa load address 0x0000edee
                0x00000200                . = ALIGN (0x2)
                0x00000200                PROVIDE (__data_start, .)
 *(.data .data.* .gnu.linkonce.d.*)
 .data.codeType
                0x00000200        0x2 ./IRrecord.o
                0x00000200                codeType
 .data.STATUS_PIN
                0x00000202        0x2 ./IRrecord.o
                0x00000202                STATUS_PIN
 .data.BUTTON_PIN
                0x00000204        0x2 ./IRrecord.o
                0x00000204                BUTTON_PIN
 .data.RECV_PIN
                0x00000206        0x2 ./IRrecord.o
                0x00000206                RECV_PIN
 .data.I2C_baseAddress
                0x00000208        0x2 C:/Users/Jimmy/Google Drive/School/Courses/Lab2/msp430_MSP-EXP430G2553LP_core/Debug\libmsp430_MSP-EXP430G2553LP_core.a(twi.o)
                0x00000208                I2C_baseAddress
                0x0000020a                . = ALIGN (0x2)
                0x0000020a                _edata = .
                0x0000edee                PROVIDE (__data_load_start, LOADADDR (.data))
                0x0000000a                PROVIDE (__data_size, SIZEOF (.data))

.bss            0x0000020a      0x1e4 load address 0x0000edf8
                0x0000020a                PROVIDE (__bss_start, .)
 *(.bss .bss.*)
 .bss.lastButtonState
                0x0000020a        0x2 ./IRrecord.o
                0x0000020a                lastButtonState
 .bss.toggle    0x0000020c        0x2 ./IRrecord.o
                0x0000020c                toggle
 .bss.codeLen   0x0000020e        0x2 ./IRrecord.o
                0x0000020e                codeLen
 .bss.rawCodes  0x00000210       0x98 ./IRrecord.o
                0x00000210                rawCodes
 .bss.codeValue
                0x000002a8        0x4 ./IRrecord.o
                0x000002a8                codeValue
 .bss.results   0x000002ac        0xc ./IRrecord.o
                0x000002ac                results
 .bss.irsend    0x000002b8        0x2 ./IRrecord.o
                0x000002b8                irsend
 .bss.irrecv    0x000002ba        0x2 ./IRrecord.o
                0x000002ba                irrecv
 .bss.irparams  0x000002bc       0xa0 C:/Users/Jimmy/Google Drive/School/Courses/Lab2/msp430_MSP-EXP430G2553LP_IRremote/Debug\libmsp430_MSP-EXP430G2553LP_IRremote.a(IRremote.o)
                0x000002bc                irparams
 .bss.vlo_freq  0x0000035c        0x2 C:/Users/Jimmy/Google Drive/School/Courses/Lab2/msp430_MSP-EXP430G2553LP_core/Debug\libmsp430_MSP-EXP430G2553LP_core.a(wiring.o)
                0x0000035c                vlo_freq
 .bss.stay_asleep
                0x0000035e        0x1 C:/Users/Jimmy/Google Drive/School/Courses/Lab2/msp430_MSP-EXP430G2553LP_core/Debug\libmsp430_MSP-EXP430G2553LP_core.a(wiring.o)
                0x0000035e                stay_asleep
 .bss.sleeping  0x0000035f        0x1 C:/Users/Jimmy/Google Drive/School/Courses/Lab2/msp430_MSP-EXP430G2553LP_core/Debug\libmsp430_MSP-EXP430G2553LP_core.a(wiring.o)
                0x0000035f                sleeping
 .bss.wdt_fract
                0x00000360        0x2 C:/Users/Jimmy/Google Drive/School/Courses/Lab2/msp430_MSP-EXP430G2553LP_core/Debug\libmsp430_MSP-EXP430G2553LP_core.a(wiring.o)
                0x00000360                wdt_fract
 .bss.wdt_millis
                0x00000362        0x4 C:/Users/Jimmy/Google Drive/School/Courses/Lab2/msp430_MSP-EXP430G2553LP_core/Debug\libmsp430_MSP-EXP430G2553LP_core.a(wiring.o)
                0x00000362                wdt_millis
 .bss.wdt_overflow_count
                0x00000366        0x4 C:/Users/Jimmy/Google Drive/School/Courses/Lab2/msp430_MSP-EXP430G2553LP_core/Debug\libmsp430_MSP-EXP430G2553LP_core.a(wiring.o)
                0x00000366                wdt_overflow_count
 .bss.Serial    0x0000036a       0x1a C:/Users/Jimmy/Google Drive/School/Courses/Lab2/msp430_MSP-EXP430G2553LP_core/Debug\libmsp430_MSP-EXP430G2553LP_core.a(HardwareSerial.o)
                0x0000036a                Serial
 .bss.tx_buffer
                0x00000384       0x14 C:/Users/Jimmy/Google Drive/School/Courses/Lab2/msp430_MSP-EXP430G2553LP_core/Debug\libmsp430_MSP-EXP430G2553LP_core.a(HardwareSerial.o)
                0x00000384                tx_buffer
 .bss.rx_buffer
                0x00000398       0x14 C:/Users/Jimmy/Google Drive/School/Courses/Lab2/msp430_MSP-EXP430G2553LP_core/Debug\libmsp430_MSP-EXP430G2553LP_core.a(HardwareSerial.o)
                0x00000398                rx_buffer
 .bss.still_asleep
                0x000003ac        0x1 C:/Users/Jimmy/Google Drive/School/Courses/Lab2/msp430_MSP-EXP430G2553LP_core/Debug\libmsp430_MSP-EXP430G2553LP_core.a(usci_isr_handler.o)
 .bss.twi_error
                0x000003ad        0x1 C:/Users/Jimmy/Google Drive/School/Courses/Lab2/msp430_MSP-EXP430G2553LP_core/Debug\libmsp430_MSP-EXP430G2553LP_core.a(twi.o)
 .bss.twi_rxBufferIndex
                0x000003ae        0x1 C:/Users/Jimmy/Google Drive/School/Courses/Lab2/msp430_MSP-EXP430G2553LP_core/Debug\libmsp430_MSP-EXP430G2553LP_core.a(twi.o)
 .bss.twi_txBufferLength
                0x000003af        0x1 C:/Users/Jimmy/Google Drive/School/Courses/Lab2/msp430_MSP-EXP430G2553LP_core/Debug\libmsp430_MSP-EXP430G2553LP_core.a(twi.o)
 .bss.twi_txBufferIndex
                0x000003b0        0x1 C:/Users/Jimmy/Google Drive/School/Courses/Lab2/msp430_MSP-EXP430G2553LP_core/Debug\libmsp430_MSP-EXP430G2553LP_core.a(twi.o)
 .bss.twi_masterBufferIndex
                0x000003b1        0x1 C:/Users/Jimmy/Google Drive/School/Courses/Lab2/msp430_MSP-EXP430G2553LP_core/Debug\libmsp430_MSP-EXP430G2553LP_core.a(twi.o)
 .bss.twi_inRepStart
                0x000003b2        0x1 C:/Users/Jimmy/Google Drive/School/Courses/Lab2/msp430_MSP-EXP430G2553LP_core/Debug\libmsp430_MSP-EXP430G2553LP_core.a(twi.o)
 .bss.twi_sendStop
                0x000003b3        0x1 C:/Users/Jimmy/Google Drive/School/Courses/Lab2/msp430_MSP-EXP430G2553LP_core/Debug\libmsp430_MSP-EXP430G2553LP_core.a(twi.o)
 .bss.twi_state
                0x000003b4        0x1 C:/Users/Jimmy/Google Drive/School/Courses/Lab2/msp430_MSP-EXP430G2553LP_core/Debug\libmsp430_MSP-EXP430G2553LP_core.a(twi.o)
 .bss.twi_masterBufferLength
                0x000003b5        0x1 C:/Users/Jimmy/Google Drive/School/Courses/Lab2/msp430_MSP-EXP430G2553LP_core/Debug\libmsp430_MSP-EXP430G2553LP_core.a(twi.o)
 .bss.twi_masterBuffer
                0x000003b6       0x10 C:/Users/Jimmy/Google Drive/School/Courses/Lab2/msp430_MSP-EXP430G2553LP_core/Debug\libmsp430_MSP-EXP430G2553LP_core.a(twi.o)
 .bss.twi_txBuffer
                0x000003c6       0x10 C:/Users/Jimmy/Google Drive/School/Courses/Lab2/msp430_MSP-EXP430G2553LP_core/Debug\libmsp430_MSP-EXP430G2553LP_core.a(twi.o)
 .bss.twi_onSlaveReceive
                0x000003d6        0x2 C:/Users/Jimmy/Google Drive/School/Courses/Lab2/msp430_MSP-EXP430G2553LP_core/Debug\libmsp430_MSP-EXP430G2553LP_core.a(twi.o)
 .bss.twi_onSlaveTransmit
                0x000003d8        0x2 C:/Users/Jimmy/Google Drive/School/Courses/Lab2/msp430_MSP-EXP430G2553LP_core/Debug\libmsp430_MSP-EXP430G2553LP_core.a(twi.o)
 .bss.twi_rxBuffer
                0x000003da       0x10 C:/Users/Jimmy/Google Drive/School/Courses/Lab2/msp430_MSP-EXP430G2553LP_core/Debug\libmsp430_MSP-EXP430G2553LP_core.a(twi.o)
 *(COMMON)
 COMMON         0x000003ea        0x4 C:/Users/Jimmy/Google Drive/School/Courses/Lab2/msp430_MSP-EXP430G2553LP_core/Debug\libmsp430_MSP-EXP430G2553LP_core.a(wiring.o)
                0x000003ea                SMILLIS_INC
                0x000003ec                SFRACT_INC
                0x000003ee                . = ALIGN (0x2)
                0x000003ee                PROVIDE (__bss_end, .)
                0x000001e4                PROVIDE (__bss_size, SIZEOF (.bss))

.noinit         0x000003ee        0x2 load address 0x0000edf8
                0x000003ee                PROVIDE (__noinit_start, .)
 *(.noinit .noinit.*)
 .noinit.crt0   0x000003ee        0x2 c:/energia-1.6.10e18/hardware/tools/msp430/bin/../lib/gcc/msp430/4.6.3\libcrt0.a(__watchdog_support.o)
                0x000003ee                __wdt_clear_value
                0x000003f0                . = ALIGN (0x2)
                0x000003f0                PROVIDE (__noinit_end, .)
                0x000003f0                . = ALIGN (0x2)
                0x000003f0                _end = .

.infomem        0x00001000        0x0
 *(.infomem)
                0x00001000                . = ALIGN (0x2)
 *(.infomem.*)

.infomemnobits  0x00001000        0x0
 *(.infomemnobits)
                0x00001000                . = ALIGN (0x2)
 *(.infomemnobits.*)

.infoa
 *(.infoa .infoa.*)

.infob
 *(.infob .infob.*)

.infoc
 *(.infoc .infoc.*)

.infod
 *(.infod .infod.*)

.vectors        0x0000ffe0       0x20
                0x0000ffe0                PROVIDE (__vectors_start, .)
 *(.vectors*)
 .vectors       0x0000ffe0       0x20 c:/energia-1.6.10e18/hardware/tools/msp430/bin/../lib/gcc/msp430/4.6.3/crt0ivtbl16.o
                0x0000ffe0                __ivtbl_16
                0x00010000                _vectors_end = .

.fartext        0x00000000        0x0
                0x00000000                . = ALIGN (0x2)
 *(.fartext)
                0x00000000                . = ALIGN (0x2)
 *(.fartext.*)
                0x00000000                _efartext = .

.profiler
 *(.profiler)

.stab
 *(.stab)

.stabstr
 *(.stabstr)

.stab.excl
 *(.stab.excl)

.stab.exclstr
 *(.stab.exclstr)

.stab.index
 *(.stab.index)

.stab.indexstr
 *(.stab.indexstr)

.comment
 *(.comment)

.debug
 *(.debug)

.line
 *(.line)

.debug_srcinfo
 *(.debug_srcinfo)

.debug_sfnames
 *(.debug_sfnames)

.debug_aranges  0x00000000      0x7a4
 *(.debug_aranges)
 .debug_aranges
                0x00000000       0x24 ./IRrecord.o
 .debug_aranges
                0x00000024       0x7c C:/Users/Jimmy/Google Drive/School/Courses/Lab2/msp430_MSP-EXP430G2553LP_IRremote/Debug\libmsp430_MSP-EXP430G2553LP_IRremote.a(IRremote.o)
 .debug_aranges
                0x000000a0       0x48 C:/Users/Jimmy/Google Drive/School/Courses/Lab2/msp430_MSP-EXP430G2553LP_core/Debug\libmsp430_MSP-EXP430G2553LP_core.a(wiring.o)
 .debug_aranges
                0x000000e8       0x20 C:/Users/Jimmy/Google Drive/School/Courses/Lab2/msp430_MSP-EXP430G2553LP_core/Debug\libmsp430_MSP-EXP430G2553LP_core.a(wiring_digital.o)
 .debug_aranges
                0x00000108       0x44 C:/Users/Jimmy/Google Drive/School/Courses/Lab2/msp430_MSP-EXP430G2553LP_core/Debug\libmsp430_MSP-EXP430G2553LP_core.a(HardwareSerial.o)
 .debug_aranges
                0x0000014c       0x14 C:/Users/Jimmy/Google Drive/School/Courses/Lab2/msp430_MSP-EXP430G2553LP_core/Debug\libmsp430_MSP-EXP430G2553LP_core.a(main.o)
 .debug_aranges
                0x00000160       0x70 C:/Users/Jimmy/Google Drive/School/Courses/Lab2/msp430_MSP-EXP430G2553LP_core/Debug\libmsp430_MSP-EXP430G2553LP_core.a(Print.o)
 .debug_aranges
                0x000001d0      0x144 C:/Users/Jimmy/Google Drive/School/Courses/Lab2/msp430_MSP-EXP430G2553LP_core/Debug\libmsp430_MSP-EXP430G2553LP_core.a(WString.o)
 .debug_aranges
                0x00000314       0x14 C:/Users/Jimmy/Google Drive/School/Courses/Lab2/msp430_MSP-EXP430G2553LP_core/Debug\libmsp430_MSP-EXP430G2553LP_core.a(atof.o)
 .debug_aranges
                0x00000328       0x14 C:/Users/Jimmy/Google Drive/School/Courses/Lab2/msp430_MSP-EXP430G2553LP_core/Debug\libmsp430_MSP-EXP430G2553LP_core.a(dtostrf.o)
 .debug_aranges
                0x0000033c       0x20 C:/Users/Jimmy/Google Drive/School/Courses/Lab2/msp430_MSP-EXP430G2553LP_core/Debug\libmsp430_MSP-EXP430G2553LP_core.a(itoa.o)
 .debug_aranges
                0x0000035c       0x1c C:/Users/Jimmy/Google Drive/School/Courses/Lab2/msp430_MSP-EXP430G2553LP_core/Debug\libmsp430_MSP-EXP430G2553LP_core.a(usci_isr_handler.o)
 .debug_aranges
                0x00000378       0x28 C:/Users/Jimmy/Google Drive/School/Courses/Lab2/msp430_MSP-EXP430G2553LP_core/Debug\libmsp430_MSP-EXP430G2553LP_core.a(new.o)
 .debug_aranges
                0x000003a0       0x3c C:/Users/Jimmy/Google Drive/School/Courses/Lab2/msp430_MSP-EXP430G2553LP_core/Debug\libmsp430_MSP-EXP430G2553LP_core.a(twi.o)
 .debug_aranges
                0x000003dc       0x30 C:/Users/Jimmy/Google Drive/School/Courses/Lab2/msp430_MSP-EXP430G2553LP_core/Debug\libmsp430_MSP-EXP430G2553LP_core.a(twi_sw.o)
 .debug_aranges
                0x0000040c       0x14 c:/energia-1.6.10e18/hardware/tools/msp430/bin/../lib/gcc/msp430/4.6.3/../../../../msp430/lib\libm.a(ef_pow.o)
 .debug_aranges
                0x00000420       0x14 c:/energia-1.6.10e18/hardware/tools/msp430/bin/../lib/gcc/msp430/4.6.3/../../../../msp430/lib\libm.a(sf_scalbn.o)
 .debug_aranges
                0x00000434       0x14 c:/energia-1.6.10e18/hardware/tools/msp430/bin/../lib/gcc/msp430/4.6.3/../../../../msp430/lib\libm.a(ef_sqrt.o)
 .debug_aranges
                0x00000448       0x14 c:/energia-1.6.10e18/hardware/tools/msp430/bin/../lib/gcc/msp430/4.6.3\libgcc.a(_mulqi3.o)
 .debug_aranges
                0x0000045c       0x14 c:/energia-1.6.10e18/hardware/tools/msp430/bin/../lib/gcc/msp430/4.6.3\libgcc.a(_udivmod16.o)
 .debug_aranges
                0x00000470       0x14 c:/energia-1.6.10e18/hardware/tools/msp430/bin/../lib/gcc/msp430/4.6.3\libgcc.a(_divmod16.o)
 .debug_aranges
                0x00000484       0x14 c:/energia-1.6.10e18/hardware/tools/msp430/bin/../lib/gcc/msp430/4.6.3\libgcc.a(_udivmod32.o)
 .debug_aranges
                0x00000498       0x14 c:/energia-1.6.10e18/hardware/tools/msp430/bin/../lib/gcc/msp430/4.6.3\libgcc.a(_fixunssfsi.o)
 .debug_aranges
                0x000004ac       0x14 c:/energia-1.6.10e18/hardware/tools/msp430/bin/../lib/gcc/msp430/4.6.3\libgcc.a(_addsub_sf.o)
 .debug_aranges
                0x000004c0       0x14 c:/energia-1.6.10e18/hardware/tools/msp430/bin/../lib/gcc/msp430/4.6.3\libgcc.a(_mul_sf.o)
 .debug_aranges
                0x000004d4       0x14 c:/energia-1.6.10e18/hardware/tools/msp430/bin/../lib/gcc/msp430/4.6.3\libgcc.a(_div_sf.o)
 .debug_aranges
                0x000004e8       0x14 c:/energia-1.6.10e18/hardware/tools/msp430/bin/../lib/gcc/msp430/4.6.3\libgcc.a(_gt_sf.o)
 .debug_aranges
                0x000004fc       0x14 c:/energia-1.6.10e18/hardware/tools/msp430/bin/../lib/gcc/msp430/4.6.3\libgcc.a(_ge_sf.o)
 .debug_aranges
                0x00000510       0x14 c:/energia-1.6.10e18/hardware/tools/msp430/bin/../lib/gcc/msp430/4.6.3\libgcc.a(_lt_sf.o)
 .debug_aranges
                0x00000524       0x14 c:/energia-1.6.10e18/hardware/tools/msp430/bin/../lib/gcc/msp430/4.6.3\libgcc.a(_le_sf.o)
 .debug_aranges
                0x00000538       0x14 c:/energia-1.6.10e18/hardware/tools/msp430/bin/../lib/gcc/msp430/4.6.3\libgcc.a(_si_to_sf.o)
 .debug_aranges
                0x0000054c       0x14 c:/energia-1.6.10e18/hardware/tools/msp430/bin/../lib/gcc/msp430/4.6.3\libgcc.a(_sf_to_si.o)
 .debug_aranges
                0x00000560       0x14 c:/energia-1.6.10e18/hardware/tools/msp430/bin/../lib/gcc/msp430/4.6.3\libgcc.a(_usi_to_sf.o)
 .debug_aranges
                0x00000574       0x14 c:/energia-1.6.10e18/hardware/tools/msp430/bin/../lib/gcc/msp430/4.6.3\libgcc.a(_clzsi2.o)
 .debug_aranges
                0x00000588       0x14 c:/energia-1.6.10e18/hardware/tools/msp430/bin/../lib/gcc/msp430/4.6.3\libgcc.a(_pack_sf.o)
 .debug_aranges
                0x0000059c       0x14 c:/energia-1.6.10e18/hardware/tools/msp430/bin/../lib/gcc/msp430/4.6.3\libgcc.a(_unpack_sf.o)
 .debug_aranges
                0x000005b0       0x14 c:/energia-1.6.10e18/hardware/tools/msp430/bin/../lib/gcc/msp430/4.6.3\libgcc.a(_fpcmp_parts_sf.o)
 .debug_aranges
                0x000005c4       0x14 c:/energia-1.6.10e18/hardware/tools/msp430/bin/../lib/gcc/msp430/4.6.3/../../../../msp430/lib\libc.a(strchr.o)
 .debug_aranges
                0x000005d8       0x14 c:/energia-1.6.10e18/hardware/tools/msp430/bin/../lib/gcc/msp430/4.6.3/../../../../msp430/lib\libc.a(strcmp.o)
 .debug_aranges
                0x000005ec       0x14 c:/energia-1.6.10e18/hardware/tools/msp430/bin/../lib/gcc/msp430/4.6.3/../../../../msp430/lib\libc.a(strncmp.o)
 .debug_aranges
                0x00000600       0x14 c:/energia-1.6.10e18/hardware/tools/msp430/bin/../lib/gcc/msp430/4.6.3/../../../../msp430/lib\libc.a(strcpy.o)
 .debug_aranges
                0x00000614       0x14 c:/energia-1.6.10e18/hardware/tools/msp430/bin/../lib/gcc/msp430/4.6.3/../../../../msp430/lib\libc.a(strncpy.o)
 .debug_aranges
                0x00000628       0x14 c:/energia-1.6.10e18/hardware/tools/msp430/bin/../lib/gcc/msp430/4.6.3/../../../../msp430/lib\libc.a(memcpy.o)
 .debug_aranges
                0x0000063c       0x14 c:/energia-1.6.10e18/hardware/tools/msp430/bin/../lib/gcc/msp430/4.6.3/../../../../msp430/lib\libc.a(memmove.o)
 .debug_aranges
                0x00000650       0x14 c:/energia-1.6.10e18/hardware/tools/msp430/bin/../lib/gcc/msp430/4.6.3/../../../../msp430/lib\libc.a(strrchr.o)
 .debug_aranges
                0x00000664       0x14 c:/energia-1.6.10e18/hardware/tools/msp430/bin/../lib/gcc/msp430/4.6.3/../../../../msp430/lib\libc.a(strstr.o)
 .debug_aranges
                0x00000678       0x14 c:/energia-1.6.10e18/hardware/tools/msp430/bin/../lib/gcc/msp430/4.6.3/../../../../msp430/lib\libc.a(atol.o)
 .debug_aranges
                0x0000068c       0x14 c:/energia-1.6.10e18/hardware/tools/msp430/bin/../lib/gcc/msp430/4.6.3/../../../../msp430/lib\libc.a(malloc.o)
 .debug_aranges
                0x000006a0       0x14 c:/energia-1.6.10e18/hardware/tools/msp430/bin/../lib/gcc/msp430/4.6.3/../../../../msp430/lib\libc.a(strtol.o)
 .debug_aranges
                0x000006b4       0x14 c:/energia-1.6.10e18/hardware/tools/msp430/bin/../lib/gcc/msp430/4.6.3/../../../../msp430/lib\libc.a(sprintf.o)
 .debug_aranges
                0x000006c8       0x14 c:/energia-1.6.10e18/hardware/tools/msp430/bin/../lib/gcc/msp430/4.6.3/../../../../msp430/lib\libc.a(vuprintf.o)
 .debug_aranges
                0x000006dc       0x14 c:/energia-1.6.10e18/hardware/tools/msp430/bin/../lib/gcc/msp430/4.6.3\libgcc.a(_mulsi3.o)
 .debug_aranges
                0x000006f0       0x14 c:/energia-1.6.10e18/hardware/tools/msp430/bin/../lib/gcc/msp430/4.6.3\libgcc.a(_divmod32.o)
 .debug_aranges
                0x00000704       0x14 c:/energia-1.6.10e18/hardware/tools/msp430/bin/../lib/gcc/msp430/4.6.3\libgcc.a(_udivmod64.o)
 .debug_aranges
                0x00000718       0x14 c:/energia-1.6.10e18/hardware/tools/msp430/bin/../lib/gcc/msp430/4.6.3\libcrt0.a(__watchdog_support.o)
 .debug_aranges
                0x0000072c       0x14 c:/energia-1.6.10e18/hardware/tools/msp430/bin/../lib/gcc/msp430/4.6.3\libcrt0.a(__init_stack.o)
 .debug_aranges
                0x00000740       0x14 c:/energia-1.6.10e18/hardware/tools/msp430/bin/../lib/gcc/msp430/4.6.3\libcrt0.a(_copy_data.o)
 .debug_aranges
                0x00000754       0x14 c:/energia-1.6.10e18/hardware/tools/msp430/bin/../lib/gcc/msp430/4.6.3\libcrt0.a(_clear_bss.o)
 .debug_aranges
                0x00000768       0x14 c:/energia-1.6.10e18/hardware/tools/msp430/bin/../lib/gcc/msp430/4.6.3\libcrt0.a(_endless_loop__.o)
 .debug_aranges
                0x0000077c       0x14 c:/energia-1.6.10e18/hardware/tools/msp430/bin/../lib/gcc/msp430/4.6.3\libcrt0.a(_unexpected_.o)
 .debug_aranges
                0x00000790       0x14 c:/energia-1.6.10e18/hardware/tools/msp430/bin/../lib/gcc/msp430/4.6.3\libcrt0.a(_ctors430.o)

.debug_pubnames
 *(.debug_pubnames)

.debug_info     0x00000000     0xf7a7
 *(.debug_info)
 .debug_info    0x00000000      0x850 ./IRrecord.o
 .debug_info    0x00000850     0x1717 C:/Users/Jimmy/Google Drive/School/Courses/Lab2/msp430_MSP-EXP430G2553LP_IRremote/Debug\libmsp430_MSP-EXP430G2553LP_IRremote.a(IRremote.o)
 .debug_info    0x00001f67      0x768 C:/Users/Jimmy/Google Drive/School/Courses/Lab2/msp430_MSP-EXP430G2553LP_core/Debug\libmsp430_MSP-EXP430G2553LP_core.a(wiring.o)
 .debug_info    0x000026cf      0x8b4 C:/Users/Jimmy/Google Drive/School/Courses/Lab2/msp430_MSP-EXP430G2553LP_core/Debug\libmsp430_MSP-EXP430G2553LP_core.a(wiring_digital.o)
 .debug_info    0x00002f83     0x1b0f C:/Users/Jimmy/Google Drive/School/Courses/Lab2/msp430_MSP-EXP430G2553LP_core/Debug\libmsp430_MSP-EXP430G2553LP_core.a(HardwareSerial.o)
 .debug_info    0x00004a92      0x277 C:/Users/Jimmy/Google Drive/School/Courses/Lab2/msp430_MSP-EXP430G2553LP_core/Debug\libmsp430_MSP-EXP430G2553LP_core.a(main.o)
 .debug_info    0x00004d09     0x22c1 C:/Users/Jimmy/Google Drive/School/Courses/Lab2/msp430_MSP-EXP430G2553LP_core/Debug\libmsp430_MSP-EXP430G2553LP_core.a(Print.o)
 .debug_info    0x00006fca     0x2a89 C:/Users/Jimmy/Google Drive/School/Courses/Lab2/msp430_MSP-EXP430G2553LP_core/Debug\libmsp430_MSP-EXP430G2553LP_core.a(WString.o)
 .debug_info    0x00009a53       0xd8 C:/Users/Jimmy/Google Drive/School/Courses/Lab2/msp430_MSP-EXP430G2553LP_core/Debug\libmsp430_MSP-EXP430G2553LP_core.a(atof.o)
 .debug_info    0x00009b2b      0x14d C:/Users/Jimmy/Google Drive/School/Courses/Lab2/msp430_MSP-EXP430G2553LP_core/Debug\libmsp430_MSP-EXP430G2553LP_core.a(dtostrf.o)
 .debug_info    0x00009c78      0x221 C:/Users/Jimmy/Google Drive/School/Courses/Lab2/msp430_MSP-EXP430G2553LP_core/Debug\libmsp430_MSP-EXP430G2553LP_core.a(itoa.o)
 .debug_info    0x00009e99      0x31a C:/Users/Jimmy/Google Drive/School/Courses/Lab2/msp430_MSP-EXP430G2553LP_core/Debug\libmsp430_MSP-EXP430G2553LP_core.a(usci_isr_handler.o)
 .debug_info    0x0000a1b3      0x140 C:/Users/Jimmy/Google Drive/School/Courses/Lab2/msp430_MSP-EXP430G2553LP_core/Debug\libmsp430_MSP-EXP430G2553LP_core.a(new.o)
 .debug_info    0x0000a2f3      0x68b C:/Users/Jimmy/Google Drive/School/Courses/Lab2/msp430_MSP-EXP430G2553LP_core/Debug\libmsp430_MSP-EXP430G2553LP_core.a(twi.o)
 .debug_info    0x0000a97e      0x420 C:/Users/Jimmy/Google Drive/School/Courses/Lab2/msp430_MSP-EXP430G2553LP_core/Debug\libmsp430_MSP-EXP430G2553LP_core.a(twi_sw.o)
 .debug_info    0x0000ad9e      0x5ea c:/energia-1.6.10e18/hardware/tools/msp430/bin/../lib/gcc/msp430/4.6.3/../../../../msp430/lib\libm.a(ef_pow.o)
 .debug_info    0x0000b388      0x1e4 c:/energia-1.6.10e18/hardware/tools/msp430/bin/../lib/gcc/msp430/4.6.3/../../../../msp430/lib\libm.a(sf_scalbn.o)
 .debug_info    0x0000b56c      0x208 c:/energia-1.6.10e18/hardware/tools/msp430/bin/../lib/gcc/msp430/4.6.3/../../../../msp430/lib\libm.a(ef_sqrt.o)
 .debug_info    0x0000b774       0x8d c:/energia-1.6.10e18/hardware/tools/msp430/bin/../lib/gcc/msp430/4.6.3\libgcc.a(_mulqi3.o)
 .debug_info    0x0000b801       0x8d c:/energia-1.6.10e18/hardware/tools/msp430/bin/../lib/gcc/msp430/4.6.3\libgcc.a(_udivmod16.o)
 .debug_info    0x0000b88e       0x8d c:/energia-1.6.10e18/hardware/tools/msp430/bin/../lib/gcc/msp430/4.6.3\libgcc.a(_divmod16.o)
 .debug_info    0x0000b91b       0x8d c:/energia-1.6.10e18/hardware/tools/msp430/bin/../lib/gcc/msp430/4.6.3\libgcc.a(_udivmod32.o)
 .debug_info    0x0000b9a8       0xb5 c:/energia-1.6.10e18/hardware/tools/msp430/bin/../lib/gcc/msp430/4.6.3\libgcc.a(_fixunssfsi.o)
 .debug_info    0x0000ba5d      0x425 c:/energia-1.6.10e18/hardware/tools/msp430/bin/../lib/gcc/msp430/4.6.3\libgcc.a(_addsub_sf.o)
 .debug_info    0x0000be82      0x3c9 c:/energia-1.6.10e18/hardware/tools/msp430/bin/../lib/gcc/msp430/4.6.3\libgcc.a(_mul_sf.o)
 .debug_info    0x0000c24b      0x35c c:/energia-1.6.10e18/hardware/tools/msp430/bin/../lib/gcc/msp430/4.6.3\libgcc.a(_div_sf.o)
 .debug_info    0x0000c5a7      0x26e c:/energia-1.6.10e18/hardware/tools/msp430/bin/../lib/gcc/msp430/4.6.3\libgcc.a(_gt_sf.o)
 .debug_info    0x0000c815      0x26e c:/energia-1.6.10e18/hardware/tools/msp430/bin/../lib/gcc/msp430/4.6.3\libgcc.a(_ge_sf.o)
 .debug_info    0x0000ca83      0x26e c:/energia-1.6.10e18/hardware/tools/msp430/bin/../lib/gcc/msp430/4.6.3\libgcc.a(_lt_sf.o)
 .debug_info    0x0000ccf1      0x26e c:/energia-1.6.10e18/hardware/tools/msp430/bin/../lib/gcc/msp430/4.6.3\libgcc.a(_le_sf.o)
 .debug_info    0x0000cf5f      0x20b c:/energia-1.6.10e18/hardware/tools/msp430/bin/../lib/gcc/msp430/4.6.3\libgcc.a(_si_to_sf.o)
 .debug_info    0x0000d16a      0x289 c:/energia-1.6.10e18/hardware/tools/msp430/bin/../lib/gcc/msp430/4.6.3\libgcc.a(_sf_to_si.o)
 .debug_info    0x0000d3f3      0x144 c:/energia-1.6.10e18/hardware/tools/msp430/bin/../lib/gcc/msp430/4.6.3\libgcc.a(_thenan_sf.o)
 .debug_info    0x0000d537      0x204 c:/energia-1.6.10e18/hardware/tools/msp430/bin/../lib/gcc/msp430/4.6.3\libgcc.a(_usi_to_sf.o)
 .debug_info    0x0000d73b      0x109 c:/energia-1.6.10e18/hardware/tools/msp430/bin/../lib/gcc/msp430/4.6.3\libgcc.a(_clzsi2.o)
 .debug_info    0x0000d844      0x2b1 c:/energia-1.6.10e18/hardware/tools/msp430/bin/../lib/gcc/msp430/4.6.3\libgcc.a(_pack_sf.o)
 .debug_info    0x0000daf5      0x23e c:/energia-1.6.10e18/hardware/tools/msp430/bin/../lib/gcc/msp430/4.6.3\libgcc.a(_unpack_sf.o)
 .debug_info    0x0000dd33      0x1d5 c:/energia-1.6.10e18/hardware/tools/msp430/bin/../lib/gcc/msp430/4.6.3\libgcc.a(_fpcmp_parts_sf.o)
 .debug_info    0x0000df08       0xa0 c:/energia-1.6.10e18/hardware/tools/msp430/bin/../lib/gcc/msp430/4.6.3\libgcc.a(_clz.o)
 .debug_info    0x0000dfa8       0xa7 c:/energia-1.6.10e18/hardware/tools/msp430/bin/../lib/gcc/msp430/4.6.3/../../../../msp430/lib\libc.a(strchr.o)
 .debug_info    0x0000e04f       0xa4 c:/energia-1.6.10e18/hardware/tools/msp430/bin/../lib/gcc/msp430/4.6.3/../../../../msp430/lib\libc.a(strcmp.o)
 .debug_info    0x0000e0f3       0xbb c:/energia-1.6.10e18/hardware/tools/msp430/bin/../lib/gcc/msp430/4.6.3/../../../../msp430/lib\libc.a(strncmp.o)
 .debug_info    0x0000e1ae       0xb6 c:/energia-1.6.10e18/hardware/tools/msp430/bin/../lib/gcc/msp430/4.6.3/../../../../msp430/lib\libc.a(strcpy.o)
 .debug_info    0x0000e264       0xe1 c:/energia-1.6.10e18/hardware/tools/msp430/bin/../lib/gcc/msp430/4.6.3/../../../../msp430/lib\libc.a(strncpy.o)
 .debug_info    0x0000e345      0x113 c:/energia-1.6.10e18/hardware/tools/msp430/bin/../lib/gcc/msp430/4.6.3/../../../../msp430/lib\libc.a(memcpy.o)
 .debug_info    0x0000e458      0x113 c:/energia-1.6.10e18/hardware/tools/msp430/bin/../lib/gcc/msp430/4.6.3/../../../../msp430/lib\libc.a(memmove.o)
 .debug_info    0x0000e56b       0xb7 c:/energia-1.6.10e18/hardware/tools/msp430/bin/../lib/gcc/msp430/4.6.3/../../../../msp430/lib\libc.a(strrchr.o)
 .debug_info    0x0000e622       0xe0 c:/energia-1.6.10e18/hardware/tools/msp430/bin/../lib/gcc/msp430/4.6.3/../../../../msp430/lib\libc.a(strstr.o)
 .debug_info    0x0000e702       0x95 c:/energia-1.6.10e18/hardware/tools/msp430/bin/../lib/gcc/msp430/4.6.3/../../../../msp430/lib\libc.a(atol.o)
 .debug_info    0x0000e797      0x151 c:/energia-1.6.10e18/hardware/tools/msp430/bin/../lib/gcc/msp430/4.6.3/../../../../msp430/lib\libc.a(malloc.o)
 .debug_info    0x0000e8e8      0x1d7 c:/energia-1.6.10e18/hardware/tools/msp430/bin/../lib/gcc/msp430/4.6.3/../../../../msp430/lib\libc.a(strtol.o)
 .debug_info    0x0000eabf      0x277 c:/energia-1.6.10e18/hardware/tools/msp430/bin/../lib/gcc/msp430/4.6.3/../../../../msp430/lib\libc.a(sprintf.o)
 .debug_info    0x0000ed36      0x565 c:/energia-1.6.10e18/hardware/tools/msp430/bin/../lib/gcc/msp430/4.6.3/../../../../msp430/lib\libc.a(vuprintf.o)
 .debug_info    0x0000f29b       0x39 c:/energia-1.6.10e18/hardware/tools/msp430/bin/../lib/gcc/msp430/4.6.3/../../../../msp430/lib\libc.a(errno.o)
 .debug_info    0x0000f2d4       0x8d c:/energia-1.6.10e18/hardware/tools/msp430/bin/../lib/gcc/msp430/4.6.3\libgcc.a(_mulsi3.o)
 .debug_info    0x0000f361       0x8d c:/energia-1.6.10e18/hardware/tools/msp430/bin/../lib/gcc/msp430/4.6.3\libgcc.a(_divmod32.o)
 .debug_info    0x0000f3ee       0x8d c:/energia-1.6.10e18/hardware/tools/msp430/bin/../lib/gcc/msp430/4.6.3\libgcc.a(_udivmod64.o)
 .debug_info    0x0000f47b       0x74 c:/energia-1.6.10e18/hardware/tools/msp430/bin/../lib/gcc/msp430/4.6.3\libcrt0.a(__watchdog_support.o)
 .debug_info    0x0000f4ef       0x74 c:/energia-1.6.10e18/hardware/tools/msp430/bin/../lib/gcc/msp430/4.6.3\libcrt0.a(__init_stack.o)
 .debug_info    0x0000f563       0x74 c:/energia-1.6.10e18/hardware/tools/msp430/bin/../lib/gcc/msp430/4.6.3\libcrt0.a(_copy_data.o)
 .debug_info    0x0000f5d7       0x74 c:/energia-1.6.10e18/hardware/tools/msp430/bin/../lib/gcc/msp430/4.6.3\libcrt0.a(_clear_bss.o)
 .debug_info    0x0000f64b       0x74 c:/energia-1.6.10e18/hardware/tools/msp430/bin/../lib/gcc/msp430/4.6.3\libcrt0.a(_endless_loop__.o)
 .debug_info    0x0000f6bf       0x74 c:/energia-1.6.10e18/hardware/tools/msp430/bin/../lib/gcc/msp430/4.6.3\libcrt0.a(_unexpected_.o)
 .debug_info    0x0000f733       0x74 c:/energia-1.6.10e18/hardware/tools/msp430/bin/../lib/gcc/msp430/4.6.3\libcrt0.a(_ctors430.o)
 *(.gnu.linkonce.wi.*)

.debug_abbrev   0x00000000     0x419e
 *(.debug_abbrev)
 .debug_abbrev  0x00000000      0x277 ./IRrecord.o
 .debug_abbrev  0x00000277      0x3f6 C:/Users/Jimmy/Google Drive/School/Courses/Lab2/msp430_MSP-EXP430G2553LP_IRremote/Debug\libmsp430_MSP-EXP430G2553LP_IRremote.a(IRremote.o)
 .debug_abbrev  0x0000066d      0x28e C:/Users/Jimmy/Google Drive/School/Courses/Lab2/msp430_MSP-EXP430G2553LP_core/Debug\libmsp430_MSP-EXP430G2553LP_core.a(wiring.o)
 .debug_abbrev  0x000008fb      0x17b C:/Users/Jimmy/Google Drive/School/Courses/Lab2/msp430_MSP-EXP430G2553LP_core/Debug\libmsp430_MSP-EXP430G2553LP_core.a(wiring_digital.o)
 .debug_abbrev  0x00000a76      0x4a4 C:/Users/Jimmy/Google Drive/School/Courses/Lab2/msp430_MSP-EXP430G2553LP_core/Debug\libmsp430_MSP-EXP430G2553LP_core.a(HardwareSerial.o)
 .debug_abbrev  0x00000f1a       0x91 C:/Users/Jimmy/Google Drive/School/Courses/Lab2/msp430_MSP-EXP430G2553LP_core/Debug\libmsp430_MSP-EXP430G2553LP_core.a(main.o)
 .debug_abbrev  0x00000fab      0x3a4 C:/Users/Jimmy/Google Drive/School/Courses/Lab2/msp430_MSP-EXP430G2553LP_core/Debug\libmsp430_MSP-EXP430G2553LP_core.a(Print.o)
 .debug_abbrev  0x0000134f      0x3c7 C:/Users/Jimmy/Google Drive/School/Courses/Lab2/msp430_MSP-EXP430G2553LP_core/Debug\libmsp430_MSP-EXP430G2553LP_core.a(WString.o)
 .debug_abbrev  0x00001716       0x81 C:/Users/Jimmy/Google Drive/School/Courses/Lab2/msp430_MSP-EXP430G2553LP_core/Debug\libmsp430_MSP-EXP430G2553LP_core.a(atof.o)
 .debug_abbrev  0x00001797       0xeb C:/Users/Jimmy/Google Drive/School/Courses/Lab2/msp430_MSP-EXP430G2553LP_core/Debug\libmsp430_MSP-EXP430G2553LP_core.a(dtostrf.o)
 .debug_abbrev  0x00001882       0xaf C:/Users/Jimmy/Google Drive/School/Courses/Lab2/msp430_MSP-EXP430G2553LP_core/Debug\libmsp430_MSP-EXP430G2553LP_core.a(itoa.o)
 .debug_abbrev  0x00001931      0x104 C:/Users/Jimmy/Google Drive/School/Courses/Lab2/msp430_MSP-EXP430G2553LP_core/Debug\libmsp430_MSP-EXP430G2553LP_core.a(usci_isr_handler.o)
 .debug_abbrev  0x00001a35       0xee C:/Users/Jimmy/Google Drive/School/Courses/Lab2/msp430_MSP-EXP430G2553LP_core/Debug\libmsp430_MSP-EXP430G2553LP_core.a(new.o)
 .debug_abbrev  0x00001b23      0x1e1 C:/Users/Jimmy/Google Drive/School/Courses/Lab2/msp430_MSP-EXP430G2553LP_core/Debug\libmsp430_MSP-EXP430G2553LP_core.a(twi.o)
 .debug_abbrev  0x00001d04       0xf8 C:/Users/Jimmy/Google Drive/School/Courses/Lab2/msp430_MSP-EXP430G2553LP_core/Debug\libmsp430_MSP-EXP430G2553LP_core.a(twi_sw.o)
 .debug_abbrev  0x00001dfc      0x140 c:/energia-1.6.10e18/hardware/tools/msp430/bin/../lib/gcc/msp430/4.6.3/../../../../msp430/lib\libm.a(ef_pow.o)
 .debug_abbrev  0x00001f3c       0xf4 c:/energia-1.6.10e18/hardware/tools/msp430/bin/../lib/gcc/msp430/4.6.3/../../../../msp430/lib\libm.a(sf_scalbn.o)
 .debug_abbrev  0x00002030      0x14a c:/energia-1.6.10e18/hardware/tools/msp430/bin/../lib/gcc/msp430/4.6.3/../../../../msp430/lib\libm.a(ef_sqrt.o)
 .debug_abbrev  0x0000217a       0x14 c:/energia-1.6.10e18/hardware/tools/msp430/bin/../lib/gcc/msp430/4.6.3\libgcc.a(_mulqi3.o)
 .debug_abbrev  0x0000218e       0x14 c:/energia-1.6.10e18/hardware/tools/msp430/bin/../lib/gcc/msp430/4.6.3\libgcc.a(_udivmod16.o)
 .debug_abbrev  0x000021a2       0x14 c:/energia-1.6.10e18/hardware/tools/msp430/bin/../lib/gcc/msp430/4.6.3\libgcc.a(_divmod16.o)
 .debug_abbrev  0x000021b6       0x14 c:/energia-1.6.10e18/hardware/tools/msp430/bin/../lib/gcc/msp430/4.6.3\libgcc.a(_udivmod32.o)
 .debug_abbrev  0x000021ca       0x5d c:/energia-1.6.10e18/hardware/tools/msp430/bin/../lib/gcc/msp430/4.6.3\libgcc.a(_fixunssfsi.o)
 .debug_abbrev  0x00002227      0x1ab c:/energia-1.6.10e18/hardware/tools/msp430/bin/../lib/gcc/msp430/4.6.3\libgcc.a(_addsub_sf.o)
 .debug_abbrev  0x000023d2      0x1d9 c:/energia-1.6.10e18/hardware/tools/msp430/bin/../lib/gcc/msp430/4.6.3\libgcc.a(_mul_sf.o)
 .debug_abbrev  0x000025ab      0x1c4 c:/energia-1.6.10e18/hardware/tools/msp430/bin/../lib/gcc/msp430/4.6.3\libgcc.a(_div_sf.o)
 .debug_abbrev  0x0000276f      0x151 c:/energia-1.6.10e18/hardware/tools/msp430/bin/../lib/gcc/msp430/4.6.3\libgcc.a(_gt_sf.o)
 .debug_abbrev  0x000028c0      0x151 c:/energia-1.6.10e18/hardware/tools/msp430/bin/../lib/gcc/msp430/4.6.3\libgcc.a(_ge_sf.o)
 .debug_abbrev  0x00002a11      0x151 c:/energia-1.6.10e18/hardware/tools/msp430/bin/../lib/gcc/msp430/4.6.3\libgcc.a(_lt_sf.o)
 .debug_abbrev  0x00002b62      0x151 c:/energia-1.6.10e18/hardware/tools/msp430/bin/../lib/gcc/msp430/4.6.3\libgcc.a(_le_sf.o)
 .debug_abbrev  0x00002cb3      0x164 c:/energia-1.6.10e18/hardware/tools/msp430/bin/../lib/gcc/msp430/4.6.3\libgcc.a(_si_to_sf.o)
 .debug_abbrev  0x00002e17      0x160 c:/energia-1.6.10e18/hardware/tools/msp430/bin/../lib/gcc/msp430/4.6.3\libgcc.a(_sf_to_si.o)
 .debug_abbrev  0x00002f77       0xba c:/energia-1.6.10e18/hardware/tools/msp430/bin/../lib/gcc/msp430/4.6.3\libgcc.a(_thenan_sf.o)
 .debug_abbrev  0x00003031      0x173 c:/energia-1.6.10e18/hardware/tools/msp430/bin/../lib/gcc/msp430/4.6.3\libgcc.a(_usi_to_sf.o)
 .debug_abbrev  0x000031a4       0xac c:/energia-1.6.10e18/hardware/tools/msp430/bin/../lib/gcc/msp430/4.6.3\libgcc.a(_clzsi2.o)
 .debug_abbrev  0x00003250      0x192 c:/energia-1.6.10e18/hardware/tools/msp430/bin/../lib/gcc/msp430/4.6.3\libgcc.a(_pack_sf.o)
 .debug_abbrev  0x000033e2      0x15a c:/energia-1.6.10e18/hardware/tools/msp430/bin/../lib/gcc/msp430/4.6.3\libgcc.a(_unpack_sf.o)
 .debug_abbrev  0x0000353c      0x10b c:/energia-1.6.10e18/hardware/tools/msp430/bin/../lib/gcc/msp430/4.6.3\libgcc.a(_fpcmp_parts_sf.o)
 .debug_abbrev  0x00003647       0x61 c:/energia-1.6.10e18/hardware/tools/msp430/bin/../lib/gcc/msp430/4.6.3\libgcc.a(_clz.o)
 .debug_abbrev  0x000036a8       0x6f c:/energia-1.6.10e18/hardware/tools/msp430/bin/../lib/gcc/msp430/4.6.3/../../../../msp430/lib\libc.a(strchr.o)
 .debug_abbrev  0x00003717       0x60 c:/energia-1.6.10e18/hardware/tools/msp430/bin/../lib/gcc/msp430/4.6.3/../../../../msp430/lib\libc.a(strcmp.o)
 .debug_abbrev  0x00003777       0x7c c:/energia-1.6.10e18/hardware/tools/msp430/bin/../lib/gcc/msp430/4.6.3/../../../../msp430/lib\libc.a(strncmp.o)
 .debug_abbrev  0x000037f3       0x7e c:/energia-1.6.10e18/hardware/tools/msp430/bin/../lib/gcc/msp430/4.6.3/../../../../msp430/lib\libc.a(strcpy.o)
 .debug_abbrev  0x00003871       0x94 c:/energia-1.6.10e18/hardware/tools/msp430/bin/../lib/gcc/msp430/4.6.3/../../../../msp430/lib\libc.a(strncpy.o)
 .debug_abbrev  0x00003905       0x97 c:/energia-1.6.10e18/hardware/tools/msp430/bin/../lib/gcc/msp430/4.6.3/../../../../msp430/lib\libc.a(memcpy.o)
 .debug_abbrev  0x0000399c       0x97 c:/energia-1.6.10e18/hardware/tools/msp430/bin/../lib/gcc/msp430/4.6.3/../../../../msp430/lib\libc.a(memmove.o)
 .debug_abbrev  0x00003a33       0x7e c:/energia-1.6.10e18/hardware/tools/msp430/bin/../lib/gcc/msp430/4.6.3/../../../../msp430/lib\libc.a(strrchr.o)
 .debug_abbrev  0x00003ab1       0x8b c:/energia-1.6.10e18/hardware/tools/msp430/bin/../lib/gcc/msp430/4.6.3/../../../../msp430/lib\libc.a(strstr.o)
 .debug_abbrev  0x00003b3c       0x60 c:/energia-1.6.10e18/hardware/tools/msp430/bin/../lib/gcc/msp430/4.6.3/../../../../msp430/lib\libc.a(atol.o)
 .debug_abbrev  0x00003b9c      0x104 c:/energia-1.6.10e18/hardware/tools/msp430/bin/../lib/gcc/msp430/4.6.3/../../../../msp430/lib\libc.a(malloc.o)
 .debug_abbrev  0x00003ca0      0x112 c:/energia-1.6.10e18/hardware/tools/msp430/bin/../lib/gcc/msp430/4.6.3/../../../../msp430/lib\libc.a(strtol.o)
 .debug_abbrev  0x00003db2      0x105 c:/energia-1.6.10e18/hardware/tools/msp430/bin/../lib/gcc/msp430/4.6.3/../../../../msp430/lib\libc.a(sprintf.o)
 .debug_abbrev  0x00003eb7      0x1ef c:/energia-1.6.10e18/hardware/tools/msp430/bin/../lib/gcc/msp430/4.6.3/../../../../msp430/lib\libc.a(vuprintf.o)
 .debug_abbrev  0x000040a6       0x30 c:/energia-1.6.10e18/hardware/tools/msp430/bin/../lib/gcc/msp430/4.6.3/../../../../msp430/lib\libc.a(errno.o)
 .debug_abbrev  0x000040d6       0x14 c:/energia-1.6.10e18/hardware/tools/msp430/bin/../lib/gcc/msp430/4.6.3\libgcc.a(_mulsi3.o)
 .debug_abbrev  0x000040ea       0x14 c:/energia-1.6.10e18/hardware/tools/msp430/bin/../lib/gcc/msp430/4.6.3\libgcc.a(_divmod32.o)
 .debug_abbrev  0x000040fe       0x14 c:/energia-1.6.10e18/hardware/tools/msp430/bin/../lib/gcc/msp430/4.6.3\libgcc.a(_udivmod64.o)
 .debug_abbrev  0x00004112       0x14 c:/energia-1.6.10e18/hardware/tools/msp430/bin/../lib/gcc/msp430/4.6.3\libcrt0.a(__watchdog_support.o)
 .debug_abbrev  0x00004126       0x14 c:/energia-1.6.10e18/hardware/tools/msp430/bin/../lib/gcc/msp430/4.6.3\libcrt0.a(__init_stack.o)
 .debug_abbrev  0x0000413a       0x14 c:/energia-1.6.10e18/hardware/tools/msp430/bin/../lib/gcc/msp430/4.6.3\libcrt0.a(_copy_data.o)
 .debug_abbrev  0x0000414e       0x14 c:/energia-1.6.10e18/hardware/tools/msp430/bin/../lib/gcc/msp430/4.6.3\libcrt0.a(_clear_bss.o)
 .debug_abbrev  0x00004162       0x14 c:/energia-1.6.10e18/hardware/tools/msp430/bin/../lib/gcc/msp430/4.6.3\libcrt0.a(_endless_loop__.o)
 .debug_abbrev  0x00004176       0x14 c:/energia-1.6.10e18/hardware/tools/msp430/bin/../lib/gcc/msp430/4.6.3\libcrt0.a(_unexpected_.o)
 .debug_abbrev  0x0000418a       0x14 c:/energia-1.6.10e18/hardware/tools/msp430/bin/../lib/gcc/msp430/4.6.3\libcrt0.a(_ctors430.o)

.debug_line     0x00000000     0x479e
 *(.debug_line)
 .debug_line    0x00000000      0x2aa ./IRrecord.o
 .debug_line    0x000002aa      0x650 C:/Users/Jimmy/Google Drive/School/Courses/Lab2/msp430_MSP-EXP430G2553LP_IRremote/Debug\libmsp430_MSP-EXP430G2553LP_IRremote.a(IRremote.o)
 .debug_line    0x000008fa      0x313 C:/Users/Jimmy/Google Drive/School/Courses/Lab2/msp430_MSP-EXP430G2553LP_core/Debug\libmsp430_MSP-EXP430G2553LP_core.a(wiring.o)
 .debug_line    0x00000c0d      0x1f3 C:/Users/Jimmy/Google Drive/School/Courses/Lab2/msp430_MSP-EXP430G2553LP_core/Debug\libmsp430_MSP-EXP430G2553LP_core.a(wiring_digital.o)
 .debug_line    0x00000e00      0x308 C:/Users/Jimmy/Google Drive/School/Courses/Lab2/msp430_MSP-EXP430G2553LP_core/Debug\libmsp430_MSP-EXP430G2553LP_core.a(HardwareSerial.o)
 .debug_line    0x00001108      0x140 C:/Users/Jimmy/Google Drive/School/Courses/Lab2/msp430_MSP-EXP430G2553LP_core/Debug\libmsp430_MSP-EXP430G2553LP_core.a(main.o)
 .debug_line    0x00001248      0x411 C:/Users/Jimmy/Google Drive/School/Courses/Lab2/msp430_MSP-EXP430G2553LP_core/Debug\libmsp430_MSP-EXP430G2553LP_core.a(Print.o)
 .debug_line    0x00001659      0x7f2 C:/Users/Jimmy/Google Drive/School/Courses/Lab2/msp430_MSP-EXP430G2553LP_core/Debug\libmsp430_MSP-EXP430G2553LP_core.a(WString.o)
 .debug_line    0x00001e4b       0xdd C:/Users/Jimmy/Google Drive/School/Courses/Lab2/msp430_MSP-EXP430G2553LP_core/Debug\libmsp430_MSP-EXP430G2553LP_core.a(atof.o)
 .debug_line    0x00001f28      0x101 C:/Users/Jimmy/Google Drive/School/Courses/Lab2/msp430_MSP-EXP430G2553LP_core/Debug\libmsp430_MSP-EXP430G2553LP_core.a(dtostrf.o)
 .debug_line    0x00002029       0xf7 C:/Users/Jimmy/Google Drive/School/Courses/Lab2/msp430_MSP-EXP430G2553LP_core/Debug\libmsp430_MSP-EXP430G2553LP_core.a(itoa.o)
 .debug_line    0x00002120      0x19c C:/Users/Jimmy/Google Drive/School/Courses/Lab2/msp430_MSP-EXP430G2553LP_core/Debug\libmsp430_MSP-EXP430G2553LP_core.a(usci_isr_handler.o)
 .debug_line    0x000022bc      0x118 C:/Users/Jimmy/Google Drive/School/Courses/Lab2/msp430_MSP-EXP430G2553LP_core/Debug\libmsp430_MSP-EXP430G2553LP_core.a(new.o)
 .debug_line    0x000023d4      0x2e8 C:/Users/Jimmy/Google Drive/School/Courses/Lab2/msp430_MSP-EXP430G2553LP_core/Debug\libmsp430_MSP-EXP430G2553LP_core.a(twi.o)
 .debug_line    0x000026bc      0x205 C:/Users/Jimmy/Google Drive/School/Courses/Lab2/msp430_MSP-EXP430G2553LP_core/Debug\libmsp430_MSP-EXP430G2553LP_core.a(twi_sw.o)
 .debug_line    0x000028c1      0x1c6 c:/energia-1.6.10e18/hardware/tools/msp430/bin/../lib/gcc/msp430/4.6.3/../../../../msp430/lib\libm.a(ef_pow.o)
 .debug_line    0x00002a87       0x97 c:/energia-1.6.10e18/hardware/tools/msp430/bin/../lib/gcc/msp430/4.6.3/../../../../msp430/lib\libm.a(sf_scalbn.o)
 .debug_line    0x00002b1e       0xb7 c:/energia-1.6.10e18/hardware/tools/msp430/bin/../lib/gcc/msp430/4.6.3/../../../../msp430/lib\libm.a(ef_sqrt.o)
 .debug_line    0x00002bd5       0x73 c:/energia-1.6.10e18/hardware/tools/msp430/bin/../lib/gcc/msp430/4.6.3\libgcc.a(_mulqi3.o)
 .debug_line    0x00002c48       0x77 c:/energia-1.6.10e18/hardware/tools/msp430/bin/../lib/gcc/msp430/4.6.3\libgcc.a(_udivmod16.o)
 .debug_line    0x00002cbf       0x82 c:/energia-1.6.10e18/hardware/tools/msp430/bin/../lib/gcc/msp430/4.6.3\libgcc.a(_divmod16.o)
 .debug_line    0x00002d41       0x86 c:/energia-1.6.10e18/hardware/tools/msp430/bin/../lib/gcc/msp430/4.6.3\libgcc.a(_udivmod32.o)
 .debug_line    0x00002dc7       0x6f c:/energia-1.6.10e18/hardware/tools/msp430/bin/../lib/gcc/msp430/4.6.3\libgcc.a(_fixunssfsi.o)
 .debug_line    0x00002e36      0x117 c:/energia-1.6.10e18/hardware/tools/msp430/bin/../lib/gcc/msp430/4.6.3\libgcc.a(_addsub_sf.o)
 .debug_line    0x00002f4d      0x10f c:/energia-1.6.10e18/hardware/tools/msp430/bin/../lib/gcc/msp430/4.6.3\libgcc.a(_mul_sf.o)
 .debug_line    0x0000305c       0xd1 c:/energia-1.6.10e18/hardware/tools/msp430/bin/../lib/gcc/msp430/4.6.3\libgcc.a(_div_sf.o)
 .debug_line    0x0000312d       0x89 c:/energia-1.6.10e18/hardware/tools/msp430/bin/../lib/gcc/msp430/4.6.3\libgcc.a(_gt_sf.o)
 .debug_line    0x000031b6       0x89 c:/energia-1.6.10e18/hardware/tools/msp430/bin/../lib/gcc/msp430/4.6.3\libgcc.a(_ge_sf.o)
 .debug_line    0x0000323f       0x89 c:/energia-1.6.10e18/hardware/tools/msp430/bin/../lib/gcc/msp430/4.6.3\libgcc.a(_lt_sf.o)
 .debug_line    0x000032c8       0x89 c:/energia-1.6.10e18/hardware/tools/msp430/bin/../lib/gcc/msp430/4.6.3\libgcc.a(_le_sf.o)
 .debug_line    0x00003351       0xa1 c:/energia-1.6.10e18/hardware/tools/msp430/bin/../lib/gcc/msp430/4.6.3\libgcc.a(_si_to_sf.o)
 .debug_line    0x000033f2       0x97 c:/energia-1.6.10e18/hardware/tools/msp430/bin/../lib/gcc/msp430/4.6.3\libgcc.a(_sf_to_si.o)
 .debug_line    0x00003489       0x6c c:/energia-1.6.10e18/hardware/tools/msp430/bin/../lib/gcc/msp430/4.6.3\libgcc.a(_thenan_sf.o)
 .debug_line    0x000034f5       0x9e c:/energia-1.6.10e18/hardware/tools/msp430/bin/../lib/gcc/msp430/4.6.3\libgcc.a(_usi_to_sf.o)
 .debug_line    0x00003593       0x99 c:/energia-1.6.10e18/hardware/tools/msp430/bin/../lib/gcc/msp430/4.6.3\libgcc.a(_clzsi2.o)
 .debug_line    0x0000362c       0xda c:/energia-1.6.10e18/hardware/tools/msp430/bin/../lib/gcc/msp430/4.6.3\libgcc.a(_pack_sf.o)
 .debug_line    0x00003706       0xb5 c:/energia-1.6.10e18/hardware/tools/msp430/bin/../lib/gcc/msp430/4.6.3\libgcc.a(_unpack_sf.o)
 .debug_line    0x000037bb       0xc0 c:/energia-1.6.10e18/hardware/tools/msp430/bin/../lib/gcc/msp430/4.6.3\libgcc.a(_fpcmp_parts_sf.o)
 .debug_line    0x0000387b       0x5b c:/energia-1.6.10e18/hardware/tools/msp430/bin/../lib/gcc/msp430/4.6.3\libgcc.a(_clz.o)
 .debug_line    0x000038d6       0x44 c:/energia-1.6.10e18/hardware/tools/msp430/bin/../lib/gcc/msp430/4.6.3/../../../../msp430/lib\libc.a(strchr.o)
 .debug_line    0x0000391a       0x49 c:/energia-1.6.10e18/hardware/tools/msp430/bin/../lib/gcc/msp430/4.6.3/../../../../msp430/lib\libc.a(strcmp.o)
 .debug_line    0x00003963       0x82 c:/energia-1.6.10e18/hardware/tools/msp430/bin/../lib/gcc/msp430/4.6.3/../../../../msp430/lib\libc.a(strncmp.o)
 .debug_line    0x000039e5       0x4d c:/energia-1.6.10e18/hardware/tools/msp430/bin/../lib/gcc/msp430/4.6.3/../../../../msp430/lib\libc.a(strcpy.o)
 .debug_line    0x00003a32       0x85 c:/energia-1.6.10e18/hardware/tools/msp430/bin/../lib/gcc/msp430/4.6.3/../../../../msp430/lib\libc.a(strncpy.o)
 .debug_line    0x00003ab7       0xf6 c:/energia-1.6.10e18/hardware/tools/msp430/bin/../lib/gcc/msp430/4.6.3/../../../../msp430/lib\libc.a(memcpy.o)
 .debug_line    0x00003bad       0xf6 c:/energia-1.6.10e18/hardware/tools/msp430/bin/../lib/gcc/msp430/4.6.3/../../../../msp430/lib\libc.a(memmove.o)
 .debug_line    0x00003ca3       0x47 c:/energia-1.6.10e18/hardware/tools/msp430/bin/../lib/gcc/msp430/4.6.3/../../../../msp430/lib\libc.a(strrchr.o)
 .debug_line    0x00003cea       0x86 c:/energia-1.6.10e18/hardware/tools/msp430/bin/../lib/gcc/msp430/4.6.3/../../../../msp430/lib\libc.a(strstr.o)
 .debug_line    0x00003d70       0x3d c:/energia-1.6.10e18/hardware/tools/msp430/bin/../lib/gcc/msp430/4.6.3/../../../../msp430/lib\libc.a(atol.o)
 .debug_line    0x00003dad       0xce c:/energia-1.6.10e18/hardware/tools/msp430/bin/../lib/gcc/msp430/4.6.3/../../../../msp430/lib\libc.a(malloc.o)
 .debug_line    0x00003e7b      0x10b c:/energia-1.6.10e18/hardware/tools/msp430/bin/../lib/gcc/msp430/4.6.3/../../../../msp430/lib\libc.a(strtol.o)
 .debug_line    0x00003f86       0xa9 c:/energia-1.6.10e18/hardware/tools/msp430/bin/../lib/gcc/msp430/4.6.3/../../../../msp430/lib\libc.a(sprintf.o)
 .debug_line    0x0000402f      0x2df c:/energia-1.6.10e18/hardware/tools/msp430/bin/../lib/gcc/msp430/4.6.3/../../../../msp430/lib\libc.a(vuprintf.o)
 .debug_line    0x0000430e       0x31 c:/energia-1.6.10e18/hardware/tools/msp430/bin/../lib/gcc/msp430/4.6.3/../../../../msp430/lib\libc.a(errno.o)
 .debug_line    0x0000433f       0x7e c:/energia-1.6.10e18/hardware/tools/msp430/bin/../lib/gcc/msp430/4.6.3\libgcc.a(_mulsi3.o)
 .debug_line    0x000043bd       0x8b c:/energia-1.6.10e18/hardware/tools/msp430/bin/../lib/gcc/msp430/4.6.3\libgcc.a(_divmod32.o)
 .debug_line    0x00004448       0xcc c:/energia-1.6.10e18/hardware/tools/msp430/bin/../lib/gcc/msp430/4.6.3\libgcc.a(_udivmod64.o)
 .debug_line    0x00004514       0x5c c:/energia-1.6.10e18/hardware/tools/msp430/bin/../lib/gcc/msp430/4.6.3\libcrt0.a(__watchdog_support.o)
 .debug_line    0x00004570       0x5a c:/energia-1.6.10e18/hardware/tools/msp430/bin/../lib/gcc/msp430/4.6.3\libcrt0.a(__init_stack.o)
 .debug_line    0x000045ca       0x60 c:/energia-1.6.10e18/hardware/tools/msp430/bin/../lib/gcc/msp430/4.6.3\libcrt0.a(_copy_data.o)
 .debug_line    0x0000462a       0x60 c:/energia-1.6.10e18/hardware/tools/msp430/bin/../lib/gcc/msp430/4.6.3\libcrt0.a(_clear_bss.o)
 .debug_line    0x0000468a       0x5b c:/energia-1.6.10e18/hardware/tools/msp430/bin/../lib/gcc/msp430/4.6.3\libcrt0.a(_endless_loop__.o)
 .debug_line    0x000046e5       0x5a c:/energia-1.6.10e18/hardware/tools/msp430/bin/../lib/gcc/msp430/4.6.3\libcrt0.a(_unexpected_.o)
 .debug_line    0x0000473f       0x5f c:/energia-1.6.10e18/hardware/tools/msp430/bin/../lib/gcc/msp430/4.6.3\libcrt0.a(_ctors430.o)

.debug_frame    0x00000000     0x200c
 *(.debug_frame)
 .debug_frame   0x00000000       0xaa ./IRrecord.o
 .debug_frame   0x000000aa      0x54a C:/Users/Jimmy/Google Drive/School/Courses/Lab2/msp430_MSP-EXP430G2553LP_IRremote/Debug\libmsp430_MSP-EXP430G2553LP_IRremote.a(IRremote.o)
 .debug_frame   0x000005f4      0x14c C:/Users/Jimmy/Google Drive/School/Courses/Lab2/msp430_MSP-EXP430G2553LP_core/Debug\libmsp430_MSP-EXP430G2553LP_core.a(wiring.o)
 .debug_frame   0x00000740       0x94 C:/Users/Jimmy/Google Drive/School/Courses/Lab2/msp430_MSP-EXP430G2553LP_core/Debug\libmsp430_MSP-EXP430G2553LP_core.a(wiring_digital.o)
 .debug_frame   0x000007d4       0xe6 C:/Users/Jimmy/Google Drive/School/Courses/Lab2/msp430_MSP-EXP430G2553LP_core/Debug\libmsp430_MSP-EXP430G2553LP_core.a(HardwareSerial.o)
 .debug_frame   0x000008ba       0x1e C:/Users/Jimmy/Google Drive/School/Courses/Lab2/msp430_MSP-EXP430G2553LP_core/Debug\libmsp430_MSP-EXP430G2553LP_core.a(main.o)
 .debug_frame   0x000008d8      0x398 C:/Users/Jimmy/Google Drive/School/Courses/Lab2/msp430_MSP-EXP430G2553LP_core/Debug\libmsp430_MSP-EXP430G2553LP_core.a(Print.o)
 .debug_frame   0x00000c70      0x7da C:/Users/Jimmy/Google Drive/School/Courses/Lab2/msp430_MSP-EXP430G2553LP_core/Debug\libmsp430_MSP-EXP430G2553LP_core.a(WString.o)
 .debug_frame   0x0000144a       0x6e C:/Users/Jimmy/Google Drive/School/Courses/Lab2/msp430_MSP-EXP430G2553LP_core/Debug\libmsp430_MSP-EXP430G2553LP_core.a(atof.o)
 .debug_frame   0x000014b8       0x82 C:/Users/Jimmy/Google Drive/School/Courses/Lab2/msp430_MSP-EXP430G2553LP_core/Debug\libmsp430_MSP-EXP430G2553LP_core.a(dtostrf.o)
 .debug_frame   0x0000153a       0xec C:/Users/Jimmy/Google Drive/School/Courses/Lab2/msp430_MSP-EXP430G2553LP_core/Debug\libmsp430_MSP-EXP430G2553LP_core.a(itoa.o)
 .debug_frame   0x00001626       0x7e C:/Users/Jimmy/Google Drive/School/Courses/Lab2/msp430_MSP-EXP430G2553LP_core/Debug\libmsp430_MSP-EXP430G2553LP_core.a(usci_isr_handler.o)
 .debug_frame   0x000016a4       0x5a C:/Users/Jimmy/Google Drive/School/Courses/Lab2/msp430_MSP-EXP430G2553LP_core/Debug\libmsp430_MSP-EXP430G2553LP_core.a(new.o)
 .debug_frame   0x000016fe       0xf2 C:/Users/Jimmy/Google Drive/School/Courses/Lab2/msp430_MSP-EXP430G2553LP_core/Debug\libmsp430_MSP-EXP430G2553LP_core.a(twi.o)
 .debug_frame   0x000017f0      0x10c C:/Users/Jimmy/Google Drive/School/Courses/Lab2/msp430_MSP-EXP430G2553LP_core/Debug\libmsp430_MSP-EXP430G2553LP_core.a(twi_sw.o)
 .debug_frame   0x000018fc       0x56 c:/energia-1.6.10e18/hardware/tools/msp430/bin/../lib/gcc/msp430/4.6.3/../../../../msp430/lib\libm.a(ef_pow.o)
 .debug_frame   0x00001952       0x44 c:/energia-1.6.10e18/hardware/tools/msp430/bin/../lib/gcc/msp430/4.6.3/../../../../msp430/lib\libm.a(sf_scalbn.o)
 .debug_frame   0x00001996       0x62 c:/energia-1.6.10e18/hardware/tools/msp430/bin/../lib/gcc/msp430/4.6.3/../../../../msp430/lib\libm.a(ef_sqrt.o)
 .debug_frame   0x000019f8       0x28 c:/energia-1.6.10e18/hardware/tools/msp430/bin/../lib/gcc/msp430/4.6.3\libgcc.a(_fixunssfsi.o)
 .debug_frame   0x00001a20       0x6a c:/energia-1.6.10e18/hardware/tools/msp430/bin/../lib/gcc/msp430/4.6.3\libgcc.a(_addsub_sf.o)
 .debug_frame   0x00001a8a       0x4a c:/energia-1.6.10e18/hardware/tools/msp430/bin/../lib/gcc/msp430/4.6.3\libgcc.a(_mul_sf.o)
 .debug_frame   0x00001ad4       0x3a c:/energia-1.6.10e18/hardware/tools/msp430/bin/../lib/gcc/msp430/4.6.3\libgcc.a(_div_sf.o)
 .debug_frame   0x00001b0e       0x22 c:/energia-1.6.10e18/hardware/tools/msp430/bin/../lib/gcc/msp430/4.6.3\libgcc.a(_gt_sf.o)
 .debug_frame   0x00001b30       0x22 c:/energia-1.6.10e18/hardware/tools/msp430/bin/../lib/gcc/msp430/4.6.3\libgcc.a(_ge_sf.o)
 .debug_frame   0x00001b52       0x22 c:/energia-1.6.10e18/hardware/tools/msp430/bin/../lib/gcc/msp430/4.6.3\libgcc.a(_lt_sf.o)
 .debug_frame   0x00001b74       0x22 c:/energia-1.6.10e18/hardware/tools/msp430/bin/../lib/gcc/msp430/4.6.3\libgcc.a(_le_sf.o)
 .debug_frame   0x00001b96       0x2c c:/energia-1.6.10e18/hardware/tools/msp430/bin/../lib/gcc/msp430/4.6.3\libgcc.a(_si_to_sf.o)
 .debug_frame   0x00001bc2       0x22 c:/energia-1.6.10e18/hardware/tools/msp430/bin/../lib/gcc/msp430/4.6.3\libgcc.a(_sf_to_si.o)
 .debug_frame   0x00001be4       0x36 c:/energia-1.6.10e18/hardware/tools/msp430/bin/../lib/gcc/msp430/4.6.3\libgcc.a(_usi_to_sf.o)
 .debug_frame   0x00001c1a       0x2e c:/energia-1.6.10e18/hardware/tools/msp430/bin/../lib/gcc/msp430/4.6.3\libgcc.a(_clzsi2.o)
 .debug_frame   0x00001c48       0x38 c:/energia-1.6.10e18/hardware/tools/msp430/bin/../lib/gcc/msp430/4.6.3\libgcc.a(_pack_sf.o)
 .debug_frame   0x00001c80       0x28 c:/energia-1.6.10e18/hardware/tools/msp430/bin/../lib/gcc/msp430/4.6.3\libgcc.a(_unpack_sf.o)
 .debug_frame   0x00001ca8       0x24 c:/energia-1.6.10e18/hardware/tools/msp430/bin/../lib/gcc/msp430/4.6.3\libgcc.a(_fpcmp_parts_sf.o)
 .debug_frame   0x00001ccc       0x1e c:/energia-1.6.10e18/hardware/tools/msp430/bin/../lib/gcc/msp430/4.6.3/../../../../msp430/lib\libc.a(strchr.o)
 .debug_frame   0x00001cea       0x1e c:/energia-1.6.10e18/hardware/tools/msp430/bin/../lib/gcc/msp430/4.6.3/../../../../msp430/lib\libc.a(strcmp.o)
 .debug_frame   0x00001d08       0x24 c:/energia-1.6.10e18/hardware/tools/msp430/bin/../lib/gcc/msp430/4.6.3/../../../../msp430/lib\libc.a(strncmp.o)
 .debug_frame   0x00001d2c       0x1e c:/energia-1.6.10e18/hardware/tools/msp430/bin/../lib/gcc/msp430/4.6.3/../../../../msp430/lib\libc.a(strcpy.o)
 .debug_frame   0x00001d4a       0x24 c:/energia-1.6.10e18/hardware/tools/msp430/bin/../lib/gcc/msp430/4.6.3/../../../../msp430/lib\libc.a(strncpy.o)
 .debug_frame   0x00001d6e       0x38 c:/energia-1.6.10e18/hardware/tools/msp430/bin/../lib/gcc/msp430/4.6.3/../../../../msp430/lib\libc.a(memcpy.o)
 .debug_frame   0x00001da6       0x38 c:/energia-1.6.10e18/hardware/tools/msp430/bin/../lib/gcc/msp430/4.6.3/../../../../msp430/lib\libc.a(memmove.o)
 .debug_frame   0x00001dde       0x24 c:/energia-1.6.10e18/hardware/tools/msp430/bin/../lib/gcc/msp430/4.6.3/../../../../msp430/lib\libc.a(strrchr.o)
 .debug_frame   0x00001e02       0x38 c:/energia-1.6.10e18/hardware/tools/msp430/bin/../lib/gcc/msp430/4.6.3/../../../../msp430/lib\libc.a(strstr.o)
 .debug_frame   0x00001e3a       0x1e c:/energia-1.6.10e18/hardware/tools/msp430/bin/../lib/gcc/msp430/4.6.3/../../../../msp430/lib\libc.a(atol.o)
 .debug_frame   0x00001e58       0x52 c:/energia-1.6.10e18/hardware/tools/msp430/bin/../lib/gcc/msp430/4.6.3/../../../../msp430/lib\libc.a(malloc.o)
 .debug_frame   0x00001eaa       0x4a c:/energia-1.6.10e18/hardware/tools/msp430/bin/../lib/gcc/msp430/4.6.3/../../../../msp430/lib\libc.a(strtol.o)
 .debug_frame   0x00001ef4       0x68 c:/energia-1.6.10e18/hardware/tools/msp430/bin/../lib/gcc/msp430/4.6.3/../../../../msp430/lib\libc.a(sprintf.o)
 .debug_frame   0x00001f5c       0xb0 c:/energia-1.6.10e18/hardware/tools/msp430/bin/../lib/gcc/msp430/4.6.3/../../../../msp430/lib\libc.a(vuprintf.o)

.debug_str      0x00000000     0x304e
 *(.debug_str)
 .debug_str     0x00000000      0x60c ./IRrecord.o
                                0x68e (size before relaxing)
 .debug_str     0x0000060c      0x1dd C:/Users/Jimmy/Google Drive/School/Courses/Lab2/msp430_MSP-EXP430G2553LP_IRremote/Debug\libmsp430_MSP-EXP430G2553LP_IRremote.a(IRremote.o)
                                0x737 (size before relaxing)
 .debug_str     0x000007e9      0x1f1 C:/Users/Jimmy/Google Drive/School/Courses/Lab2/msp430_MSP-EXP430G2553LP_core/Debug\libmsp430_MSP-EXP430G2553LP_core.a(wiring.o)
                                0x3c6 (size before relaxing)
 .debug_str     0x000009da      0x464 C:/Users/Jimmy/Google Drive/School/Courses/Lab2/msp430_MSP-EXP430G2553LP_core/Debug\libmsp430_MSP-EXP430G2553LP_core.a(wiring_digital.o)
                                0x687 (size before relaxing)
 .debug_str     0x00000e3e      0xdfc C:/Users/Jimmy/Google Drive/School/Courses/Lab2/msp430_MSP-EXP430G2553LP_core/Debug\libmsp430_MSP-EXP430G2553LP_core.a(HardwareSerial.o)
                               0x10bb (size before relaxing)
 .debug_str     0x00001c3a       0x48 C:/Users/Jimmy/Google Drive/School/Courses/Lab2/msp430_MSP-EXP430G2553LP_core/Debug\libmsp430_MSP-EXP430G2553LP_core.a(main.o)
                                0x239 (size before relaxing)
 .debug_str     0x00001c82      0x3d3 C:/Users/Jimmy/Google Drive/School/Courses/Lab2/msp430_MSP-EXP430G2553LP_core/Debug\libmsp430_MSP-EXP430G2553LP_core.a(Print.o)
                                0xea8 (size before relaxing)
 .debug_str     0x00002055      0x243 C:/Users/Jimmy/Google Drive/School/Courses/Lab2/msp430_MSP-EXP430G2553LP_core/Debug\libmsp430_MSP-EXP430G2553LP_core.a(WString.o)
                                0xc40 (size before relaxing)
 .debug_str     0x00002298       0x5d C:/Users/Jimmy/Google Drive/School/Courses/Lab2/msp430_MSP-EXP430G2553LP_core/Debug\libmsp430_MSP-EXP430G2553LP_core.a(atof.o)
                                 0xc0 (size before relaxing)
 .debug_str     0x000022f5       0x69 C:/Users/Jimmy/Google Drive/School/Courses/Lab2/msp430_MSP-EXP430G2553LP_core/Debug\libmsp430_MSP-EXP430G2553LP_core.a(dtostrf.o)
                                0x1ad (size before relaxing)
 .debug_str     0x0000235e       0x57 C:/Users/Jimmy/Google Drive/School/Courses/Lab2/msp430_MSP-EXP430G2553LP_core/Debug\libmsp430_MSP-EXP430G2553LP_core.a(itoa.o)
                                0x12c (size before relaxing)
 .debug_str     0x000023b5       0xb0 C:/Users/Jimmy/Google Drive/School/Courses/Lab2/msp430_MSP-EXP430G2553LP_core/Debug\libmsp430_MSP-EXP430G2553LP_core.a(usci_isr_handler.o)
                                0x274 (size before relaxing)
 .debug_str     0x00002465       0xa4 C:/Users/Jimmy/Google Drive/School/Courses/Lab2/msp430_MSP-EXP430G2553LP_core/Debug\libmsp430_MSP-EXP430G2553LP_core.a(new.o)
                                0x18d (size before relaxing)
 .debug_str     0x00002509      0x255 C:/Users/Jimmy/Google Drive/School/Courses/Lab2/msp430_MSP-EXP430G2553LP_core/Debug\libmsp430_MSP-EXP430G2553LP_core.a(twi.o)
                                0x494 (size before relaxing)
 .debug_str     0x0000275e       0xd8 C:/Users/Jimmy/Google Drive/School/Courses/Lab2/msp430_MSP-EXP430G2553LP_core/Debug\libmsp430_MSP-EXP430G2553LP_core.a(twi_sw.o)
                                0x28c (size before relaxing)
 .debug_str     0x00002836       0xcc c:/energia-1.6.10e18/hardware/tools/msp430/bin/../lib/gcc/msp430/4.6.3/../../../../msp430/lib\libm.a(ef_pow.o)
                                0x197 (size before relaxing)
 .debug_str     0x00002902       0x2f c:/energia-1.6.10e18/hardware/tools/msp430/bin/../lib/gcc/msp430/4.6.3/../../../../msp430/lib\libm.a(sf_scalbn.o)
                                0x15a (size before relaxing)
 .debug_str     0x00002931       0x26 c:/energia-1.6.10e18/hardware/tools/msp430/bin/../lib/gcc/msp430/4.6.3/../../../../msp430/lib\libm.a(ef_sqrt.o)
                                0x152 (size before relaxing)
 .debug_str     0x00002957       0x86 c:/energia-1.6.10e18/hardware/tools/msp430/bin/../lib/gcc/msp430/4.6.3\libgcc.a(_fixunssfsi.o)
                                0x13e (size before relaxing)
 .debug_str     0x000029dd      0x138 c:/energia-1.6.10e18/hardware/tools/msp430/bin/../lib/gcc/msp430/4.6.3\libgcc.a(_addsub_sf.o)
                                0x238 (size before relaxing)
 .debug_str     0x00002b15       0x27 c:/energia-1.6.10e18/hardware/tools/msp430/bin/../lib/gcc/msp430/4.6.3\libgcc.a(_mul_sf.o)
                                0x1f1 (size before relaxing)
 .debug_str     0x00002b3c       0x35 c:/energia-1.6.10e18/hardware/tools/msp430/bin/../lib/gcc/msp430/4.6.3\libgcc.a(_div_sf.o)
                                0x1fa (size before relaxing)
 .debug_str     0x00002b71        0x8 c:/energia-1.6.10e18/hardware/tools/msp430/bin/../lib/gcc/msp430/4.6.3\libgcc.a(_gt_sf.o)
                                0x1bf (size before relaxing)
 .debug_str     0x00002b79        0x8 c:/energia-1.6.10e18/hardware/tools/msp430/bin/../lib/gcc/msp430/4.6.3\libgcc.a(_ge_sf.o)