Archive member included because of file (symbol)

C:/Users/Jimmy/Google Drive/School/Courses/Lab2/msp430_MSP-EXP430G2553LP_IRremote/Debug\libmsp430_MSP-EXP430G2553LP_IRremote.a(IRremote.o)
                              ./IRrecvDump.o (IRrecv::enableIRIn())
C:/Users/Jimmy/Google Drive/School/Courses/Lab2/msp430_MSP-EXP430G2553LP_core/Debug\libmsp430_MSP-EXP430G2553LP_core.a(wiring.o)
                              C:/Users/Jimmy/Google Drive/School/Courses/Lab2/msp430_MSP-EXP430G2553LP_IRremote/Debug\libmsp430_MSP-EXP430G2553LP_IRremote.a(IRremote.o) (delayMicroseconds)
C:/Users/Jimmy/Google Drive/School/Courses/Lab2/msp430_MSP-EXP430G2553LP_core/Debug\libmsp430_MSP-EXP430G2553LP_core.a(wiring_digital.o)
                              C:/Users/Jimmy/Google Drive/School/Courses/Lab2/msp430_MSP-EXP430G2553LP_IRremote/Debug\libmsp430_MSP-EXP430G2553LP_IRremote.a(IRremote.o) (pinMode)
C:/Users/Jimmy/Google Drive/School/Courses/Lab2/msp430_MSP-EXP430G2553LP_core/Debug\libmsp430_MSP-EXP430G2553LP_core.a(HardwareSerial.o)
                              ./IRrecvDump.o (Serial)
C:/Users/Jimmy/Google Drive/School/Courses/Lab2/msp430_MSP-EXP430G2553LP_core/Debug\libmsp430_MSP-EXP430G2553LP_core.a(main.o)
                              (main)
C:/Users/Jimmy/Google Drive/School/Courses/Lab2/msp430_MSP-EXP430G2553LP_core/Debug\libmsp430_MSP-EXP430G2553LP_core.a(Print.o)
                              C:/Users/Jimmy/Google Drive/School/Courses/Lab2/msp430_MSP-EXP430G2553LP_core/Debug\libmsp430_MSP-EXP430G2553LP_core.a(HardwareSerial.o) (Print::write(unsigned char const*, unsigned int))
C:/Users/Jimmy/Google Drive/School/Courses/Lab2/msp430_MSP-EXP430G2553LP_core/Debug\libmsp430_MSP-EXP430G2553LP_core.a(WString.o)
                              C:/Users/Jimmy/Google Drive/School/Courses/Lab2/msp430_MSP-EXP430G2553LP_core/Debug\libmsp430_MSP-EXP430G2553LP_core.a(Print.o) (String::operator[](unsigned int) const)
C:/Users/Jimmy/Google Drive/School/Courses/Lab2/msp430_MSP-EXP430G2553LP_core/Debug\libmsp430_MSP-EXP430G2553LP_core.a(atof.o)
                              C:/Users/Jimmy/Google Drive/School/Courses/Lab2/msp430_MSP-EXP430G2553LP_core/Debug\libmsp430_MSP-EXP430G2553LP_core.a(WString.o) (atof)
C:/Users/Jimmy/Google Drive/School/Courses/Lab2/msp430_MSP-EXP430G2553LP_core/Debug\libmsp430_MSP-EXP430G2553LP_core.a(dtostrf.o)
                              C:/Users/Jimmy/Google Drive/School/Courses/Lab2/msp430_MSP-EXP430G2553LP_core/Debug\libmsp430_MSP-EXP430G2553LP_core.a(WString.o) (dtostrf)
C:/Users/Jimmy/Google Drive/School/Courses/Lab2/msp430_MSP-EXP430G2553LP_core/Debug\libmsp430_MSP-EXP430G2553LP_core.a(itoa.o)
                              C:/Users/Jimmy/Google Drive/School/Courses/Lab2/msp430_MSP-EXP430G2553LP_core/Debug\libmsp430_MSP-EXP430G2553LP_core.a(WString.o) (ltoa)
C:/Users/Jimmy/Google Drive/School/Courses/Lab2/msp430_MSP-EXP430G2553LP_core/Debug\libmsp430_MSP-EXP430G2553LP_core.a(usci_isr_handler.o)
                              C:/Users/Jimmy/Google Drive/School/Courses/Lab2/msp430_MSP-EXP430G2553LP_core/Debug\libmsp430_MSP-EXP430G2553LP_core.a(HardwareSerial.o) (usci_isr_install)
C:/Users/Jimmy/Google Drive/School/Courses/Lab2/msp430_MSP-EXP430G2553LP_core/Debug\libmsp430_MSP-EXP430G2553LP_core.a(new.o)
                              C:/Users/Jimmy/Google Drive/School/Courses/Lab2/msp430_MSP-EXP430G2553LP_core/Debug\libmsp430_MSP-EXP430G2553LP_core.a(Print.o) (__cxa_pure_virtual)
C:/Users/Jimmy/Google Drive/School/Courses/Lab2/msp430_MSP-EXP430G2553LP_core/Debug\libmsp430_MSP-EXP430G2553LP_core.a(twi.o)
                              C:/Users/Jimmy/Google Drive/School/Courses/Lab2/msp430_MSP-EXP430G2553LP_core/Debug\libmsp430_MSP-EXP430G2553LP_core.a(usci_isr_handler.o) (i2c_txrx_isr)
C:/Users/Jimmy/Google Drive/School/Courses/Lab2/msp430_MSP-EXP430G2553LP_core/Debug\libmsp430_MSP-EXP430G2553LP_core.a(twi_sw.o)
                              C:/Users/Jimmy/Google Drive/School/Courses/Lab2/msp430_MSP-EXP430G2553LP_core/Debug\libmsp430_MSP-EXP430G2553LP_core.a(twi.o) (i2c_sw_init)
c:/energia-1.6.10e18/hardware/tools/msp430/bin/../lib/gcc/msp430/4.6.3/../../../../msp430/lib\libm.a(ef_pow.o)
                              C:/Users/Jimmy/Google Drive/School/Courses/Lab2/msp430_MSP-EXP430G2553LP_core/Debug\libmsp430_MSP-EXP430G2553LP_core.a(dtostrf.o) (powf)
c:/energia-1.6.10e18/hardware/tools/msp430/bin/../lib/gcc/msp430/4.6.3/../../../../msp430/lib\libm.a(sf_scalbn.o)
                              c:/energia-1.6.10e18/hardware/tools/msp430/bin/../lib/gcc/msp430/4.6.3/../../../../msp430/lib\libm.a(ef_pow.o) (scalbnf)
c:/energia-1.6.10e18/hardware/tools/msp430/bin/../lib/gcc/msp430/4.6.3/../../../../msp430/lib\libm.a(ef_sqrt.o)
                              c:/energia-1.6.10e18/hardware/tools/msp430/bin/../lib/gcc/msp430/4.6.3/../../../../msp430/lib\libm.a(ef_pow.o) (__ieee754_sqrtf)
c:/energia-1.6.10e18/hardware/tools/msp430/bin/../lib/gcc/msp430/4.6.3\libgcc.a(_mulqi3.o)
[...]
Memory Configuration

Name             Origin             Length             Attributes
sfr              0x00000000         0x00000010
peripheral_8bit  0x00000010         0x000000f0
peripheral_16bit 0x00000100         0x00000100
ram              0x00000200         0x00000200         xw
infomem          0x00001000         0x00000100
infod            0x00001000         0x00000040
infoc            0x00001040         0x00000040
infob            0x00001080         0x00000040
infoa            0x000010c0         0x00000040
rom              0x0000c000         0x00003fe0         xr
vectors          0x0000ffe0         0x00000020
bsl              0x00000000         0x00000000
ram2             0x00000000         0x00000000         xw
ram_mirror       0x00000000         0x00000000         xw
signature        0x00000000         0x00000000
tinyram          0x00000000         0x00000000         xw
usbram           0x00000000         0x00000000         xw
far_rom          0x00000000         0x00000000
*default*        0x00000000         0xffffffff

Linker script and memory map

LOAD c:/energia-1.6.10e18/hardware/tools/msp430/bin/../lib/gcc/msp430/4.6.3/crt0ivtbl16.o
LOAD ./IRrecvDump.o
START GROUP
LOAD C:/Users/Jimmy/Google Drive/School/Courses/Lab2/msp430_MSP-EXP430G2553LP_IRremote/Debug\libmsp430_MSP-EXP430G2553LP_IRremote.a
LOAD C:/Users/Jimmy/Google Drive/School/Courses/Lab2/msp430_MSP-EXP430G2553LP_core/Debug\libmsp430_MSP-EXP430G2553LP_core.a
LOAD c:/energia-1.6.10e18/hardware/tools/msp430/bin/../lib/gcc/msp430/4.6.3/../../../../msp430/lib\libm.a
END GROUP
LOAD c:/energia-1.6.10e18/hardware/tools/msp430/bin/../lib/gcc/msp430/4.6.3\libgcc.a
LOAD c:/energia-1.6.10e18/hardware/tools/msp430/bin/../lib/gcc/msp430/4.6.3/../../../../msp430/lib\libc.a
LOAD c:/energia-1.6.10e18/hardware/tools/msp430/bin/../lib/gcc/msp430/4.6.3\libgcc.a
LOAD c:/energia-1.6.10e18/hardware/tools/msp430/bin/../lib/gcc/msp430/4.6.3\libcrt0.a
                0x00000040                PROVIDE (__info_segment_size, 0x40)
                0x00001000                PROVIDE (__infod, 0x1000)
                0x00001040                PROVIDE (__infoc, 0x1040)
                0x00001080                PROVIDE (__infob, 0x1080)
                0x000010c0                PROVIDE (__infoa, 0x10c0)
                0x00000000                __IE1 = 0x0
                0x00000002                __IFG1 = 0x2
                0x00000001                __IE2 = 0x1
                0x00000003                __IFG2 = 0x3
                0x00000048                __ADC10DTC0 = 0x48
                0x00000049                __ADC10DTC1 = 0x49
                0x0000004a                __ADC10AE0 = 0x4a
                0x000001b0                __ADC10CTL0 = 0x1b0
                0x000001b2                __ADC10CTL1 = 0x1b2
                0x000001b4                __ADC10MEM = 0x1b4
                0x000001bc                __ADC10SA = 0x1bc
                0x00000056                __DCOCTL = 0x56
                0x00000057                __BCSCTL1 = 0x57
                0x00000058                __BCSCTL2 = 0x58
                0x00000053                __BCSCTL3 = 0x53
                0x00000059                __CACTL1 = 0x59
                0x0000005a                __CACTL2 = 0x5a
                0x0000005b                __CAPD = 0x5b
                0x00000128                __FCTL1 = 0x128
                0x0000012a                __FCTL2 = 0x12a
                0x0000012c                __FCTL3 = 0x12c
                0x00000020                __P1IN = 0x20
                0x00000021                __P1OUT = 0x21
                0x00000022                __P1DIR = 0x22
                0x00000023                __P1IFG = 0x23
                0x00000024                __P1IES = 0x24
                0x00000025                __P1IE = 0x25
                0x00000026                __P1SEL = 0x26
                0x00000041                __P1SEL2 = 0x41
                0x00000027                __P1REN = 0x27
                0x00000028                __P2IN = 0x28
                0x00000029                __P2OUT = 0x29
                0x0000002a                __P2DIR = 0x2a
                0x0000002b                __P2IFG = 0x2b
                0x0000002c                __P2IES = 0x2c
                0x0000002d                __P2IE = 0x2d
                0x0000002e                __P2SEL = 0x2e
                0x00000042                __P2SEL2 = 0x42
                0x0000002f                __P2REN = 0x2f
                0x00000018                __P3IN = 0x18
                0x00000019                __P3OUT = 0x19
                0x0000001a                __P3DIR = 0x1a
                0x0000001b                __P3SEL = 0x1b
                0x00000043                __P3SEL2 = 0x43
                0x00000010                __P3REN = 0x10
                0x0000012e                __TA0IV = 0x12e
                0x00000160                __TA0CTL = 0x160
                0x00000162                __TA0CCTL0 = 0x162
                0x00000164                __TA0CCTL1 = 0x164
                0x00000166                __TA0CCTL2 = 0x166
                0x00000170                __TA0R = 0x170
                0x00000172                __TA0CCR0 = 0x172
                0x00000174                __TA0CCR1 = 0x174
                0x00000176                __TA0CCR2 = 0x176
                0x0000011e                __TA1IV = 0x11e
                0x00000180                __TA1CTL = 0x180
                0x00000182                __TA1CCTL0 = 0x182
                0x00000184                __TA1CCTL1 = 0x184
                0x00000186                __TA1CCTL2 = 0x186
                0x00000190                __TA1R = 0x190
                0x00000192                __TA1CCR0 = 0x192
                0x00000194                __TA1CCR1 = 0x194
                0x00000196                __TA1CCR2 = 0x196
                0x00000060                __UCA0CTL0 = 0x60
                0x00000061                __UCA0CTL1 = 0x61
                0x00000062                __UCA0BR0 = 0x62
                0x00000063                __UCA0BR1 = 0x63
                0x00000064                __UCA0MCTL = 0x64
                0x00000065                __UCA0STAT = 0x65
                0x00000066                __UCA0RXBUF = 0x66
                0x00000067                __UCA0TXBUF = 0x67
                0x0000005d                __UCA0ABCTL = 0x5d
                0x0000005e                __UCA0IRTCTL = 0x5e
                0x0000005f                __UCA0IRRCTL = 0x5f
                0x00000068                __UCB0CTL0 = 0x68
                0x00000069                __UCB0CTL1 = 0x69
                0x0000006a                __UCB0BR0 = 0x6a
                0x0000006b                __UCB0BR1 = 0x6b
                0x0000006c                __UCB0I2CIE = 0x6c
                0x0000006d                __UCB0STAT = 0x6d
                0x0000006e                __UCB0RXBUF = 0x6e
                0x0000006f                __UCB0TXBUF = 0x6f
                0x00000118                __UCB0I2COA = 0x118
                0x0000011a                __UCB0I2CSA = 0x11a
                0x00000120                __WDTCTL = 0x120
                0x000010f8                __CALDCO_16MHZ = 0x10f8
                0x000010f9                __CALBC1_16MHZ = 0x10f9
                0x000010fa                __CALDCO_12MHZ = 0x10fa
                0x000010fb                __CALBC1_12MHZ = 0x10fb
                0x000010fc                __CALDCO_8MHZ = 0x10fc
                0x000010fd                __CALBC1_8MHZ = 0x10fd
                0x000010fe                __CALDCO_1MHZ = 0x10fe
                0x000010ff                __CALBC1_1MHZ = 0x10ff
                0x000010c0                __TLV_CHECKSUM = 0x10c0
                0x000010f6                __TLV_DCO_30_TAG = 0x10f6
                0x000010f7                __TLV_DCO_30_LEN = 0x10f7
                0x000010da                __TLV_ADC10_1_TAG = 0x10da
                0x000010db                __TLV_ADC10_1_LEN = 0x10db

.hash
 *(.hash)

.dynsym
 *(.dynsym)

.dynstr
 *(.dynstr)

.gnu.version
 *(.gnu.version)

.gnu.version_d
 *(.gnu.version_d)

.gnu.version_r
 *(.gnu.version_r)

.rel.init
 *(.rel.init)

.rela.init
 *(.rela.init)

.rel.fini
 *(.rel.fini)

.rela.fini
 *(.rela.fini)

.rel.text
 *(.rel.text .rel.text.* .rel.gnu.linkonce.t.*)

.rela.text
 *(.rela.text .rela.text.* .rela.gnu.linkonce.t.*)

.rel.rodata
 *(.rel.rodata .rel.rodata.* .rel.gnu.linkonce.r.*)

.rela.rodata
 *(.rela.rodata .rela.rodata.* .rela.gnu.linkonce.r.*)

.rel.data
 *(.rel.data .rel.data.* .rel.gnu.linkonce.d.*)

.rela.data
 *(.rela.data .rela.data.* .rela.gnu.linkonce.d.*)

.rel.bss
 *(.rel.bss .rel.bss.* .rel.gnu.linkonce.b.*)

.rela.bss
 *(.rela.bss .rela.bss.* .rela.gnu.linkonce.b.*)

.rel.ctors
 *(.rel.ctors)

.rela.ctors
 *(.rela.ctors)

.rel.dtors
 *(.rel.dtors)

.rela.dtors
 *(.rela.dtors)

.rel.got
 *(.rel.got)

.rela.got
 *(.rela.got)

.rel.plt
 *(.rel.plt)

.rela.plt
 *(.rela.plt)

.text           0x0000c000     0x2372
                0x0000c000                . = ALIGN (0x2)
 *(.init .init.*)
 *(.init0)
 .init0         0x0000c000        0x0 c:/energia-1.6.10e18/hardware/tools/msp430/bin/../lib/gcc/msp430/4.6.3\libcrt0.a(_reset_vector__.o)
                0x0000c000                _reset_vector__
 *(.init1)
 .init1         0x0000c000        0xc c:/energia-1.6.10e18/hardware/tools/msp430/bin/../lib/gcc/msp430/4.6.3\libcrt0.a(__watchdog_support.o)
                0x0000c000                __watchdog_support
 *(.init2)
 .init2         0x0000c00c        0x4 c:/energia-1.6.10e18/hardware/tools/msp430/bin/../lib/gcc/msp430/4.6.3\libcrt0.a(__init_stack.o)
                0x0000c00c                __init_stack
 *(.init3)
 .init3         0x0000c010        0x0 c:/energia-1.6.10e18/hardware/tools/msp430/bin/../lib/gcc/msp430/4.6.3\libcrt0.a(__low_level_init.o)
                0x0000c010                __low_level_init
 *(.init4)
 .init4         0x0000c010       0x18 c:/energia-1.6.10e18/hardware/tools/msp430/bin/../lib/gcc/msp430/4.6.3\libcrt0.a(_copy_data.o)
                0x0000c010                __do_copy_data
 .init4         0x0000c028       0x16 c:/energia-1.6.10e18/hardware/tools/msp430/bin/../lib/gcc/msp430/4.6.3\libcrt0.a(_clear_bss.o)
                0x0000c028                __do_clear_bss
 *(.init5)
 *(.init6)
 .init6         0x0000c03e       0x14 c:/energia-1.6.10e18/hardware/tools/msp430/bin/../lib/gcc/msp430/4.6.3\libcrt0.a(_ctors430.o)
                0x0000c03e                __do_global_ctors
 *(.init7)
 *(.init8)
 *(.init9)
 .init9         0x0000c052       0x1a C:/Users/Jimmy/Google Drive/School/Courses/Lab2/msp430_MSP-EXP430G2553LP_core/Debug\libmsp430_MSP-EXP430G2553LP_core.a(main.o)
                0x0000c052                main
 *(.fini9)
 .fini9         0x0000c06c        0x0 c:/energia-1.6.10e18/hardware/tools/msp430/bin/../lib/gcc/msp430/4.6.3\libcrt0.a(__stop_progExec__.o)
                0x0000c06c                __stop_progExec__
 *(.fini8)
 *(.fini7)
 *(.fini6)
 *(.fini5)
 *(.fini4)
 *(.fini3)
 *(.fini2)
 *(.fini1)
 *(.fini0)
 .fini0         0x0000c06c        0x6 c:/energia-1.6.10e18/hardware/tools/msp430/bin/../lib/gcc/msp430/4.6.3\libcrt0.a(_endless_loop__.o)
                0x0000c06c                _endless_loop__
 *(.fini .fini.*)
                0x0000c072                . = ALIGN (0x2)
                0x0000c072                __ctors_start = .
 *(.ctors)
 .ctors         0x0000c072        0x2 ./IRrecvDump.o
 .ctors         0x0000c074        0x2 C:/Users/Jimmy/Google Drive/School/Courses/Lab2/msp430_MSP-EXP430G2553LP_core/Debug\libmsp430_MSP-EXP430G2553LP_core.a(HardwareSerial.o)
                0x0000c076                __ctors_end = .
                0x0000c076                __dtors_start = .
 *(.dtors)
                0x0000c076                __dtors_end = .
                0x0000c076                . = ALIGN (0x2)
 *(.text .text.* .gnu.linkonce.t.*)
 .text          0x0000c076        0x4 c:/energia-1.6.10e18/hardware/tools/msp430/bin/../lib/gcc/msp430/4.6.3/crt0ivtbl16.o
                0x0000c076                __isr_14
                0x0000c076                __isr_4
                0x0000c076                __isr_11
                0x0000c076                __isr_5
                0x0000c076                __isr_2
                0x0000c076                __isr_0
                0x0000c076                __isr_8
                0x0000c076                __isr_3
                0x0000c076                __isr_12
                0x0000c076                __isr_9
                0x0000c076                __isr_1
 .text.setup    0x0000c07a       0x18 ./IRrecvDump.o
                0x0000c07a                setup
 .text._Z4dumpP14decode_results
                0x0000c092      0x1d2 ./IRrecvDump.o
                0x0000c092                dump(decode_results*)
 .text.loop     0x0000c264       0x22 ./IRrecvDump.o
                0x0000c264                loop
 .text.startup._GLOBAL__sub_I_RECV_PIN
                0x0000c286        0xe ./IRrecvDump.o
 .text._Z5MATCHii
                0x0000c294       0x70 C:/Users/Jimmy/Google Drive/School/Courses/Lab2/msp430_MSP-EXP430G2553LP_IRremote/Debug\libmsp430_MSP-EXP430G2553LP_IRremote.a(IRremote.o)
                0x0000c294                MATCH(int, int)
 .text._Z10MATCH_MARKii
                0x0000c304       0x82 C:/Users/Jimmy/Google Drive/School/Courses/Lab2/msp430_MSP-EXP430G2553LP_IRremote/Debug\libmsp430_MSP-EXP430G2553LP_IRremote.a(IRremote.o)
                0x0000c304                MATCH_MARK(int, int)
 .text._Z11MATCH_SPACEii
                0x0000c386       0x82 C:/Users/Jimmy/Google Drive/School/Courses/Lab2/msp430_MSP-EXP430G2553LP_IRremote/Debug\libmsp430_MSP-EXP430G2553LP_IRremote.a(IRremote.o)
                0x0000c386                MATCH_SPACE(int, int)
 .text._ZN6IRrecvC2Ei
                0x0000c408       0x10 C:/Users/Jimmy/Google Drive/School/Courses/Lab2/msp430_MSP-EXP430G2553LP_IRremote/Debug\libmsp430_MSP-EXP430G2553LP_IRremote.a(IRremote.o)
                0x0000c408                IRrecv::IRrecv(int)
                0x0000c408                IRrecv::IRrecv(int)
 .text._ZN6IRrecv10enableIRInEv
                0x0000c418       0x3e C:/Users/Jimmy/Google Drive/School/Courses/Lab2/msp430_MSP-EXP430G2553LP_IRremote/Debug\libmsp430_MSP-EXP430G2553LP_IRremote.a(IRremote.o)
                0x0000c418                IRrecv::enableIRIn()
 .text._ZN6IRrecv7RecvIsrEv
                0x0000c456       0xf0 C:/Users/Jimmy/Google Drive/School/Courses/Lab2/msp430_MSP-EXP430G2553LP_IRremote/Debug\libmsp430_MSP-EXP430G2553LP_IRremote.a(IRremote.o)
                0x0000c456                IRrecv::RecvIsr()
                0x0000c456                __isr_13
 .text._ZN6IRrecv6resumeEv
                0x0000c546       0x12 C:/Users/Jimmy/Google Drive/School/Courses/Lab2/msp430_MSP-EXP430G2553LP_IRremote/Debug\libmsp430_MSP-EXP430G2553LP_IRremote.a(IRremote.o)
                0x0000c546                IRrecv::resume()
 .text._ZN6IRrecv9decodeNECEP14decode_results
                0x0000c558       0xf2 C:/Users/Jimmy/Google Drive/School/Courses/Lab2/msp430_MSP-EXP430G2553LP_IRremote/Debug\libmsp430_MSP-EXP430G2553LP_IRremote.a(IRremote.o)
                0x0000c558                IRrecv::decodeNEC(decode_results*)
 .text._ZN6IRrecv10decodeSonyEP14decode_results
                0x0000c64a       0xbc C:/Users/Jimmy/Google Drive/School/Courses/Lab2/msp430_MSP-EXP430G2553LP_IRremote/Debug\libmsp430_MSP-EXP430G2553LP_IRremote.a(IRremote.o)
                0x0000c64a                IRrecv::decodeSony(decode_results*)
 .text._ZN6IRrecv10getRClevelEP14decode_resultsPiS2_i
                0x0000c706       0xa4 C:/Users/Jimmy/Google Drive/School/Courses/Lab2/msp430_MSP-EXP430G2553LP_IRremote/Debug\libmsp430_MSP-EXP430G2553LP_IRremote.a(IRremote.o)
                0x0000c706                IRrecv::getRClevel(decode_results*, int*, int*, int)
 .text._ZN6IRrecv9decodeRC5EP14decode_results
                0x0000c7aa       0xfa C:/Users/Jimmy/Google Drive/School/Courses/Lab2/msp430_MSP-EXP430G2553LP_IRremote/Debug\libmsp430_MSP-EXP430G2553LP_IRremote.a(IRremote.o)
                0x0000c7aa                IRrecv::decodeRC5(decode_results*)
 .text._ZN6IRrecv9decodeRC6EP14decode_results
                0x0000c8a4      0x14c C:/Users/Jimmy/Google Drive/School/Courses/Lab2/msp430_MSP-EXP430G2553LP_IRremote/Debug\libmsp430_MSP-EXP430G2553LP_IRremote.a(IRremote.o)
                0x0000c8a4                IRrecv::decodeRC6(decode_results*)
 .text._ZN6IRrecv7compareEjj
                0x0000c9f0       0x70 C:/Users/Jimmy/Google Drive/School/Courses/Lab2/msp430_MSP-EXP430G2553LP_IRremote/Debug\libmsp430_MSP-EXP430G2553LP_IRremote.a(IRremote.o)
                0x0000c9f0                IRrecv::compare(unsigned int, unsigned int)
 .text._ZN6IRrecv10decodeHashEP14decode_results
                0x0000ca60       0xa8 C:/Users/Jimmy/Google Drive/School/Courses/Lab2/msp430_MSP-EXP430G2553LP_IRremote/Debug\libmsp430_MSP-EXP430G2553LP_IRremote.a(IRremote.o)
                0x0000ca60                IRrecv::decodeHash(decode_results*)
 .text._ZN6IRrecv6decodeEP14decode_results
                0x0000cb08       0x84 C:/Users/Jimmy/Google Drive/School/Courses/Lab2/msp430_MSP-EXP430G2553LP_IRremote/Debug\libmsp430_MSP-EXP430G2553LP_IRremote.a(IRremote.o)
                0x0000cb08                IRrecv::decode(decode_results*)
 .text.enableXtal
                0x0000cb8c       0x42 C:/Users/Jimmy/Google Drive/School/Courses/Lab2/msp430_MSP-EXP430G2553LP_core/Debug\libmsp430_MSP-EXP430G2553LP_core.a(wiring.o)
                0x0000cb8c                enableXtal
 .text.enableWatchDogIntervalMode
                0x0000cbce        0xc C:/Users/Jimmy/Google Drive/School/Courses/Lab2/msp430_MSP-EXP430G2553LP_core/Debug\libmsp430_MSP-EXP430G2553LP_core.a(wiring.o)
                0x0000cbce                enableWatchDogIntervalMode
 .text.initClocks
                0x0000cbda       0x1c C:/Users/Jimmy/Google Drive/School/Courses/Lab2/msp430_MSP-EXP430G2553LP_core/Debug\libmsp430_MSP-EXP430G2553LP_core.a(wiring.o)
                0x0000cbda                initClocks
 .text.init     0x0000cbf6       0x12 C:/Users/Jimmy/Google Drive/School/Courses/Lab2/msp430_MSP-EXP430G2553LP_core/Debug\libmsp430_MSP-EXP430G2553LP_core.a(wiring.o)
                0x0000cbf6                init
 .text.micros   0x0000cc08       0x24 C:/Users/Jimmy/Google Drive/School/Courses/Lab2/msp430_MSP-EXP430G2553LP_core/Debug\libmsp430_MSP-EXP430G2553LP_core.a(wiring.o)
                0x0000cc08                micros
 .text.delay    0x0000cc2c       0x48 C:/Users/Jimmy/Google Drive/School/Courses/Lab2/msp430_MSP-EXP430G2553LP_core/Debug\libmsp430_MSP-EXP430G2553LP_core.a(wiring.o)
                0x0000cc2c                delay
 .text.watchdog_isr
                0x0000cc74       0x82 C:/Users/Jimmy/Google Drive/School/Courses/Lab2/msp430_MSP-EXP430G2553LP_core/Debug\libmsp430_MSP-EXP430G2553LP_core.a(wiring.o)
                0x0000cc74                __isr_10
                0x0000cc74                watchdog_isr
 .text.pinMode  0x0000ccf6       0x7a C:/Users/Jimmy/Google Drive/School/Courses/Lab2/msp430_MSP-EXP430G2553LP_core/Debug\libmsp430_MSP-EXP430G2553LP_core.a(wiring_digital.o)
                0x0000ccf6                pinMode
 .text.pinMode_int
                0x0000cd70       0xa4 C:/Users/Jimmy/Google Drive/School/Courses/Lab2/msp430_MSP-EXP430G2553LP_core/Debug\libmsp430_MSP-EXP430G2553LP_core.a(wiring_digital.o)
                0x0000cd70                pinMode_int
 .text.digitalRead
                0x0000ce14       0x3e C:/Users/Jimmy/Google Drive/School/Courses/Lab2/msp430_MSP-EXP430G2553LP_core/Debug\libmsp430_MSP-EXP430G2553LP_core.a(wiring_digital.o)
                0x0000ce14                digitalRead
 .text.digitalWrite
                0x0000ce52       0x4a C:/Users/Jimmy/Google Drive/School/Courses/Lab2/msp430_MSP-EXP430G2553LP_core/Debug\libmsp430_MSP-EXP430G2553LP_core.a(wiring_digital.o)
                0x0000ce52                digitalWrite
 .text._ZN14HardwareSerial9availableEv
                0x0000ce9c       0x12 C:/Users/Jimmy/Google Drive/School/Courses/Lab2/msp430_MSP-EXP430G2553LP_core/Debug\libmsp430_MSP-EXP430G2553LP_core.a(HardwareSerial.o)
                0x0000ce9c                HardwareSerial::available()
 .text._ZN14HardwareSerial4peekEv
                0x0000ceae       0x1e C:/Users/Jimmy/Google Drive/School/Courses/Lab2/msp430_MSP-EXP430G2553LP_core/Debug\libmsp430_MSP-EXP430G2553LP_core.a(HardwareSerial.o)
                0x0000ceae                HardwareSerial::peek()
 .text._ZN14HardwareSerial4readEv
                0x0000cecc       0x2c C:/Users/Jimmy/Google Drive/School/Courses/Lab2/msp430_MSP-EXP430G2553LP_core/Debug\libmsp430_MSP-EXP430G2553LP_core.a(HardwareSerial.o)
                0x0000cecc                HardwareSerial::read()
 .text._ZN14HardwareSerial5flushEv
                0x0000cef8       0x12 C:/Users/Jimmy/Google Drive/School/Courses/Lab2/msp430_MSP-EXP430G2553LP_core/Debug\libmsp430_MSP-EXP430G2553LP_core.a(HardwareSerial.o)
                0x0000cef8                HardwareSerial::flush()
 .text._ZN14HardwareSerial5writeEh
                0x0000cf0a       0x3c C:/Users/Jimmy/Google Drive/School/Courses/Lab2/msp430_MSP-EXP430G2553LP_core/Debug\libmsp430_MSP-EXP430G2553LP_core.a(HardwareSerial.o)
                0x0000cf0a                HardwareSerial::write(unsigned char)
 .text._Z11serialEventv
                0x0000cf46        0x2 C:/Users/Jimmy/Google Drive/School/Courses/Lab2/msp430_MSP-EXP430G2553LP_core/Debug\libmsp430_MSP-EXP430G2553LP_core.a(HardwareSerial.o)
                0x0000cf46                serialEvent()
 .text._Z14serialEventRunv
                0x0000cf48       0x12 C:/Users/Jimmy/Google Drive/School/Courses/Lab2/msp430_MSP-EXP430G2553LP_core/Debug\libmsp430_MSP-EXP430G2553LP_core.a(HardwareSerial.o)
                0x0000cf48                serialEventRun()
 .text._ZN14HardwareSerial5beginEm
                0x0000cf5a      0x128 C:/Users/Jimmy/Google Drive/School/Courses/Lab2/msp430_MSP-EXP430G2553LP_core/Debug\libmsp430_MSP-EXP430G2553LP_core.a(HardwareSerial.o)
                0x0000cf5a                HardwareSerial::begin(unsigned long)
 .text.uart_rx_isr
                0x0000d082       0x28 C:/Users/Jimmy/Google Drive/School/Courses/Lab2/msp430_MSP-EXP430G2553LP_core/Debug\libmsp430_MSP-EXP430G2553LP_core.a(HardwareSerial.o)
                0x0000d082                uart_rx_isr
 .text.uart_tx_isr
                0x0000d0aa       0x3c C:/Users/Jimmy/Google Drive/School/Courses/Lab2/msp430_MSP-EXP430G2553LP_core/Debug\libmsp430_MSP-EXP430G2553LP_core.a(HardwareSerial.o)
                0x0000d0aa                uart_tx_isr
 .text.startup._GLOBAL__sub_I_rx_buffer
                0x0000d0e6       0x44 C:/Users/Jimmy/Google Drive/School/Courses/Lab2/msp430_MSP-EXP430G2553LP_core/Debug\libmsp430_MSP-EXP430G2553LP_core.a(HardwareSerial.o)
 .text._ZN5Print5writeEPKhj
                0x0000d12a       0x2e C:/Users/Jimmy/Google Drive/School/Courses/Lab2/msp430_MSP-EXP430G2553LP_core/Debug\libmsp430_MSP-EXP430G2553LP_core.a(Print.o)
                0x0000d12a                Print::write(unsigned char const*, unsigned int)
 .text._ZN5Print5printEPKc
                0x0000d158       0x16 C:/Users/Jimmy/Google Drive/School/Courses/Lab2/msp430_MSP-EXP430G2553LP_core/Debug\libmsp430_MSP-EXP430G2553LP_core.a(Print.o)
                0x0000d158                Print::print(char const*)
 .text._ZN5Print5printEc
                0x0000d16e        0x6 C:/Users/Jimmy/Google Drive/School/Courses/Lab2/msp430_MSP-EXP430G2553LP_core/Debug\libmsp430_MSP-EXP430G2553LP_core.a(Print.o)
                0x0000d16e                Print::print(char)
 .text._ZN5Print7printlnEv
                0x0000d174       0x22 C:/Users/Jimmy/Google Drive/School/Courses/Lab2/msp430_MSP-EXP430G2553LP_core/Debug\libmsp430_MSP-EXP430G2553LP_core.a(Print.o)
                0x0000d174                Print::println()
 .text._ZN5Print7printlnEPKc
                0x0000d196       0x1a C:/Users/Jimmy/Google Drive/School/Courses/Lab2/msp430_MSP-EXP430G2553LP_core/Debug\libmsp430_MSP-EXP430G2553LP_core.a(Print.o)
                0x0000d196                Print::println(char const*)
 .text._ZN5Print11printNumberEmh
                0x0000d1b0       0x98 C:/Users/Jimmy/Google Drive/School/Courses/Lab2/msp430_MSP-EXP430G2553LP_core/Debug\libmsp430_MSP-EXP430G2553LP_core.a(Print.o)
                0x0000d1b0                Print::printNumber(unsigned long, unsigned char)
 .text._ZN5Print5printEmi
                0x0000d248       0x1e C:/Users/Jimmy/Google Drive/School/Courses/Lab2/msp430_MSP-EXP430G2553LP_core/Debug\libmsp430_MSP-EXP430G2553LP_core.a(Print.o)
                0x0000d248                Print::print(unsigned long, int)
 .text._ZN5Print5printEji
                0x0000d266        0xc C:/Users/Jimmy/Google Drive/School/Courses/Lab2/msp430_MSP-EXP430G2553LP_core/Debug\libmsp430_MSP-EXP430G2553LP_core.a(Print.o)
                0x0000d266                Print::print(unsigned int, int)
 .text._ZN5Print5printEli
                0x0000d272       0x64 C:/Users/Jimmy/Google Drive/School/Courses/Lab2/msp430_MSP-EXP430G2553LP_core/Debug\libmsp430_MSP-EXP430G2553LP_core.a(Print.o)
                0x0000d272                Print::print(long, int)
 .text._ZN5Print5printEii
                0x0000d2d6       0x18 C:/Users/Jimmy/Google Drive/School/Courses/Lab2/msp430_MSP-EXP430G2553LP_core/Debug\libmsp430_MSP-EXP430G2553LP_core.a(Print.o)
                0x0000d2d6                Print::print(int, int)
 .text._ZN5Print7printlnEii
                0x0000d2ee       0x1a C:/Users/Jimmy/Google Drive/School/Courses/Lab2/msp430_MSP-EXP430G2553LP_core/Debug\libmsp430_MSP-EXP430G2553LP_core.a(Print.o)
                0x0000d2ee                Print::println(int, int)
 .text.usci_isr_install
                0x0000d308        0x2 C:/Users/Jimmy/Google Drive/School/Courses/Lab2/msp430_MSP-EXP430G2553LP_core/Debug\libmsp430_MSP-EXP430G2553LP_core.a(usci_isr_handler.o)
                0x0000d308                usci_isr_install
 .text.USCIAB0TX_ISR
                0x0000d30a       0x5a C:/Users/Jimmy/Google Drive/School/Courses/Lab2/msp430_MSP-EXP430G2553LP_core/Debug\libmsp430_MSP-EXP430G2553LP_core.a(usci_isr_handler.o)
                0x0000d30a                USCIAB0TX_ISR
                0x0000d30a                __isr_6
 .text.USCIAB0RX_ISR
                0x0000d364       0x4c C:/Users/Jimmy/Google Drive/School/Courses/Lab2/msp430_MSP-EXP430G2553LP_core/Debug\libmsp430_MSP-EXP430G2553LP_core.a(usci_isr_handler.o)
                0x0000d364                USCIAB0RX_ISR
                0x0000d364                __isr_7
 .text.i2c_txrx_isr
                0x0000d3b0      0x144 C:/Users/Jimmy/Google Drive/School/Courses/Lab2/msp430_MSP-EXP430G2553LP_core/Debug\libmsp430_MSP-EXP430G2553LP_core.a(twi.o)
                0x0000d3b0                i2c_txrx_isr
 .text.i2c_state_isr
                0x0000d4f4       0xd8 C:/Users/Jimmy/Google Drive/School/Courses/Lab2/msp430_MSP-EXP430G2553LP_core/Debug\libmsp430_MSP-EXP430G2553LP_core.a(twi.o)
                0x0000d4f4                i2c_state_isr
 .text.libgcc   0x0000d5cc       0x16 c:/energia-1.6.10e18/hardware/tools/msp430/bin/../lib/gcc/msp430/4.6.3\libgcc.a(_mulqi3.o)
                0x0000d5cc                __mulqi3
 .text.libgcc   0x0000d5e2       0x2c c:/energia-1.6.10e18/hardware/tools/msp430/bin/../lib/gcc/msp430/4.6.3\libgcc.a(_mulsi3.o)
                0x0000d5e2                __mulsi3
 .text.libgcc   0x0000d60e       0x40 c:/energia-1.6.10e18/hardware/tools/msp430/bin/../lib/gcc/msp430/4.6.3\libgcc.a(_udivmod32.o)
                0x0000d60e                __ext_udivmod32
                0x0000d60e                __udivsi3
                0x0000d644                __umodsi3
 .text          0x0000d64e      0x32e c:/energia-1.6.10e18/hardware/tools/msp430/bin/../lib/gcc/msp430/4.6.3\libgcc.a(_addsub_sf.o)
                0x0000d8e0                __addsf3
                0x0000d92c                __subsf3
 .text          0x0000d97c      0x224 c:/energia-1.6.10e18/hardware/tools/msp430/bin/../lib/gcc/msp430/4.6.3\libgcc.a(_mul_sf.o)
                0x0000d97c                __mulsf3
 .text          0x0000dba0      0x150 c:/energia-1.6.10e18/hardware/tools/msp430/bin/../lib/gcc/msp430/4.6.3\libgcc.a(_div_sf.o)
                0x0000dba0                __divsf3
 .text          0x0000dcf0       0x50 c:/energia-1.6.10e18/hardware/tools/msp430/bin/../lib/gcc/msp430/4.6.3\libgcc.a(_lt_sf.o)
                0x0000dcf0                __ltsf2
 .text          0x0000dd40       0xa6 c:/energia-1.6.10e18/hardware/tools/msp430/bin/../lib/gcc/msp430/4.6.3\libgcc.a(_si_to_sf.o)
                0x0000dd40                __floatsisf
 .text          0x0000dde6       0x90 c:/energia-1.6.10e18/hardware/tools/msp430/bin/../lib/gcc/msp430/4.6.3\libgcc.a(_sf_to_si.o)
                0x0000dde6                __fixsfsi
 .text          0x0000de76       0xe2 c:/energia-1.6.10e18/hardware/tools/msp430/bin/../lib/gcc/msp430/4.6.3\libgcc.a(_usi_to_sf.o)
                0x0000de76                __floatunsisf
 .text          0x0000df58       0x72 c:/energia-1.6.10e18/hardware/tools/msp430/bin/../lib/gcc/msp430/4.6.3\libgcc.a(_clzsi2.o)
                0x0000df58                __clzsi2
 .text          0x0000dfca      0x1de c:/energia-1.6.10e18/hardware/tools/msp430/bin/../lib/gcc/msp430/4.6.3\libgcc.a(_pack_sf.o)
                0x0000dfca                __pack_f
 .text          0x0000e1a8      0x124 c:/energia-1.6.10e18/hardware/tools/msp430/bin/../lib/gcc/msp430/4.6.3\libgcc.a(_unpack_sf.o)
                0x0000e1a8                __unpack_f
 .text          0x0000e2cc       0xa4 c:/energia-1.6.10e18/hardware/tools/msp430/bin/../lib/gcc/msp430/4.6.3\libgcc.a(_fpcmp_parts_sf.o)
                0x0000e2cc                __fpcmp_parts_f
 .text.crt0     0x0000e370        0x2 c:/energia-1.6.10e18/hardware/tools/msp430/bin/../lib/gcc/msp430/4.6.3\libcrt0.a(_unexpected_.o)
                0x0000e370                _unexpected_
                0x0000e372                . = ALIGN (0x2)

.rodata         0x0000e372      0x1d2
                0x0000e372                . = ALIGN (0x2)
 *(.rodata .rodata.* .gnu.linkonce.r.*)
 .rodata._Z4dumpP14decode_results
                0x0000e372       0x60 ./IRrecvDump.o
 .rodata.digital_pin_to_bit_mask
                0x0000e3d2       0x15 C:/Users/Jimmy/Google Drive/School/Courses/Lab2/msp430_MSP-EXP430G2553LP_core/Debug\libmsp430_MSP-EXP430G2553LP_core.a(wiring_digital.o)
                0x0000e3d2                digital_pin_to_bit_mask
 .rodata.digital_pin_to_port
                0x0000e3e7       0x15 C:/Users/Jimmy/Google Drive/School/Courses/Lab2/msp430_MSP-EXP430G2553LP_core/Debug\libmsp430_MSP-EXP430G2553LP_core.a(wiring_digital.o)
                0x0000e3e7                digital_pin_to_port
 .rodata.port_to_sel2
                0x0000e3fc        0x8 C:/Users/Jimmy/Google Drive/School/Courses/Lab2/msp430_MSP-EXP430G2553LP_core/Debug\libmsp430_MSP-EXP430G2553LP_core.a(wiring_digital.o)
                0x0000e3fc                port_to_sel2
 .rodata.port_to_sel0
                0x0000e404        0x8 C:/Users/Jimmy/Google Drive/School/Courses/Lab2/msp430_MSP-EXP430G2553LP_core/Debug\libmsp430_MSP-EXP430G2553LP_core.a(wiring_digital.o)
                0x0000e404                port_to_sel0
 .rodata.port_to_ren
                0x0000e40c        0x8 C:/Users/Jimmy/Google Drive/School/Courses/Lab2/msp430_MSP-EXP430G2553LP_core/Debug\libmsp430_MSP-EXP430G2553LP_core.a(wiring_digital.o)
                0x0000e40c                port_to_ren
 .rodata.port_to_dir
                0x0000e414        0x8 C:/Users/Jimmy/Google Drive/School/Courses/Lab2/msp430_MSP-EXP430G2553LP_core/Debug\libmsp430_MSP-EXP430G2553LP_core.a(wiring_digital.o)
                0x0000e414                port_to_dir
 .rodata.port_to_output
                0x0000e41c        0x8 C:/Users/Jimmy/Google Drive/School/Courses/Lab2/msp430_MSP-EXP430G2553LP_core/Debug\libmsp430_MSP-EXP430G2553LP_core.a(wiring_digital.o)
                0x0000e41c                port_to_output
 .rodata.port_to_input
                0x0000e424        0x8 C:/Users/Jimmy/Google Drive/School/Courses/Lab2/msp430_MSP-EXP430G2553LP_core/Debug\libmsp430_MSP-EXP430G2553LP_core.a(wiring_digital.o)
                0x0000e424                port_to_input
 .rodata._ZTV14HardwareSerial
                0x0000e42c       0x10 C:/Users/Jimmy/Google Drive/School/Courses/Lab2/msp430_MSP-EXP430G2553LP_core/Debug\libmsp430_MSP-EXP430G2553LP_core.a(HardwareSerial.o)
                0x0000e42c                vtable for HardwareSerial
 .rodata        0x0000e43c        0x8 c:/energia-1.6.10e18/hardware/tools/msp430/bin/../lib/gcc/msp430/4.6.3\libgcc.a(_thenan_sf.o)
                0x0000e43c                __thenan_sf
 .rodata        0x0000e444      0x100 c:/energia-1.6.10e18/hardware/tools/msp430/bin/../lib/gcc/msp430/4.6.3\libgcc.a(_clz.o)
                0x0000e444                __clz_tab
                0x0000e544                . = ALIGN (0x2)
                0x0000e544                _etext = .

.data           0x00000200        0x6 load address 0x0000e544
                0x00000200                . = ALIGN (0x2)
                0x00000200                PROVIDE (__data_start, .)
 *(.data .data.* .gnu.linkonce.d.*)
 .data.c        0x00000200        0x2 ./IRrecvDump.o
                0x00000200                c
 .data.RECV_PIN
                0x00000202        0x2 ./IRrecvDump.o
                0x00000202                RECV_PIN
 .data.I2C_baseAddress
                0x00000204        0x2 C:/Users/Jimmy/Google Drive/School/Courses/Lab2/msp430_MSP-EXP430G2553LP_core/Debug\libmsp430_MSP-EXP430G2553LP_core.a(twi.o)
                0x00000204                I2C_baseAddress
                0x00000206                . = ALIGN (0x2)
                0x00000206                _edata = .
                0x0000e544                PROVIDE (__data_load_start, LOADADDR (.data))
                0x00000006                PROVIDE (__data_size, SIZEOF (.data))

.bss            0x00000206      0x140 load address 0x0000e54a
                0x00000206                PROVIDE (__bss_start, .)
 *(.bss .bss.*)
 .bss.results   0x00000206        0xc ./IRrecvDump.o
                0x00000206                results
 .bss.irrecv    0x00000212        0x2 ./IRrecvDump.o
                0x00000212                irrecv
 .bss.irparams  0x00000214       0xa0 C:/Users/Jimmy/Google Drive/School/Courses/Lab2/msp430_MSP-EXP430G2553LP_IRremote/Debug\libmsp430_MSP-EXP430G2553LP_IRremote.a(IRremote.o)
                0x00000214                irparams
 .bss.vlo_freq  0x000002b4        0x2 C:/Users/Jimmy/Google Drive/School/Courses/Lab2/msp430_MSP-EXP430G2553LP_core/Debug\libmsp430_MSP-EXP430G2553LP_core.a(wiring.o)
                0x000002b4                vlo_freq
 .bss.stay_asleep
                0x000002b6        0x1 C:/Users/Jimmy/Google Drive/School/Courses/Lab2/msp430_MSP-EXP430G2553LP_core/Debug\libmsp430_MSP-EXP430G2553LP_core.a(wiring.o)
                0x000002b6                stay_asleep
 .bss.sleeping  0x000002b7        0x1 C:/Users/Jimmy/Google Drive/School/Courses/Lab2/msp430_MSP-EXP430G2553LP_core/Debug\libmsp430_MSP-EXP430G2553LP_core.a(wiring.o)
                0x000002b7                sleeping
 .bss.wdt_fract
                0x000002b8        0x2 C:/Users/Jimmy/Google Drive/School/Courses/Lab2/msp430_MSP-EXP430G2553LP_core/Debug\libmsp430_MSP-EXP430G2553LP_core.a(wiring.o)
                0x000002b8                wdt_fract
 .bss.wdt_millis
                0x000002ba        0x4 C:/Users/Jimmy/Google Drive/School/Courses/Lab2/msp430_MSP-EXP430G2553LP_core/Debug\libmsp430_MSP-EXP430G2553LP_core.a(wiring.o)
                0x000002ba                wdt_millis
 .bss.wdt_overflow_count
                0x000002be        0x4 C:/Users/Jimmy/Google Drive/School/Courses/Lab2/msp430_MSP-EXP430G2553LP_core/Debug\libmsp430_MSP-EXP430G2553LP_core.a(wiring.o)
                0x000002be                wdt_overflow_count
 .bss.Serial    0x000002c2       0x1a C:/Users/Jimmy/Google Drive/School/Courses/Lab2/msp430_MSP-EXP430G2553LP_core/Debug\libmsp430_MSP-EXP430G2553LP_core.a(HardwareSerial.o)
                0x000002c2                Serial
 .bss.tx_buffer
                0x000002dc       0x14 C:/Users/Jimmy/Google Drive/School/Courses/Lab2/msp430_MSP-EXP430G2553LP_core/Debug\libmsp430_MSP-EXP430G2553LP_core.a(HardwareSerial.o)
                0x000002dc                tx_buffer
 .bss.rx_buffer
                0x000002f0       0x14 C:/Users/Jimmy/Google Drive/School/Courses/Lab2/msp430_MSP-EXP430G2553LP_core/Debug\libmsp430_MSP-EXP430G2553LP_core.a(HardwareSerial.o)
                0x000002f0                rx_buffer
 .bss.still_asleep
                0x00000304        0x1 C:/Users/Jimmy/Google Drive/School/Courses/Lab2/msp430_MSP-EXP430G2553LP_core/Debug\libmsp430_MSP-EXP430G2553LP_core.a(usci_isr_handler.o)
 .bss.twi_error
                0x00000305        0x1 C:/Users/Jimmy/Google Drive/School/Courses/Lab2/msp430_MSP-EXP430G2553LP_core/Debug\libmsp430_MSP-EXP430G2553LP_core.a(twi.o)
 .bss.twi_rxBufferIndex
                0x00000306        0x1 C:/Users/Jimmy/Google Drive/School/Courses/Lab2/msp430_MSP-EXP430G2553LP_core/Debug\libmsp430_MSP-EXP430G2553LP_core.a(twi.o)
 .bss.twi_txBufferLength
                0x00000307        0x1 C:/Users/Jimmy/Google Drive/School/Courses/Lab2/msp430_MSP-EXP430G2553LP_core/Debug\libmsp430_MSP-EXP430G2553LP_core.a(twi.o)
 .bss.twi_txBufferIndex
                0x00000308        0x1 C:/Users/Jimmy/Google Drive/School/Courses/Lab2/msp430_MSP-EXP430G2553LP_core/Debug\libmsp430_MSP-EXP430G2553LP_core.a(twi.o)
 .bss.twi_masterBufferIndex
                0x00000309        0x1 C:/Users/Jimmy/Google Drive/School/Courses/Lab2/msp430_MSP-EXP430G2553LP_core/Debug\libmsp430_MSP-EXP430G2553LP_core.a(twi.o)
 .bss.twi_inRepStart
                0x0000030a        0x1 C:/Users/Jimmy/Google Drive/School/Courses/Lab2/msp430_MSP-EXP430G2553LP_core/Debug\libmsp430_MSP-EXP430G2553LP_core.a(twi.o)
 .bss.twi_sendStop
                0x0000030b        0x1 C:/Users/Jimmy/Google Drive/School/Courses/Lab2/msp430_MSP-EXP430G2553LP_core/Debug\libmsp430_MSP-EXP430G2553LP_core.a(twi.o)
 .bss.twi_state
                0x0000030c        0x1 C:/Users/Jimmy/Google Drive/School/Courses/Lab2/msp430_MSP-EXP430G2553LP_core/Debug\libmsp430_MSP-EXP430G2553LP_core.a(twi.o)
 .bss.twi_masterBufferLength
                0x0000030d        0x1 C:/Users/Jimmy/Google Drive/School/Courses/Lab2/msp430_MSP-EXP430G2553LP_core/Debug\libmsp430_MSP-EXP430G2553LP_core.a(twi.o)
 .bss.twi_masterBuffer
                0x0000030e       0x10 C:/Users/Jimmy/Google Drive/School/Courses/Lab2/msp430_MSP-EXP430G2553LP_core/Debug\libmsp430_MSP-EXP430G2553LP_core.a(twi.o)
 .bss.twi_txBuffer
                0x0000031e       0x10 C:/Users/Jimmy/Google Drive/School/Courses/Lab2/msp430_MSP-EXP430G2553LP_core/Debug\libmsp430_MSP-EXP430G2553LP_core.a(twi.o)
 .bss.twi_onSlaveReceive
                0x0000032e        0x2 C:/Users/Jimmy/Google Drive/School/Courses/Lab2/msp430_MSP-EXP430G2553LP_core/Debug\libmsp430_MSP-EXP430G2553LP_core.a(twi.o)
 .bss.twi_onSlaveTransmit
                0x00000330        0x2 C:/Users/Jimmy/Google Drive/School/Courses/Lab2/msp430_MSP-EXP430G2553LP_core/Debug\libmsp430_MSP-EXP430G2553LP_core.a(twi.o)
 .bss.twi_rxBuffer
                0x00000332       0x10 C:/Users/Jimmy/Google Drive/School/Courses/Lab2/msp430_MSP-EXP430G2553LP_core/Debug\libmsp430_MSP-EXP430G2553LP_core.a(twi.o)
 *(COMMON)
 COMMON         0x00000342        0x4 C:/Users/Jimmy/Google Drive/School/Courses/Lab2/msp430_MSP-EXP430G2553LP_core/Debug\libmsp430_MSP-EXP430G2553LP_core.a(wiring.o)
                0x00000342                SMILLIS_INC
                0x00000344                SFRACT_INC
                0x00000346                . = ALIGN (0x2)
                0x00000346                PROVIDE (__bss_end, .)
                0x00000140                PROVIDE (__bss_size, SIZEOF (.bss))

.noinit         0x00000346        0x2 load address 0x0000e54a
                0x00000346                PROVIDE (__noinit_start, .)
 *(.noinit .noinit.*)
 .noinit.crt0   0x00000346        0x2 c:/energia-1.6.10e18/hardware/tools/msp430/bin/../lib/gcc/msp430/4.6.3\libcrt0.a(__watchdog_support.o)
                0x00000346                __wdt_clear_value
                0x00000348                . = ALIGN (0x2)
                0x00000348                PROVIDE (__noinit_end, .)
                0x00000348                . = ALIGN (0x2)
                0x00000348                _end = .

.infomem        0x00001000        0x0
 *(.infomem)
                0x00001000                . = ALIGN (0x2)
 *(.infomem.*)

.infomemnobits  0x00001000        0x0
 *(.infomemnobits)
                0x00001000                . = ALIGN (0x2)
 *(.infomemnobits.*)

.infoa
 *(.infoa .infoa.*)

.infob
 *(.infob .infob.*)

.infoc
 *(.infoc .infoc.*)

.infod
 *(.infod .infod.*)

.vectors        0x0000ffe0       0x20
                0x0000ffe0                PROVIDE (__vectors_start, .)
 *(.vectors*)
 .vectors       0x0000ffe0       0x20 c:/energia-1.6.10e18/hardware/tools/msp430/bin/../lib/gcc/msp430/4.6.3/crt0ivtbl16.o
                0x0000ffe0                __ivtbl_16
                0x00010000                _vectors_end = .

.fartext        0x00000000        0x0
                0x00000000                . = ALIGN (0x2)
 *(.fartext)
                0x00000000                . = ALIGN (0x2)
 *(.fartext.*)
                0x00000000                _efartext = .

.profiler
 *(.profiler)

.stab
 *(.stab)

.stabstr
 *(.stabstr)

.stab.excl
 *(.stab.excl)

.stab.exclstr
 *(.stab.exclstr)

.stab.index
 *(.stab.index)

.stab.indexstr
 *(.stab.indexstr)

.comment
 *(.comment)

.debug
 *(.debug)

.line
 *(.line)

.debug_srcinfo
 *(.debug_srcinfo)

.debug_sfnames
 *(.debug_sfnames)

.debug_aranges  0x00000000      0x7b4
 *(.debug_aranges)
 .debug_aranges
                0x00000000       0x20 ./IRrecvDump.o
 .debug_aranges
                0x00000020       0x7c C:/Users/Jimmy/Google Drive/School/Courses/Lab2/msp430_MSP-EXP430G2553LP_IRremote/Debug\libmsp430_MSP-EXP430G2553LP_IRremote.a(IRremote.o)
 .debug_aranges
                0x0000009c       0x48 C:/Users/Jimmy/Google Drive/School/Courses/Lab2/msp430_MSP-EXP430G2553LP_core/Debug\libmsp430_MSP-EXP430G2553LP_core.a(wiring.o)
 .debug_aranges
                0x000000e4       0x20 C:/Users/Jimmy/Google Drive/School/Courses/Lab2/msp430_MSP-EXP430G2553LP_core/Debug\libmsp430_MSP-EXP430G2553LP_core.a(wiring_digital.o)
 .debug_aranges
                0x00000104       0x44 C:/Users/Jimmy/Google Drive/School/Courses/Lab2/msp430_MSP-EXP430G2553LP_core/Debug\libmsp430_MSP-EXP430G2553LP_core.a(HardwareSerial.o)
 .debug_aranges
                0x00000148       0x14 C:/Users/Jimmy/Google Drive/School/Courses/Lab2/msp430_MSP-EXP430G2553LP_core/Debug\libmsp430_MSP-EXP430G2553LP_core.a(main.o)
 .debug_aranges
                0x0000015c       0x70 C:/Users/Jimmy/Google Drive/School/Courses/Lab2/msp430_MSP-EXP430G2553LP_core/Debug\libmsp430_MSP-EXP430G2553LP_core.a(Print.o)
 .debug_aranges
                0x000001cc      0x144 C:/Users/Jimmy/Google Drive/School/Courses/Lab2/msp430_MSP-EXP430G2553LP_core/Debug\libmsp430_MSP-EXP430G2553LP_core.a(WString.o)
 .debug_aranges
                0x00000310       0x14 C:/Users/Jimmy/Google Drive/School/Courses/Lab2/msp430_MSP-EXP430G2553LP_core/Debug\libmsp430_MSP-EXP430G2553LP_core.a(atof.o)
 .debug_aranges
                0x00000324       0x14 C:/Users/Jimmy/Google Drive/School/Courses/Lab2/msp430_MSP-EXP430G2553LP_core/Debug\libmsp430_MSP-EXP430G2553LP_core.a(dtostrf.o)
 .debug_aranges
                0x00000338       0x20 C:/Users/Jimmy/Google Drive/School/Courses/Lab2/msp430_MSP-EXP430G2553LP_core/Debug\libmsp430_MSP-EXP430G2553LP_core.a(itoa.o)
 .debug_aranges
                0x00000358       0x1c C:/Users/Jimmy/Google Drive/School/Courses/Lab2/msp430_MSP-EXP430G2553LP_core/Debug\libmsp430_MSP-EXP430G2553LP_core.a(usci_isr_handler.o)
 .debug_aranges
                0x00000374       0x28 C:/Users/Jimmy/Google Drive/School/Courses/Lab2/msp430_MSP-EXP430G2553LP_core/Debug\libmsp430_MSP-EXP430G2553LP_core.a(new.o)
 .debug_aranges
                0x0000039c       0x3c C:/Users/Jimmy/Google Drive/School/Courses/Lab2/msp430_MSP-EXP430G2553LP_core/Debug\libmsp430_MSP-EXP430G2553LP_core.a(twi.o)
 .debug_aranges
                0x000003d8       0x30 C:/Users/Jimmy/Google Drive/School/Courses/Lab2/msp430_MSP-EXP430G2553LP_core/Debug\libmsp430_MSP-EXP430G2553LP_core.a(twi_sw.o)
 .debug_aranges
                0x00000408       0x14 c:/energia-1.6.10e18/hardware/tools/msp430/bin/../lib/gcc/msp430/4.6.3/../../../../msp430/lib\libm.a(ef_pow.o)
 .debug_aranges
                0x0000041c       0x14 c:/energia-1.6.10e18/hardware/tools/msp430/bin/../lib/gcc/msp430/4.6.3/../../../../msp430/lib\libm.a(sf_scalbn.o)
 .debug_aranges
                0x00000430       0x14 c:/energia-1.6.10e18/hardware/tools/msp430/bin/../lib/gcc/msp430/4.6.3/../../../../msp430/lib\libm.a(ef_sqrt.o)
 .debug_aranges
                0x00000444       0x14 c:/energia-1.6.10e18/hardware/tools/msp430/bin/../lib/gcc/msp430/4.6.3\libgcc.a(_mulqi3.o)
 .debug_aranges
                0x00000458       0x14 c:/energia-1.6.10e18/hardware/tools/msp430/bin/../lib/gcc/msp430/4.6.3\libgcc.a(_mulhi3.o)
 .debug_aranges
                0x0000046c       0x14 c:/energia-1.6.10e18/hardware/tools/msp430/bin/../lib/gcc/msp430/4.6.3\libgcc.a(_mulsi3.o)
 .debug_aranges
                0x00000480       0x14 c:/energia-1.6.10e18/hardware/tools/msp430/bin/../lib/gcc/msp430/4.6.3\libgcc.a(_udivmod16.o)
 .debug_aranges
                0x00000494       0x14 c:/energia-1.6.10e18/hardware/tools/msp430/bin/../lib/gcc/msp430/4.6.3\libgcc.a(_divmod16.o)
 .debug_aranges
                0x000004a8       0x14 c:/energia-1.6.10e18/hardware/tools/msp430/bin/../lib/gcc/msp430/4.6.3\libgcc.a(_udivmod32.o)
 .debug_aranges
                0x000004bc       0x14 c:/energia-1.6.10e18/hardware/tools/msp430/bin/../lib/gcc/msp430/4.6.3\libgcc.a(_fixunssfsi.o)
 .debug_aranges
                0x000004d0       0x14 c:/energia-1.6.10e18/hardware/tools/msp430/bin/../lib/gcc/msp430/4.6.3\libgcc.a(_addsub_sf.o)
 .debug_aranges
                0x000004e4       0x14 c:/energia-1.6.10e18/hardware/tools/msp430/bin/../lib/gcc/msp430/4.6.3\libgcc.a(_mul_sf.o)
 .debug_aranges
                0x000004f8       0x14 c:/energia-1.6.10e18/hardware/tools/msp430/bin/../lib/gcc/msp430/4.6.3\libgcc.a(_div_sf.o)
 .debug_aranges
                0x0000050c       0x14 c:/energia-1.6.10e18/hardware/tools/msp430/bin/../lib/gcc/msp430/4.6.3\libgcc.a(_gt_sf.o)
 .debug_aranges
                0x00000520       0x14 c:/energia-1.6.10e18/hardware/tools/msp430/bin/../lib/gcc/msp430/4.6.3\libgcc.a(_ge_sf.o)
 .debug_aranges
                0x00000534       0x14 c:/energia-1.6.10e18/hardware/tools/msp430/bin/../lib/gcc/msp430/4.6.3\libgcc.a(_lt_sf.o)
 .debug_aranges
                0x00000548       0x14 c:/energia-1.6.10e18/hardware/tools/msp430/bin/../lib/gcc/msp430/4.6.3\libgcc.a(_le_sf.o)
 .debug_aranges
                0x0000055c       0x14 c:/energia-1.6.10e18/hardware/tools/msp430/bin/../lib/gcc/msp430/4.6.3\libgcc.a(_si_to_sf.o)
 .debug_aranges
                0x00000570       0x14 c:/energia-1.6.10e18/hardware/tools/msp430/bin/../lib/gcc/msp430/4.6.3\libgcc.a(_sf_to_si.o)
 .debug_aranges
                0x00000584       0x14 c:/energia-1.6.10e18/hardware/tools/msp430/bin/../lib/gcc/msp430/4.6.3\libgcc.a(_usi_to_sf.o)
 .debug_aranges
                0x00000598       0x14 c:/energia-1.6.10e18/hardware/tools/msp430/bin/../lib/gcc/msp430/4.6.3\libgcc.a(_clzsi2.o)
 .debug_aranges
                0x000005ac       0x14 c:/energia-1.6.10e18/hardware/tools/msp430/bin/../lib/gcc/msp430/4.6.3\libgcc.a(_pack_sf.o)
 .debug_aranges
                0x000005c0       0x14 c:/energia-1.6.10e18/hardware/tools/msp430/bin/../lib/gcc/msp430/4.6.3\libgcc.a(_unpack_sf.o)
 .debug_aranges
                0x000005d4       0x14 c:/energia-1.6.10e18/hardware/tools/msp430/bin/../lib/gcc/msp430/4.6.3\libgcc.a(_fpcmp_parts_sf.o)
 .debug_aranges
                0x000005e8       0x14 c:/energia-1.6.10e18/hardware/tools/msp430/bin/../lib/gcc/msp430/4.6.3/../../../../msp430/lib\libc.a(strchr.o)
 .debug_aranges
                0x000005fc       0x14 c:/energia-1.6.10e18/hardware/tools/msp430/bin/../lib/gcc/msp430/4.6.3/../../../../msp430/lib\libc.a(strcmp.o)
 .debug_aranges
                0x00000610       0x14 c:/energia-1.6.10e18/hardware/tools/msp430/bin/../lib/gcc/msp430/4.6.3/../../../../msp430/lib\libc.a(strncmp.o)
 .debug_aranges
                0x00000624       0x14 c:/energia-1.6.10e18/hardware/tools/msp430/bin/../lib/gcc/msp430/4.6.3/../../../../msp430/lib\libc.a(strcpy.o)
 .debug_aranges
                0x00000638       0x14 c:/energia-1.6.10e18/hardware/tools/msp430/bin/../lib/gcc/msp430/4.6.3/../../../../msp430/lib\libc.a(strncpy.o)
 .debug_aranges
                0x0000064c       0x14 c:/energia-1.6.10e18/hardware/tools/msp430/bin/../lib/gcc/msp430/4.6.3/../../../../msp430/lib\libc.a(memcpy.o)
 .debug_aranges
                0x00000660       0x14 c:/energia-1.6.10e18/hardware/tools/msp430/bin/../lib/gcc/msp430/4.6.3/../../../../msp430/lib\libc.a(memmove.o)
 .debug_aranges
                0x00000674       0x14 c:/energia-1.6.10e18/hardware/tools/msp430/bin/../lib/gcc/msp430/4.6.3/../../../../msp430/lib\libc.a(strrchr.o)
 .debug_aranges
                0x00000688       0x14 c:/energia-1.6.10e18/hardware/tools/msp430/bin/../lib/gcc/msp430/4.6.3/../../../../msp430/lib\libc.a(strstr.o)
 .debug_aranges
                0x0000069c       0x14 c:/energia-1.6.10e18/hardware/tools/msp430/bin/../lib/gcc/msp430/4.6.3/../../../../msp430/lib\libc.a(atol.o)
 .debug_aranges
                0x000006b0       0x14 c:/energia-1.6.10e18/hardware/tools/msp430/bin/../lib/gcc/msp430/4.6.3/../../../../msp430/lib\libc.a(malloc.o)
 .debug_aranges
                0x000006c4       0x14 c:/energia-1.6.10e18/hardware/tools/msp430/bin/../lib/gcc/msp430/4.6.3/../../../../msp430/lib\libc.a(strtol.o)
 .debug_aranges
                0x000006d8       0x14 c:/energia-1.6.10e18/hardware/tools/msp430/bin/../lib/gcc/msp430/4.6.3/../../../../msp430/lib\libc.a(sprintf.o)
 .debug_aranges
                0x000006ec       0x14 c:/energia-1.6.10e18/hardware/tools/msp430/bin/../lib/gcc/msp430/4.6.3/../../../../msp430/lib\libc.a(vuprintf.o)
 .debug_aranges
                0x00000700       0x14 c:/energia-1.6.10e18/hardware/tools/msp430/bin/../lib/gcc/msp430/4.6.3\libgcc.a(_divmod32.o)
 .debug_aranges
                0x00000714       0x14 c:/energia-1.6.10e18/hardware/tools/msp430/bin/../lib/gcc/msp430/4.6.3\libgcc.a(_udivmod64.o)
 .debug_aranges
                0x00000728       0x14 c:/energia-1.6.10e18/hardware/tools/msp430/bin/../lib/gcc/msp430/4.6.3\libcrt0.a(__watchdog_support.o)
 .debug_aranges
                0x0000073c       0x14 c:/energia-1.6.10e18/hardware/tools/msp430/bin/../lib/gcc/msp430/4.6.3\libcrt0.a(__init_stack.o)
 .debug_aranges
                0x00000750       0x14 c:/energia-1.6.10e18/hardware/tools/msp430/bin/../lib/gcc/msp430/4.6.3\libcrt0.a(_copy_data.o)
 .debug_aranges
                0x00000764       0x14 c:/energia-1.6.10e18/hardware/tools/msp430/bin/../lib/gcc/msp430/4.6.3\libcrt0.a(_clear_bss.o)
 .debug_aranges
                0x00000778       0x14 c:/energia-1.6.10e18/hardware/tools/msp430/bin/../lib/gcc/msp430/4.6.3\libcrt0.a(_endless_loop__.o)
 .debug_aranges
                0x0000078c       0x14 c:/energia-1.6.10e18/hardware/tools/msp430/bin/../lib/gcc/msp430/4.6.3\libcrt0.a(_unexpected_.o)
 .debug_aranges
                0x000007a0       0x14 c:/energia-1.6.10e18/hardware/tools/msp430/bin/../lib/gcc/msp430/4.6.3\libcrt0.a(_ctors430.o)

.debug_pubnames
 *(.debug_pubnames)

.debug_info     0x00000000     0xee86
 *(.debug_info)
 .debug_info    0x00000000      0x5be ./IRrecvDump.o
 .debug_info    0x000005be     0x1653 C:/Users/Jimmy/Google Drive/School/Courses/Lab2/msp430_MSP-EXP430G2553LP_IRremote/Debug\libmsp430_MSP-EXP430G2553LP_IRremote.a(IRremote.o)
 .debug_info    0x00001c11      0x5f7 C:/Users/Jimmy/Google Drive/School/Courses/Lab2/msp430_MSP-EXP430G2553LP_core/Debug\libmsp430_MSP-EXP430G2553LP_core.a(wiring.o)
 .debug_info    0x00002208      0x8b8 C:/Users/Jimmy/Google Drive/School/Courses/Lab2/msp430_MSP-EXP430G2553LP_core/Debug\libmsp430_MSP-EXP430G2553LP_core.a(wiring_digital.o)
 .debug_info    0x00002ac0     0x1ae5 C:/Users/Jimmy/Google Drive/School/Courses/Lab2/msp430_MSP-EXP430G2553LP_core/Debug\libmsp430_MSP-EXP430G2553LP_core.a(HardwareSerial.o)
 .debug_info    0x000045a5      0x277 C:/Users/Jimmy/Google Drive/School/Courses/Lab2/msp430_MSP-EXP430G2553LP_core/Debug\libmsp430_MSP-EXP430G2553LP_core.a(main.o)
 .debug_info    0x0000481c     0x1e3a C:/Users/Jimmy/Google Drive/School/Courses/Lab2/msp430_MSP-EXP430G2553LP_core/Debug\libmsp430_MSP-EXP430G2553LP_core.a(Print.o)
 .debug_info    0x00006656     0x2a47 C:/Users/Jimmy/Google Drive/School/Courses/Lab2/msp430_MSP-EXP430G2553LP_core/Debug\libmsp430_MSP-EXP430G2553LP_core.a(WString.o)
 .debug_info    0x0000909d       0xd8 C:/Users/Jimmy/Google Drive/School/Courses/Lab2/msp430_MSP-EXP430G2553LP_core/Debug\libmsp430_MSP-EXP430G2553LP_core.a(atof.o)
 .debug_info    0x00009175      0x14d C:/Users/Jimmy/Google Drive/School/Courses/Lab2/msp430_MSP-EXP430G2553LP_core/Debug\libmsp430_MSP-EXP430G2553LP_core.a(dtostrf.o)
 .debug_info    0x000092c2      0x221 C:/Users/Jimmy/Google Drive/School/Courses/Lab2/msp430_MSP-EXP430G2553LP_core/Debug\libmsp430_MSP-EXP430G2553LP_core.a(itoa.o)
 .debug_info    0x000094e3      0x31a C:/Users/Jimmy/Google Drive/School/Courses/Lab2/msp430_MSP-EXP430G2553LP_core/Debug\libmsp430_MSP-EXP430G2553LP_core.a(usci_isr_handler.o)
 .debug_info    0x000097fd      0x140 C:/Users/Jimmy/Google Drive/School/Courses/Lab2/msp430_MSP-EXP430G2553LP_core/Debug\libmsp430_MSP-EXP430G2553LP_core.a(new.o)
 .debug_info    0x0000993d      0x68b C:/Users/Jimmy/Google Drive/School/Courses/Lab2/msp430_MSP-EXP430G2553LP_core/Debug\libmsp430_MSP-EXP430G2553LP_core.a(twi.o)
 .debug_info    0x00009fc8      0x428 C:/Users/Jimmy/Google Drive/School/Courses/Lab2/msp430_MSP-EXP430G2553LP_core/Debug\libmsp430_MSP-EXP430G2553LP_core.a(twi_sw.o)
 .debug_info    0x0000a3f0      0x5ea c:/energia-1.6.10e18/hardware/tools/msp430/bin/../lib/gcc/msp430/4.6.3/../../../../msp430/lib\libm.a(ef_pow.o)
 .debug_info    0x0000a9da      0x1e4 c:/energia-1.6.10e18/hardware/tools/msp430/bin/../lib/gcc/msp430/4.6.3/../../../../msp430/lib\libm.a(sf_scalbn.o)
 .debug_info    0x0000abbe      0x208 c:/energia-1.6.10e18/hardware/tools/msp430/bin/../lib/gcc/msp430/4.6.3/../../../../msp430/lib\libm.a(ef_sqrt.o)
 .debug_info    0x0000adc6       0x8d c:/energia-1.6.10e18/hardware/tools/msp430/bin/../lib/gcc/msp430/4.6.3\libgcc.a(_mulqi3.o)
 .debug_info    0x0000ae53       0x8d c:/energia-1.6.10e18/hardware/tools/msp430/bin/../lib/gcc/msp430/4.6.3\libgcc.a(_mulhi3.o)
 .debug_info    0x0000aee0       0x8d c:/energia-1.6.10e18/hardware/tools/msp430/bin/../lib/gcc/msp430/4.6.3\libgcc.a(_mulsi3.o)
 .debug_info    0x0000af6d       0x8d c:/energia-1.6.10e18/hardware/tools/msp430/bin/../lib/gcc/msp430/4.6.3\libgcc.a(_udivmod16.o)
 .debug_info    0x0000affa       0x8d c:/energia-1.6.10e18/hardware/tools/msp430/bin/../lib/gcc/msp430/4.6.3\libgcc.a(_divmod16.o)
 .debug_info    0x0000b087       0x8d c:/energia-1.6.10e18/hardware/tools/msp430/bin/../lib/gcc/msp430/4.6.3\libgcc.a(_udivmod32.o)
 .debug_info    0x0000b114       0xb5 c:/energia-1.6.10e18/hardware/tools/msp430/bin/../lib/gcc/msp430/4.6.3\libgcc.a(_fixunssfsi.o)
 .debug_info    0x0000b1c9      0x425 c:/energia-1.6.10e18/hardware/tools/msp430/bin/../lib/gcc/msp430/4.6.3\libgcc.a(_addsub_sf.o)
 .debug_info    0x0000b5ee      0x3c9 c:/energia-1.6.10e18/hardware/tools/msp430/bin/../lib/gcc/msp430/4.6.3\libgcc.a(_mul_sf.o)
 .debug_info    0x0000b9b7      0x35c c:/energia-1.6.10e18/hardware/tools/msp430/bin/../lib/gcc/msp430/4.6.3\libgcc.a(_div_sf.o)
 .debug_info    0x0000bd13      0x26e c:/energia-1.6.10e18/hardware/tools/msp430/bin/../lib/gcc/msp430/4.6.3\libgcc.a(_gt_sf.o)
 .debug_info    0x0000bf81      0x26e c:/energia-1.6.10e18/hardware/tools/msp430/bin/../lib/gcc/msp430/4.6.3\libgcc.a(_ge_sf.o)
 .debug_info    0x0000c1ef      0x26e c:/energia-1.6.10e18/hardware/tools/msp430/bin/../lib/gcc/msp430/4.6.3\libgcc.a(_lt_sf.o)
 .debug_info    0x0000c45d      0x26e c:/energia-1.6.10e18/hardware/tools/msp430/bin/../lib/gcc/msp430/4.6.3\libgcc.a(_le_sf.o)
 .debug_info    0x0000c6cb      0x20b c:/energia-1.6.10e18/hardware/tools/msp430/bin/../lib/gcc/msp430/4.6.3\libgcc.a(_si_to_sf.o)
 .debug_info    0x0000c8d6      0x289 c:/energia-1.6.10e18/hardware/tools/msp430/bin/../lib/gcc/msp430/4.6.3\libgcc.a(_sf_to_si.o)
 .debug_info    0x0000cb5f      0x144 c:/energia-1.6.10e18/hardware/tools/msp430/bin/../lib/gcc/msp430/4.6.3\libgcc.a(_thenan_sf.o)
 .debug_info    0x0000cca3      0x204 c:/energia-1.6.10e18/hardware/tools/msp430/bin/../lib/gcc/msp430/4.6.3\libgcc.a(_usi_to_sf.o)
 .debug_info    0x0000cea7      0x109 c:/energia-1.6.10e18/hardware/tools/msp430/bin/../lib/gcc/msp430/4.6.3\libgcc.a(_clzsi2.o)
 .debug_info    0x0000cfb0      0x2b1 c:/energia-1.6.10e18/hardware/tools/msp430/bin/../lib/gcc/msp430/4.6.3\libgcc.a(_pack_sf.o)
 .debug_info    0x0000d261      0x23e c:/energia-1.6.10e18/hardware/tools/msp430/bin/../lib/gcc/msp430/4.6.3\libgcc.a(_unpack_sf.o)
 .debug_info    0x0000d49f      0x1d5 c:/energia-1.6.10e18/hardware/tools/msp430/bin/../lib/gcc/msp430/4.6.3\libgcc.a(_fpcmp_parts_sf.o)
 .debug_info    0x0000d674       0xa0 c:/energia-1.6.10e18/hardware/tools/msp430/bin/../lib/gcc/msp430/4.6.3\libgcc.a(_clz.o)
 .debug_info    0x0000d714       0xa7 c:/energia-1.6.10e18/hardware/tools/msp430/bin/../lib/gcc/msp430/4.6.3/../../../../msp430/lib\libc.a(strchr.o)
 .debug_info    0x0000d7bb       0xa4 c:/energia-1.6.10e18/hardware/tools/msp430/bin/../lib/gcc/msp430/4.6.3/../../../../msp430/lib\libc.a(strcmp.o)
 .debug_info    0x0000d85f       0xbb c:/energia-1.6.10e18/hardware/tools/msp430/bin/../lib/gcc/msp430/4.6.3/../../../../msp430/lib\libc.a(strncmp.o)
 .debug_info    0x0000d91a       0xb6 c:/energia-1.6.10e18/hardware/tools/msp430/bin/../lib/gcc/msp430/4.6.3/../../../../msp430/lib\libc.a(strcpy.o)
 .debug_info    0x0000d9d0       0xe1 c:/energia-1.6.10e18/hardware/tools/msp430/bin/../lib/gcc/msp430/4.6.3/../../../../msp430/lib\libc.a(strncpy.o)
 .debug_info    0x0000dab1      0x113 c:/energia-1.6.10e18/hardware/tools/msp430/bin/../lib/gcc/msp430/4.6.3/../../../../msp430/lib\libc.a(memcpy.o)
 .debug_info    0x0000dbc4      0x113 c:/energia-1.6.10e18/hardware/tools/msp430/bin/../lib/gcc/msp430/4.6.3/../../../../msp430/lib\libc.a(memmove.o)
 .debug_info    0x0000dcd7       0xb7 c:/energia-1.6.10e18/hardware/tools/msp430/bin/../lib/gcc/msp430/4.6.3/../../../../msp430/lib\libc.a(strrchr.o)
 .debug_info    0x0000dd8e       0xe0 c:/energia-1.6.10e18/hardware/tools/msp430/bin/../lib/gcc/msp430/4.6.3/../../../../msp430/lib\libc.a(strstr.o)
 .debug_info    0x0000de6e       0x95 c:/energia-1.6.10e18/hardware/tools/msp430/bin/../lib/gcc/msp430/4.6.3/../../../../msp430/lib\libc.a(atol.o)
 .debug_info    0x0000df03      0x151 c:/energia-1.6.10e18/hardware/tools/msp430/bin/../lib/gcc/msp430/4.6.3/../../../../msp430/lib\libc.a(malloc.o)
 .debug_info    0x0000e054      0x1d7 c:/energia-1.6.10e18/hardware/tools/msp430/bin/../lib/gcc/msp430/4.6.3/../../../../msp430/lib\libc.a(strtol.o)
 .debug_info    0x0000e22b      0x277 c:/energia-1.6.10e18/hardware/tools/msp430/bin/../lib/gcc/msp430/4.6.3/../../../../msp430/lib\libc.a(sprintf.o)
 .debug_info    0x0000e4a2      0x565 c:/energia-1.6.10e18/hardware/tools/msp430/bin/../lib/gcc/msp430/4.6.3/../../../../msp430/lib\libc.a(vuprintf.o)
 .debug_info    0x0000ea07       0x39 c:/energia-1.6.10e18/hardware/tools/msp430/bin/../lib/gcc/msp430/4.6.3/../../../../msp430/lib\libc.a(errno.o)
 .debug_info    0x0000ea40       0x8d c:/energia-1.6.10e18/hardware/tools/msp430/bin/../lib/gcc/msp430/4.6.3\libgcc.a(_divmod32.o)
 .debug_info    0x0000eacd       0x8d c:/energia-1.6.10e18/hardware/tools/msp430/bin/../lib/gcc/msp430/4.6.3\libgcc.a(_udivmod64.o)
 .debug_info    0x0000eb5a       0x74 c:/energia-1.6.10e18/hardware/tools/msp430/bin/../lib/gcc/msp430/4.6.3\libcrt0.a(__watchdog_support.o)
 .debug_info    0x0000ebce       0x74 c:/energia-1.6.10e18/hardware/tools/msp430/bin/../lib/gcc/msp430/4.6.3\libcrt0.a(__init_stack.o)
 .debug_info    0x0000ec42       0x74 c:/energia-1.6.10e18/hardware/tools/msp430/bin/../lib/gcc/msp430/4.6.3\libcrt0.a(_copy_data.o)
 .debug_info    0x0000ecb6       0x74 c:/energia-1.6.10e18/hardware/tools/msp430/bin/../lib/gcc/msp430/4.6.3\libcrt0.a(_clear_bss.o)
 .debug_info    0x0000ed2a       0x74 c:/energia-1.6.10e18/hardware/tools/msp430/bin/../lib/gcc/msp430/4.6.3\libcrt0.a(_endless_loop__.o)
 .debug_info    0x0000ed9e       0x74 c:/energia-1.6.10e18/hardware/tools/msp430/bin/../lib/gcc/msp430/4.6.3\libcrt0.a(_unexpected_.o)
 .debug_info    0x0000ee12       0x74 c:/energia-1.6.10e18/hardware/tools/msp430/bin/../lib/gcc/msp430/4.6.3\libcrt0.a(_ctors430.o)
 *(.gnu.linkonce.wi.*)

.debug_abbrev   0x00000000     0x401c
 *(.debug_abbrev)
 .debug_abbrev  0x00000000      0x221 ./IRrecvDump.o
 .debug_abbrev  0x00000221      0x3d4 C:/Users/Jimmy/Google Drive/School/Courses/Lab2/msp430_MSP-EXP430G2553LP_IRremote/Debug\libmsp430_MSP-EXP430G2553LP_IRremote.a(IRremote.o)
 .debug_abbrev  0x000005f5      0x221 C:/Users/Jimmy/Google Drive/School/Courses/Lab2/msp430_MSP-EXP430G2553LP_core/Debug\libmsp430_MSP-EXP430G2553LP_core.a(wiring.o)
 .debug_abbrev  0x00000816      0x15d C:/Users/Jimmy/Google Drive/School/Courses/Lab2/msp430_MSP-EXP430G2553LP_core/Debug\libmsp430_MSP-EXP430G2553LP_core.a(wiring_digital.o)
 .debug_abbrev  0x00000973      0x46b C:/Users/Jimmy/Google Drive/School/Courses/Lab2/msp430_MSP-EXP430G2553LP_core/Debug\libmsp430_MSP-EXP430G2553LP_core.a(HardwareSerial.o)
 .debug_abbrev  0x00000dde       0x91 C:/Users/Jimmy/Google Drive/School/Courses/Lab2/msp430_MSP-EXP430G2553LP_core/Debug\libmsp430_MSP-EXP430G2553LP_core.a(main.o)
 .debug_abbrev  0x00000e6f      0x37c C:/Users/Jimmy/Google Drive/School/Courses/Lab2/msp430_MSP-EXP430G2553LP_core/Debug\libmsp430_MSP-EXP430G2553LP_core.a(Print.o)
 .debug_abbrev  0x000011eb      0x38f C:/Users/Jimmy/Google Drive/School/Courses/Lab2/msp430_MSP-EXP430G2553LP_core/Debug\libmsp430_MSP-EXP430G2553LP_core.a(WString.o)
 .debug_abbrev  0x0000157a       0x85 C:/Users/Jimmy/Google Drive/School/Courses/Lab2/msp430_MSP-EXP430G2553LP_core/Debug\libmsp430_MSP-EXP430G2553LP_core.a(atof.o)
 .debug_abbrev  0x000015ff       0xeb C:/Users/Jimmy/Google Drive/School/Courses/Lab2/msp430_MSP-EXP430G2553LP_core/Debug\libmsp430_MSP-EXP430G2553LP_core.a(dtostrf.o)
 .debug_abbrev  0x000016ea       0xaf C:/Users/Jimmy/Google Drive/School/Courses/Lab2/msp430_MSP-EXP430G2553LP_core/Debug\libmsp430_MSP-EXP430G2553LP_core.a(itoa.o)
 .debug_abbrev  0x00001799      0x104 C:/Users/Jimmy/Google Drive/School/Courses/Lab2/msp430_MSP-EXP430G2553LP_core/Debug\libmsp430_MSP-EXP430G2553LP_core.a(usci_isr_handler.o)
 .debug_abbrev  0x0000189d       0xee C:/Users/Jimmy/Google Drive/School/Courses/Lab2/msp430_MSP-EXP430G2553LP_core/Debug\libmsp430_MSP-EXP430G2553LP_core.a(new.o)
 .debug_abbrev  0x0000198b      0x1e1 C:/Users/Jimmy/Google Drive/School/Courses/Lab2/msp430_MSP-EXP430G2553LP_core/Debug\libmsp430_MSP-EXP430G2553LP_core.a(twi.o)
 .debug_abbrev  0x00001b6c       0xfa C:/Users/Jimmy/Google Drive/School/Courses/Lab2/msp430_MSP-EXP430G2553LP_core/Debug\libmsp430_MSP-EXP430G2553LP_core.a(twi_sw.o)
 .debug_abbrev  0x00001c66      0x140 c:/energia-1.6.10e18/hardware/tools/msp430/bin/../lib/gcc/msp430/4.6.3/../../../../msp430/lib\libm.a(ef_pow.o)
 .debug_abbrev  0x00001da6       0xf4 c:/energia-1.6.10e18/hardware/tools/msp430/bin/../lib/gcc/msp430/4.6.3/../../../../msp430/lib\libm.a(sf_scalbn.o)
 .debug_abbrev  0x00001e9a      0x14a c:/energia-1.6.10e18/hardware/tools/msp430/bin/../lib/gcc/msp430/4.6.3/../../../../msp430/lib\libm.a(ef_sqrt.o)
 .debug_abbrev  0x00001fe4       0x14 c:/energia-1.6.10e18/hardware/tools/msp430/bin/../lib/gcc/msp430/4.6.3\libgcc.a(_mulqi3.o)
 .debug_abbrev  0x00001ff8       0x14 c:/energia-1.6.10e18/hardware/tools/msp430/bin/../lib/gcc/msp430/4.6.3\libgcc.a(_mulhi3.o)
 .debug_abbrev  0x0000200c       0x14 c:/energia-1.6.10e18/hardware/tools/msp430/bin/../lib/gcc/msp430/4.6.3\libgcc.a(_mulsi3.o)
 .debug_abbrev  0x00002020       0x14 c:/energia-1.6.10e18/hardware/tools/msp430/bin/../lib/gcc/msp430/4.6.3\libgcc.a(_udivmod16.o)
 .debug_abbrev  0x00002034       0x14 c:/energia-1.6.10e18/hardware/tools/msp430/bin/../lib/gcc/msp430/4.6.3\libgcc.a(_divmod16.o)
 .debug_abbrev  0x00002048       0x14 c:/energia-1.6.10e18/hardware/tools/msp430/bin/../lib/gcc/msp430/4.6.3\libgcc.a(_udivmod32.o)
 .debug_abbrev  0x0000205c       0x5d c:/energia-1.6.10e18/hardware/tools/msp430/bin/../lib/gcc/msp430/4.6.3\libgcc.a(_fixunssfsi.o)
 .debug_abbrev  0x000020b9      0x1ab c:/energia-1.6.10e18/hardware/tools/msp430/bin/../lib/gcc/msp430/4.6.3\libgcc.a(_addsub_sf.o)
 .debug_abbrev  0x00002264      0x1d9 c:/energia-1.6.10e18/hardware/tools/msp430/bin/../lib/gcc/msp430/4.6.3\libgcc.a(_mul_sf.o)
 .debug_abbrev  0x0000243d      0x1c4 c:/energia-1.6.10e18/hardware/tools/msp430/bin/../lib/gcc/msp430/4.6.3\libgcc.a(_div_sf.o)
 .debug_abbrev  0x00002601      0x151 c:/energia-1.6.10e18/hardware/tools/msp430/bin/../lib/gcc/msp430/4.6.3\libgcc.a(_gt_sf.o)
 .debug_abbrev  0x00002752      0x151 c:/energia-1.6.10e18/hardware/tools/msp430/bin/../lib/gcc/msp430/4.6.3\libgcc.a(_ge_sf.o)
 .debug_abbrev  0x000028a3      0x151 c:/energia-1.6.10e18/hardware/tools/msp430/bin/../lib/gcc/msp430/4.6.3\libgcc.a(_lt_sf.o)
 .debug_abbrev  0x000029f4      0x151 c:/energia-1.6.10e18/hardware/tools/msp430/bin/../lib/gcc/msp430/4.6.3\libgcc.a(_le_sf.o)
 .debug_abbrev  0x00002b45      0x164 c:/energia-1.6.10e18/hardware/tools/msp430/bin/../lib/gcc/msp430/4.6.3\libgcc.a(_si_to_sf.o)
 .debug_abbrev  0x00002ca9      0x160 c:/energia-1.6.10e18/hardware/tools/msp430/bin/../lib/gcc/msp430/4.6.3\libgcc.a(_sf_to_si.o)
 .debug_abbrev  0x00002e09       0xba c:/energia-1.6.10e18/hardware/tools/msp430/bin/../lib/gcc/msp430/4.6.3\libgcc.a(_thenan_sf.o)
 .debug_abbrev  0x00002ec3      0x173 c:/energia-1.6.10e18/hardware/tools/msp430/bin/../lib/gcc/msp430/4.6.3\libgcc.a(_usi_to_sf.o)
 .debug_abbrev  0x00003036       0xac c:/energia-1.6.10e18/hardware/tools/msp430/bin/../lib/gcc/msp430/4.6.3\libgcc.a(_clzsi2.o)
 .debug_abbrev  0x000030e2      0x192 c:/energia-1.6.10e18/hardware/tools/msp430/bin/../lib/gcc/msp430/4.6.3\libgcc.a(_pack_sf.o)
 .debug_abbrev  0x00003274      0x15a c:/energia-1.6.10e18/hardware/tools/msp430/bin/../lib/gcc/msp430/4.6.3\libgcc.a(_unpack_sf.o)
 .debug_abbrev  0x000033ce      0x10b c:/energia-1.6.10e18/hardware/tools/msp430/bin/../lib/gcc/msp430/4.6.3\libgcc.a(_fpcmp_parts_sf.o)
 .debug_abbrev  0x000034d9       0x61 c:/energia-1.6.10e18/hardware/tools/msp430/bin/../lib/gcc/msp430/4.6.3\libgcc.a(_clz.o)
 .debug_abbrev  0x0000353a       0x6f c:/energia-1.6.10e18/hardware/tools/msp430/bin/../lib/gcc/msp430/4.6.3/../../../../msp430/lib\libc.a(strchr.o)
 .debug_abbrev  0x000035a9       0x60 c:/energia-1.6.10e18/hardware/tools/msp430/bin/../lib/gcc/msp430/4.6.3/../../../../msp430/lib\libc.a(strcmp.o)
 .debug_abbrev  0x00003609       0x7c c:/energia-1.6.10e18/hardware/tools/msp430/bin/../lib/gcc/msp430/4.6.3/../../../../msp430/lib\libc.a(strncmp.o)
 .debug_abbrev  0x00003685       0x7e c:/energia-1.6.10e18/hardware/tools/msp430/bin/../lib/gcc/msp430/4.6.3/../../../../msp430/lib\libc.a(strcpy.o)
 .debug_abbrev  0x00003703       0x94 c:/energia-1.6.10e18/hardware/tools/msp430/bin/../lib/gcc/msp430/4.6.3/../../../../msp430/lib\libc.a(strncpy.o)
 .debug_abbrev  0x00003797       0x97 c:/energia-1.6.10e18/hardware/tools/msp430/bin/../lib/gcc/msp430/4.6.3/../../../../msp430/lib\libc.a(memcpy.o)
 .debug_abbrev  0x0000382e       0x97 c:/energia-1.6.10e18/hardware/tools/msp430/bin/../lib/gcc/msp430/4.6.3/../../../../msp430/lib\libc.a(memmove.o)
 .debug_abbrev  0x000038c5       0x7e c:/energia-1.6.10e18/hardware/tools/msp430/bin/../lib/gcc/msp430/4.6.3/../../../../msp430/lib\libc.a(strrchr.o)
 .debug_abbrev  0x00003943       0x8b c:/energia-1.6.10e18/hardware/tools/msp430/bin/../lib/gcc/msp430/4.6.3/../../../../msp430/lib\libc.a(strstr.o)
 .debug_abbrev  0x000039ce       0x60 c:/energia-1.6.10e18/hardware/tools/msp430/bin/../lib/gcc/msp430/4.6.3/../../../../msp430/lib\libc.a(atol.o)
 .debug_abbrev  0x00003a2e      0x104 c:/energia-1.6.10e18/hardware/tools/msp430/bin/../lib/gcc/msp430/4.6.3/../../../../msp430/lib\libc.a(malloc.o)
 .debug_abbrev  0x00003b32      0x112 c:/energia-1.6.10e18/hardware/tools/msp430/bin/../lib/gcc/msp430/4.6.3/../../../../msp430/lib\libc.a(strtol.o)
 .debug_abbrev  0x00003c44      0x105 c:/energia-1.6.10e18/hardware/tools/msp430/bin/../lib/gcc/msp430/4.6.3/../../../../msp430/lib\libc.a(sprintf.o)
 .debug_abbrev  0x00003d49      0x1ef c:/energia-1.6.10e18/hardware/tools/msp430/bin/../lib/gcc/msp430/4.6.3/../../../../msp430/lib\libc.a(vuprintf.o)
 .debug_abbrev  0x00003f38       0x30 c:/energia-1.6.10e18/hardware/tools/msp430/bin/../lib/gcc/msp430/4.6.3/../../../../msp430/lib\libc.a(errno.o)
 .debug_abbrev  0x00003f68       0x14 c:/energia-1.6.10e18/hardware/tools/msp430/bin/../lib/gcc/msp430/4.6.3\libgcc.a(_divmod32.o)
 .debug_abbrev  0x00003f7c       0x14 c:/energia-1.6.10e18/hardware/tools/msp430/bin/../lib/gcc/msp430/4.6.3\libgcc.a(_udivmod64.o)
 .debug_abbrev  0x00003f90       0x14 c:/energia-1.6.10e18/hardware/tools/msp430/bin/../lib/gcc/msp430/4.6.3\libcrt0.a(__watchdog_support.o)
 .debug_abbrev  0x00003fa4       0x14 c:/energia-1.6.10e18/hardware/tools/msp430/bin/../lib/gcc/msp430/4.6.3\libcrt0.a(__init_stack.o)
 .debug_abbrev  0x00003fb8       0x14 c:/energia-1.6.10e18/hardware/tools/msp430/bin/../lib/gcc/msp430/4.6.3\libcrt0.a(_copy_data.o)
 .debug_abbrev  0x00003fcc       0x14 c:/energia-1.6.10e18/hardware/tools/msp430/bin/../lib/gcc/msp430/4.6.3\libcrt0.a(_clear_bss.o)
 .debug_abbrev  0x00003fe0       0x14 c:/energia-1.6.10e18/hardware/tools/msp430/bin/../lib/gcc/msp430/4.6.3\libcrt0.a(_endless_loop__.o)
 .debug_abbrev  0x00003ff4       0x14 c:/energia-1.6.10e18/hardware/tools/msp430/bin/../lib/gcc/msp430/4.6.3\libcrt0.a(_unexpected_.o)
 .debug_abbrev  0x00004008       0x14 c:/energia-1.6.10e18/hardware/tools/msp430/bin/../lib/gcc/msp430/4.6.3\libcrt0.a(_ctors430.o)

.debug_line     0x00000000     0x4577
 *(.debug_line)
 .debug_line    0x00000000      0x244 ./IRrecvDump.o
 .debug_line    0x00000244      0x5ac C:/Users/Jimmy/Google Drive/School/Courses/Lab2/msp430_MSP-EXP430G2553LP_IRremote/Debug\libmsp430_MSP-EXP430G2553LP_IRremote.a(IRremote.o)
 .debug_line    0x000007f0      0x2a5 C:/Users/Jimmy/Google Drive/School/Courses/Lab2/msp430_MSP-EXP430G2553LP_core/Debug\libmsp430_MSP-EXP430G2553LP_core.a(wiring.o)
 .debug_line    0x00000a95      0x1d8 C:/Users/Jimmy/Google Drive/School/Courses/Lab2/msp430_MSP-EXP430G2553LP_core/Debug\libmsp430_MSP-EXP430G2553LP_core.a(wiring_digital.o)
 .debug_line    0x00000c6d      0x2fc C:/Users/Jimmy/Google Drive/School/Courses/Lab2/msp430_MSP-EXP430G2553LP_core/Debug\libmsp430_MSP-EXP430G2553LP_core.a(HardwareSerial.o)
 .debug_line    0x00000f69      0x13d C:/Users/Jimmy/Google Drive/School/Courses/Lab2/msp430_MSP-EXP430G2553LP_core/Debug\libmsp430_MSP-EXP430G2553LP_core.a(main.o)
 .debug_line    0x000010a6      0x3a2 C:/Users/Jimmy/Google Drive/School/Courses/Lab2/msp430_MSP-EXP430G2553LP_core/Debug\libmsp430_MSP-EXP430G2553LP_core.a(Print.o)
 .debug_line    0x00001448      0x7c1 C:/Users/Jimmy/Google Drive/School/Courses/Lab2/msp430_MSP-EXP430G2553LP_core/Debug\libmsp430_MSP-EXP430G2553LP_core.a(WString.o)
 .debug_line    0x00001c09       0xcb C:/Users/Jimmy/Google Drive/School/Courses/Lab2/msp430_MSP-EXP430G2553LP_core/Debug\libmsp430_MSP-EXP430G2553LP_core.a(atof.o)
 .debug_line    0x00001cd4       0xff C:/Users/Jimmy/Google Drive/School/Courses/Lab2/msp430_MSP-EXP430G2553LP_core/Debug\libmsp430_MSP-EXP430G2553LP_core.a(dtostrf.o)
 .debug_line    0x00001dd3       0xe6 C:/Users/Jimmy/Google Drive/School/Courses/Lab2/msp430_MSP-EXP430G2553LP_core/Debug\libmsp430_MSP-EXP430G2553LP_core.a(itoa.o)
 .debug_line    0x00001eb9      0x19e C:/Users/Jimmy/Google Drive/School/Courses/Lab2/msp430_MSP-EXP430G2553LP_core/Debug\libmsp430_MSP-EXP430G2553LP_core.a(usci_isr_handler.o)
 .debug_line    0x00002057      0x118 C:/Users/Jimmy/Google Drive/School/Courses/Lab2/msp430_MSP-EXP430G2553LP_core/Debug\libmsp430_MSP-EXP430G2553LP_core.a(new.o)
 .debug_line    0x0000216f      0x2b3 C:/Users/Jimmy/Google Drive/School/Courses/Lab2/msp430_MSP-EXP430G2553LP_core/Debug\libmsp430_MSP-EXP430G2553LP_core.a(twi.o)
 .debug_line    0x00002422      0x204 C:/Users/Jimmy/Google Drive/School/Courses/Lab2/msp430_MSP-EXP430G2553LP_core/Debug\libmsp430_MSP-EXP430G2553LP_core.a(twi_sw.o)
 .debug_line    0x00002626      0x1c6 c:/energia-1.6.10e18/hardware/tools/msp430/bin/../lib/gcc/msp430/4.6.3/../../../../msp430/lib\libm.a(ef_pow.o)
 .debug_line    0x000027ec       0x97 c:/energia-1.6.10e18/hardware/tools/msp430/bin/../lib/gcc/msp430/4.6.3/../../../../msp430/lib\libm.a(sf_scalbn.o)
 .debug_line    0x00002883       0xb7 c:/energia-1.6.10e18/hardware/tools/msp430/bin/../lib/gcc/msp430/4.6.3/../../../../msp430/lib\libm.a(ef_sqrt.o)
 .debug_line    0x0000293a       0x73 c:/energia-1.6.10e18/hardware/tools/msp430/bin/../lib/gcc/msp430/4.6.3\libgcc.a(_mulqi3.o)
 .debug_line    0x000029ad       0x74 c:/energia-1.6.10e18/hardware/tools/msp430/bin/../lib/gcc/msp430/4.6.3\libgcc.a(_mulhi3.o)
 .debug_line    0x00002a21       0x7e c:/energia-1.6.10e18/hardware/tools/msp430/bin/../lib/gcc/msp430/4.6.3\libgcc.a(_mulsi3.o)
 .debug_line    0x00002a9f       0x77 c:/energia-1.6.10e18/hardware/tools/msp430/bin/../lib/gcc/msp430/4.6.3\libgcc.a(_udivmod16.o)
 .debug_line    0x00002b16       0x82 c:/energia-1.6.10e18/hardware/tools/msp430/bin/../lib/gcc/msp430/4.6.3\libgcc.a(_divmod16.o)
 .debug_line    0x00002b98       0x86 c:/energia-1.6.10e18/hardware/tools/msp430/bin/../lib/gcc/msp430/4.6.3\libgcc.a(_udivmod32.o)
 .debug_line    0x00002c1e       0x6f c:/energia-1.6.10e18/hardware/tools/msp430/bin/../lib/gcc/msp430/4.6.3\libgcc.a(_fixunssfsi.o)
 .debug_line    0x00002c8d      0x117 c:/energia-1.6.10e18/hardware/tools/msp430/bin/../lib/gcc/msp430/4.6.3\libgcc.a(_addsub_sf.o)
 .debug_line    0x00002da4      0x10f c:/energia-1.6.10e18/hardware/tools/msp430/bin/../lib/gcc/msp430/4.6.3\libgcc.a(_mul_sf.o)
 .debug_line    0x00002eb3       0xd1 c:/energia-1.6.10e18/hardware/tools/msp430/bin/../lib/gcc/msp430/4.6.3\libgcc.a(_div_sf.o)
 .debug_line    0x00002f84       0x89 c:/energia-1.6.10e18/hardware/tools/msp430/bin/../lib/gcc/msp430/4.6.3\libgcc.a(_gt_sf.o)
 .debug_line    0x0000300d       0x89 c:/energia-1.6.10e18/hardware/tools/msp430/bin/../lib/gcc/msp430/4.6.3\libgcc.a(_ge_sf.o)
 .debug_line    0x00003096       0x89 c:/energia-1.6.10e18/hardware/tools/msp430/bin/../lib/gcc/msp430/4.6.3\libgcc.a(_lt_sf.o)
 .debug_line    0x0000311f       0x89 c:/energia-1.6.10e18/hardware/tools/msp430/bin/../lib/gcc/msp430/4.6.3\libgcc.a(_le_sf.o)
 .debug_line    0x000031a8       0xa1 c:/energia-1.6.10e18/hardware/tools/msp430/bin/../lib/gcc/msp430/4.6.3\libgcc.a(_si_to_sf.o)
 .debug_line    0x00003249       0x97 c:/energia-1.6.10e18/hardware/tools/msp430/bin/../lib/gcc/msp430/4.6.3\libgcc.a(_sf_to_si.o)
 .debug_line    0x000032e0       0x6c c:/energia-1.6.10e18/hardware/tools/msp430/bin/../lib/gcc/msp430/4.6.3\libgcc.a(_thenan_sf.o)
 .debug_line    0x0000334c       0x9e c:/energia-1.6.10e18/hardware/tools/msp430/bin/../lib/gcc/msp430/4.6.3\libgcc.a(_usi_to_sf.o)
 .debug_line    0x000033ea       0x99 c:/energia-1.6.10e18/hardware/tools/msp430/bin/../lib/gcc/msp430/4.6.3\libgcc.a(_clzsi2.o)
 .debug_line    0x00003483       0xda c:/energia-1.6.10e18/hardware/tools/msp430/bin/../lib/gcc/msp430/4.6.3\libgcc.a(_pack_sf.o)
 .debug_line    0x0000355d       0xb5 c:/energia-1.6.10e18/hardware/tools/msp430/bin/../lib/gcc/msp430/4.6.3\libgcc.a(_unpack_sf.o)
 .debug_line    0x00003612       0xc0 c:/energia-1.6.10e18/hardware/tools/msp430/bin/../lib/gcc/msp430/4.6.3\libgcc.a(_fpcmp_parts_sf.o)
 .debug_line    0x000036d2       0x5b c:/energia-1.6.10e18/hardware/tools/msp430/bin/../lib/gcc/msp430/4.6.3\libgcc.a(_clz.o)
 .debug_line    0x0000372d       0x44 c:/energia-1.6.10e18/hardware/tools/msp430/bin/../lib/gcc/msp430/4.6.3/../../../../msp430/lib\libc.a(strchr.o)
 .debug_line    0x00003771       0x49 c:/energia-1.6.10e18/hardware/tools/msp430/bin/../lib/gcc/msp430/4.6.3/../../../../msp430/lib\libc.a(strcmp.o)
 .debug_line    0x000037ba       0x82 c:/energia-1.6.10e18/hardware/tools/msp430/bin/../lib/gcc/msp430/4.6.3/../../../../msp430/lib\libc.a(strncmp.o)
 .debug_line    0x0000383c       0x4d c:/energia-1.6.10e18/hardware/tools/msp430/bin/../lib/gcc/msp430/4.6.3/../../../../msp430/lib\libc.a(strcpy.o)
 .debug_line    0x00003889       0x85 c:/energia-1.6.10e18/hardware/tools/msp430/bin/../lib/gcc/msp430/4.6.3/../../../../msp430/lib\libc.a(strncpy.o)
 .debug_line    0x0000390e       0xf6 c:/energia-1.6.10e18/hardware/tools/msp430/bin/../lib/gcc/msp430/4.6.3/../../../../msp430/lib\libc.a(memcpy.o)
 .debug_line    0x00003a04       0xf6 c:/energia-1.6.10e18/hardware/tools/msp430/bin/../lib/gcc/msp430/4.6.3/../../../../msp430/lib\libc.a(memmove.o)
 .debug_line    0x00003afa       0x47 c:/energia-1.6.10e18/hardware/tools/msp430/bin/../lib/gcc/msp430/4.6.3/../../../../msp430/lib\libc.a(strrchr.o)
 .debug_line    0x00003b41       0x86 c:/energia-1.6.10e18/hardware/tools/msp430/bin/../lib/gcc/msp430/4.6.3/../../../../msp430/lib\libc.a(strstr.o)
 .debug_line    0x00003bc7       0x3d c:/energia-1.6.10e18/hardware/tools/msp430/bin/../lib/gcc/msp430/4.6.3/../../../../msp430/lib\libc.a(atol.o)
 .debug_line    0x00003c04       0xce c:/energia-1.6.10e18/hardware/tools/msp430/bin/../lib/gcc/msp430/4.6.3/../../../../msp430/lib\libc.a(malloc.o)
 .debug_line    0x00003cd2      0x10b c:/energia-1.6.10e18/hardware/tools/msp430/bin/../lib/gcc/msp430/4.6.3/../../../../msp430/lib\libc.a(strtol.o)
 .debug_line    0x00003ddd       0xa9 c:/energia-1.6.10e18/hardware/tools/msp430/bin/../lib/gcc/msp430/4.6.3/../../../../msp430/lib\libc.a(sprintf.o)
 .debug_line    0x00003e86      0x2df c:/energia-1.6.10e18/hardware/tools/msp430/bin/../lib/gcc/msp430/4.6.3/../../../../msp430/lib\libc.a(vuprintf.o)
 .debug_line    0x00004165       0x31 c:/energia-1.6.10e18/hardware/tools/msp430/bin/../lib/gcc/msp430/4.6.3/../../../../msp430/lib\libc.a(errno.o)
 .debug_line    0x00004196       0x8b c:/energia-1.6.10e18/hardware/tools/msp430/bin/../lib/gcc/msp430/4.6.3\libgcc.a(_divmod32.o)
 .debug_line    0x00004221       0xcc c:/energia-1.6.10e18/hardware/tools/msp430/bin/../lib/gcc/msp430/4.6.3\libgcc.a(_udivmod64.o)
 .debug_line    0x000042ed       0x5c c:/energia-1.6.10e18/hardware/tools/msp430/bin/../lib/gcc/msp430/4.6.3\libcrt0.a(__watchdog_support.o)
 .debug_line    0x00004349       0x5a c:/energia-1.6.10e18/hardware/tools/msp430/bin/../lib/gcc/msp430/4.6.3\libcrt0.a(__init_stack.o)
 .debug_line    0x000043a3       0x60 c:/energia-1.6.10e18/hardware/tools/msp430/bin/../lib/gcc/msp430/4.6.3\libcrt0.a(_copy_data.o)
 .debug_line    0x00004403       0x60 c:/energia-1.6.10e18/hardware/tools/msp430/bin/../lib/gcc/msp430/4.6.3\libcrt0.a(_clear_bss.o)
 .debug_line    0x00004463       0x5b c:/energia-1.6.10e18/hardware/tools/msp430/bin/../lib/gcc/msp430/4.6.3\libcrt0.a(_endless_loop__.o)
 .debug_line    0x000044be       0x5a c:/energia-1.6.10e18/hardware/tools/msp430/bin/../lib/gcc/msp430/4.6.3\libcrt0.a(_unexpected_.o)
 .debug_line    0x00004518       0x5f c:/energia-1.6.10e18/hardware/tools/msp430/bin/../lib/gcc/msp430/4.6.3\libcrt0.a(_ctors430.o)

.debug_frame    0x00000000     0x1f36
 *(.debug_frame)
 .debug_frame   0x00000000       0x66 ./IRrecvDump.o
 .debug_frame   0x00000066      0x524 C:/Users/Jimmy/Google Drive/School/Courses/Lab2/msp430_MSP-EXP430G2553LP_IRremote/Debug\libmsp430_MSP-EXP430G2553LP_IRremote.a(IRremote.o)
 .debug_frame   0x0000058a      0x154 C:/Users/Jimmy/Google Drive/School/Courses/Lab2/msp430_MSP-EXP430G2553LP_core/Debug\libmsp430_MSP-EXP430G2553LP_core.a(wiring.o)
 .debug_frame   0x000006de       0x94 C:/Users/Jimmy/Google Drive/School/Courses/Lab2/msp430_MSP-EXP430G2553LP_core/Debug\libmsp430_MSP-EXP430G2553LP_core.a(wiring_digital.o)
 .debug_frame   0x00000772       0xe6 C:/Users/Jimmy/Google Drive/School/Courses/Lab2/msp430_MSP-EXP430G2553LP_core/Debug\libmsp430_MSP-EXP430G2553LP_core.a(HardwareSerial.o)
 .debug_frame   0x00000858       0x1e C:/Users/Jimmy/Google Drive/School/Courses/Lab2/msp430_MSP-EXP430G2553LP_core/Debug\libmsp430_MSP-EXP430G2553LP_core.a(main.o)
 .debug_frame   0x00000876      0x32a C:/Users/Jimmy/Google Drive/School/Courses/Lab2/msp430_MSP-EXP430G2553LP_core/Debug\libmsp430_MSP-EXP430G2553LP_core.a(Print.o)
 .debug_frame   0x00000ba0      0x7dc C:/Users/Jimmy/Google Drive/School/Courses/Lab2/msp430_MSP-EXP430G2553LP_core/Debug\libmsp430_MSP-EXP430G2553LP_core.a(WString.o)
 .debug_frame   0x0000137c       0x6e C:/Users/Jimmy/Google Drive/School/Courses/Lab2/msp430_MSP-EXP430G2553LP_core/Debug\libmsp430_MSP-EXP430G2553LP_core.a(atof.o)
 .debug_frame   0x000013ea       0x82 C:/Users/Jimmy/Google Drive/School/Courses/Lab2/msp430_MSP-EXP430G2553LP_core/Debug\libmsp430_MSP-EXP430G2553LP_core.a(dtostrf.o)
 .debug_frame   0x0000146c       0xec C:/Users/Jimmy/Google Drive/School/Courses/Lab2/msp430_MSP-EXP430G2553LP_core/Debug\libmsp430_MSP-EXP430G2553LP_core.a(itoa.o)
 .debug_frame   0x00001558       0x7e C:/Users/Jimmy/Google Drive/School/Courses/Lab2/msp430_MSP-EXP430G2553LP_core/Debug\libmsp430_MSP-EXP430G2553LP_core.a(usci_isr_handler.o)
 .debug_frame   0x000015d6       0x5a C:/Users/Jimmy/Google Drive/School/Courses/Lab2/msp430_MSP-EXP430G2553LP_core/Debug\libmsp430_MSP-EXP430G2553LP_core.a(new.o)
 .debug_frame   0x00001630       0xe8 C:/Users/Jimmy/Google Drive/School/Courses/Lab2/msp430_MSP-EXP430G2553LP_core/Debug\libmsp430_MSP-EXP430G2553LP_core.a(twi.o)
 .debug_frame   0x00001718      0x10e C:/Users/Jimmy/Google Drive/School/Courses/Lab2/msp430_MSP-EXP430G2553LP_core/Debug\libmsp430_MSP-EXP430G2553LP_core.a(twi_sw.o)
 .debug_frame   0x00001826       0x56 c:/energia-1.6.10e18/hardware/tools/msp430/bin/../lib/gcc/msp430/4.6.3/../../../../msp430/lib\libm.a(ef_pow.o)
 .debug_frame   0x0000187c       0x44 c:/energia-1.6.10e18/hardware/tools/msp430/bin/../lib/gcc/msp430/4.6.3/../../../../msp430/lib\libm.a(sf_scalbn.o)
 .debug_frame   0x000018c0       0x62 c:/energia-1.6.10e18/hardware/tools/msp430/bin/../lib/gcc/msp430/4.6.3/../../../../msp430/lib\libm.a(ef_sqrt.o)
 .debug_frame   0x00001922       0x28 c:/energia-1.6.10e18/hardware/tools/msp430/bin/../lib/gcc/msp430/4.6.3\libgcc.a(_fixunssfsi.o)
 .debug_frame   0x0000194a       0x6a c:/energia-1.6.10e18/hardware/tools/msp430/bin/../lib/gcc/msp430/4.6.3\libgcc.a(_addsub_sf.o)
 .debug_frame   0x000019b4       0x4a c:/energia-1.6.10e18/hardware/tools/msp430/bin/../lib/gcc/msp430/4.6.3\libgcc.a(_mul_sf.o)
 .debug_frame   0x000019fe       0x3a c:/energia-1.6.10e18/hardware/tools/msp430/bin/../lib/gcc/msp430/4.6.3\libgcc.a(_div_sf.o)
 .debug_frame   0x00001a38       0x22 c:/energia-1.6.10e18/hardware/tools/msp430/bin/../lib/gcc/msp430/4.6.3\libgcc.a(_gt_sf.o)
 .debug_frame   0x00001a5a       0x22 c:/energia-1.6.10e18/hardware/tools/msp430/bin/../lib/gcc/msp430/4.6.3\libgcc.a(_ge_sf.o)
 .debug_frame   0x00001a7c       0x22 c:/energia-1.6.10e18/hardware/tools/msp430/bin/../lib/gcc/msp430/4.6.3\libgcc.a(_lt_sf.o)
 .debug_frame   0x00001a9e       0x22 c:/energia-1.6.10e18/hardware/tools/msp430/bin/../lib/gcc/msp430/4.6.3\libgcc.a(_le_sf.o)
 .debug_frame   0x00001ac0       0x2c c:/energia-1.6.10e18/hardware/tools/msp430/bin/../lib/gcc/msp430/4.6.3\libgcc.a(_si_to_sf.o)
 .debug_frame   0x00001aec       0x22 c:/energia-1.6.10e18/hardware/tools/msp430/bin/../lib/gcc/msp430/4.6.3\libgcc.a(_sf_to_si.o)
 .debug_frame   0x00001b0e       0x36 c:/energia-1.6.10e18/hardware/tools/msp430/bin/../lib/gcc/msp430/4.6.3\libgcc.a(_usi_to_sf.o)
 .debug_frame   0x00001b44       0x2e c:/energia-1.6.10e18/hardware/tools/msp430/bin/../lib/gcc/msp430/4.6.3\libgcc.a(_clzsi2.o)
 .debug_frame   0x00001b72       0x38 c:/energia-1.6.10e18/hardware/tools/msp430/bin/../lib/gcc/msp430/4.6.3\libgcc.a(_pack_sf.o)
 .debug_frame   0x00001baa       0x28 c:/energia-1.6.10e18/hardware/tools/msp430/bin/../lib/gcc/msp430/4.6.3\libgcc.a(_unpack_sf.o)
 .debug_frame   0x00001bd2       0x24 c:/energia-1.6.10e18/hardware/tools/msp430/bin/../lib/gcc/msp430/4.6.3\libgcc.a(_fpcmp_parts_sf.o)
 .debug_frame   0x00001bf6       0x1e c:/energia-1.6.10e18/hardware/tools/msp430/bin/../lib/gcc/msp430/4.6.3/../../../../msp430/lib\libc.a(strchr.o)
 .debug_frame   0x00001c14       0x1e c:/energia-1.6.10e18/hardware/tools/msp430/bin/../lib/gcc/msp430/4.6.3/../../../../msp430/lib\libc.a(strcmp.o)
 .debug_frame   0x00001c32       0x24 c:/energia-1.6.10e18/hardware/tools/msp430/bin/../lib/gcc/msp430/4.6.3/../../../../msp430/lib\libc.a(strncmp.o)
 .debug_frame   0x00001c56       0x1e c:/energia-1.6.10e18/hardware/tools/msp430/bin/../lib/gcc/msp430/4.6.3/../../../../msp430/lib\libc.a(strcpy.o)
 .debug_frame   0x00001c74       0x24 c:/energia-1.6.10e18/hardware/tools/msp430/bin/../lib/gcc/msp430/4.6.3/../../../../msp430/lib\libc.a(strncpy.o)
 .debug_frame   0x00001c98       0x38 c:/energia-1.6.10e18/hardware/tools/msp430/bin/../lib/gcc/msp430/4.6.3/../../../../msp430/lib\libc.a(memcpy.o)
 .debug_frame   0x00001cd0       0x38 c:/energia-1.6.10e18/hardware/tools/msp430/bin/../lib/gcc/msp430/4.6.3/../../../../msp430/lib\libc.a(memmove.o)
 .debug_frame   0x00001d08       0x24 c:/energia-1.6.10e18/hardware/tools/msp430/bin/../lib/gcc/msp430/4.6.3/../../../../msp430/lib\libc.a(strrchr.o)
 .debug_frame   0x00001d2c       0x38 c:/energia-1.6.10e18/hardware/tools/msp430/bin/../lib/gcc/msp430/4.6.3/../../../../msp430/lib\libc.a(strstr.o)
 .debug_frame   0x00001d64       0x1e c:/energia-1.6.10e18/hardware/tools/msp430/bin/../lib/gcc/msp430/4.6.3/../../../../msp430/lib\libc.a(atol.o)
 .debug_frame   0x00001d82       0x52 c:/energia-1.6.10e18/hardware/tools/msp430/bin/../lib/gcc/msp430/4.6.3/../../../../msp430/lib\libc.a(malloc.o)
 .debug_frame   0x00001dd4       0x4a c:/energia-1.6.10e18/hardware/tools/msp430/bin/../lib/gcc/msp430/4.6.3/../../../../msp430/lib\libc.a(strtol.o)
 .debug_frame   0x00001e1e       0x68 c:/energia-1.6.10e18/hardware/tools/msp430/bin/../lib/gcc/msp430/4.6.3/../../../../msp430/lib\libc.a(sprintf.o)
 .debug_frame   0x00001e86       0xb0 c:/energia-1.6.10e18/hardware/tools/msp430/bin/../lib/gcc/msp430/4.6.3/../../../../msp430/lib\libc.a(vuprintf.o)

.debug_str      0x00000000     0x2fe1
 *(.debug_str)
 .debug_str     0x00000000      0x45c ./IRrecvDump.o
                                0x4d8 (size before relaxing)
 .debug_str     0x0000045c      0x320 C:/Users/Jimmy/Google Drive/School/Courses/Lab2/msp430_MSP-EXP430G2553LP_IRremote/Debug\libmsp430_MSP-EXP430G2553LP_IRremote.a(IRremote.o)
                                0x742 (size before relaxing)
 .debug_str     0x0000077c      0x1f1 C:/Users/Jimmy/Google Drive/School/Courses/Lab2/msp430_MSP-EXP430G2553LP_core/Debug\libmsp430_MSP-EXP430G2553LP_core.a(wiring.o)
                                0x3c6 (size before relaxing)
 .debug_str     0x0000096d      0x464 C:/Users/Jimmy/Google Drive/School/Courses/Lab2/msp430_MSP-EXP430G2553LP_core/Debug\libmsp430_MSP-EXP430G2553LP_core.a(wiring_digital.o)
                                0x687 (size before relaxing)
 .debug_str     0x00000dd1      0xdfc C:/Users/Jimmy/Google Drive/School/Courses/Lab2/msp430_MSP-EXP430G2553LP_core/Debug\libmsp430_MSP-EXP430G2553LP_core.a(HardwareSerial.o)
                               0x10bb (size before relaxing)
 .debug_str     0x00001bcd       0x48 C:/Users/Jimmy/Google Drive/School/Courses/Lab2/msp430_MSP-EXP430G2553LP_core/Debug\libmsp430_MSP-EXP430G2553LP_core.a(main.o)
                                0x239 (size before relaxing)
 .debug_str     0x00001c15      0x3d3 C:/Users/Jimmy/Google Drive/School/Courses/Lab2/msp430_MSP-EXP430G2553LP_core/Debug\libmsp430_MSP-EXP430G2553LP_core.a(Print.o)
                                0xea8 (size before relaxing)
 .debug_str     0x00001fe8      0x243 C:/Users/Jimmy/Google Drive/School/Courses/Lab2/msp430_MSP-EXP430G2553LP_core/Debug\libmsp430_MSP-EXP430G2553LP_core.a(WString.o)
                                0xc40 (size before relaxing)
 .debug_str     0x0000222b       0x5d C:/Users/Jimmy/Google Drive/School/Courses/Lab2/msp430_MSP-EXP430G2553LP_core/Debug\libmsp430_MSP-EXP430G2553LP_core.a(atof.o)
                                 0xc0 (size before relaxing)
 .debug_str     0x00002288       0x69 C:/Users/Jimmy/Google Drive/School/Courses/Lab2/msp430_MSP-EXP430G2553LP_core/Debug\libmsp430_MSP-EXP430G2553LP_core.a(dtostrf.o)
                                0x1ad (size before relaxing)
 .debug_str     0x000022f1       0x57 C:/Users/Jimmy/Google Drive/School/Courses/Lab2/msp430_MSP-EXP430G2553LP_core/Debug\libmsp430_MSP-EXP430G2553LP_core.a(itoa.o)
                                0x12c (size before relaxing)
 .debug_str     0x00002348       0xb0 C:/Users/Jimmy/Google Drive/School/Courses/Lab2/msp430_MSP-EXP430G2553LP_core/Debug\libmsp430_MSP-EXP430G2553LP_core.a(usci_isr_handler.o)
                                0x274 (size before relaxing)
 .debug_str     0x000023f8       0xa4 C:/Users/Jimmy/Google Drive/School/Courses/Lab2/msp430_MSP-EXP430G2553LP_core/Debug\libmsp430_MSP-EXP430G2553LP_core.a(new.o)
                                0x18d (size before relaxing)
 .debug_str     0x0000249c      0x255 C:/Users/Jimmy/Google Drive/School/Courses/Lab2/msp430_MSP-EXP430G2553LP_core/Debug\libmsp430_MSP-EXP430G2553LP_core.a(twi.o)
                                0x494 (size before relaxing)
 .debug_str     0x000026f1       0xd8 C:/Users/Jimmy/Google Drive/School/Courses/Lab2/msp430_MSP-EXP430G2553LP_core/Debug\libmsp430_MSP-EXP430G2553LP_core.a(twi_sw.o)
                                0x28c (size before relaxing)
 .debug_str     0x000027c9       0xcc c:/energia-1.6.10e18/hardware/tools/msp430/bin/../lib/gcc/msp430/4.6.3/../../../../msp430/lib\libm.a(ef_pow.o)
                                0x197 (size before relaxing)
 .debug_str     0x00002895       0x2f c:/energia-1.6.10e18/hardware/tools/msp430/bin/../lib/gcc/msp430/4.6.3/../../../../msp430/lib\libm.a(sf_scalbn.o)
                                0x15a (size before relaxing)
 .debug_str     0x000028c4       0x26 c:/energia-1.6.10e18/hardware/tools/msp430/bin/../lib/gcc/msp430/4.6.3/../../../../msp430/lib\libm.a(ef_sqrt.o)
                                0x152 (size before relaxing)
 .debug_str     0x000028ea       0x86 c:/energia-1.6.10e18/hardware/tools/msp430/bin/../lib/gcc/msp430/4.6.3\libgcc.a(_fixunssfsi.o)
                                0x13e (size before relaxing)
 .debug_str     0x00002970      0x138 c:/energia-1.6.10e18/hardware/tools/msp430/bin/../lib/gcc/msp430/4.6.3\libgcc.a(_addsub_sf.o)
                                0x238 (size before relaxing)
 .debug_str     0x00002aa8       0x27 c:/energia-1.6.10e18/hardware/tools/msp430/bin/../lib/gcc/msp430/4.6.3\libgcc.a(_mul_sf.o)
                                0x1f1 (size before relaxing)
 .debug_str     0x00002acf       0x35 c:/energia-1.6.10e18/hardware/tools/msp430/bin/../lib/gcc/msp430/4.6.3\libgcc.a(_div_sf.o)
                                0x1fa (size before relaxing)
 .debug_str     0x00002b04        0x8 c:/energia-1.6.10e18/hardware/tools/msp430/bin/../lib/gcc/msp430/4.6.3\libgcc.a(_gt_sf.o)
                                0x1bf (size before relaxing)
 .debug_str     0x00002b0c        0x8 c:/energia-1.6.10e18/hardware/tools/msp430/bin/../lib/gcc/msp430/4.6.3\libgcc.a(_ge_sf.o)
                                0x1bf (size before relaxing)
 .debug_str     0x00002b14        0x8 c:/energia-1.6.10e18/hardware/tools/msp430/bin/../lib/gcc/msp430/4.6.3\libgcc.a(_lt_sf.o)
                                0x1bf (size before relaxing)
 .debug_str     0x00002b1c        0x8 c:/energia-1.6.10e18/hardware/tools/msp430/bin/../lib/gcc/msp430/4.6.3\libgcc.a(_le_sf.o)
                                0x1bf (size before relaxing)
 .debug_str     0x00002b24       0x27 c:/energia-1.6.10e18/hardware/tools/msp430/bin/../lib/gcc/msp430/4.6.3\libgcc.a(_si_to_sf.o)
                                0x1ae (size before relaxing)
 .debug_str     0x00002b4b        0xa c:/energia-1.6.10e18/hardware/tools/msp430/bin/../lib/gcc/msp430/4.6.3\libgcc.a(_sf_to_si.o)
                                0x1c8 (size before relaxing)
 .debug_str     0x00000000      0x16a c:/energia-1.6.10e18/hardware/tools/msp430/bin/../lib/gcc/msp430/4.6.3\libgcc.a(_thenan_sf.o)
 .debug_str     0x00002b55        0xe c:/energia-1.6.10e18/hardware/tools/msp430/bin/../lib/gcc/msp430/4.6.3\libgcc.a(_usi_to_sf.o)
                                0x1aa (size before relaxing)
 .debug_str     0x00002b63       0x17 c:/energia-1.6.10e18/hardware/tools/msp430/bin/../lib/gcc/msp430/4.6.3\libgcc.a(_clzsi2.o)
                                0x14a (size before relaxing)